[START] 2026-02-22T18:36:52.723756
COMMAND: /usr/bin/python NAS_PINNs_burgers_bayesian.py --multi-nu --nu-list 0.01,0.04,0.07

|   iter    |  target   | n_layers  |    n1     |    n2     |    n3     |    n4     |    a1     |    a2     |    a3     |    a4     |    lr     |
-------------------------------------------------------------------------------------------------------------------------------------------------
BO eval 01 | widths=[184, 149, 128] acts=['tanh', 'tanh', 'sin'] lr=1.56e-03 | relL2=3.0835e-01
| [39m1        [39m | [39m-0.308349[39m | [39m3.3745401[39m | [39m184.11428[39m | [39m149.11903[39m | [39m127.78535[39m | [39m56.962982[39m | [39m0.1559945[39m | [39m0.0580836[39m | [39m0.8661761[39m | [39m0.6011150[39m | [39m0.0015621[39m |
BO eval 02 | widths=[187, 165, 66] acts=['tanh', 'tanh', 'sin'] lr=9.37e-04 | relL2=3.3998e-01
| [39m2        [39m | [39m-0.339978[39m | [39m3.0205844[39m | [39m187.18557[39m | [39m165.19082[39m | [39m65.974257[39m | [39m61.091994[39m | [39m0.1834045[39m | [39m0.3042422[39m | [39m0.5247564[39m | [39m0.4319450[39m | [39m0.0009368[39m |
BO eval 03 | widths=[183, 156, 134, 51] acts=['sin', 'sin', 'tanh', 'tanh'] lr=1.54e-03 | relL2=1.4072e-01
| [35m3        [39m | [35m-0.140715[39m | [35m3.9614923[39m | [35m183.49878[39m | [35m156.30628[39m | [35m134.17384[39m | [35m51.098049[39m | [35m0.8344659[39m | [35m0.7680948[39m | [35m0.4174409[39m | [35m0.2656772[39m | [35m0.0015426[39m |
BO eval 04 | widths=[39, 137, 68, 137] acts=['sin', 'sin', 'tanh', 'sin'] lr=1.15e-03 | relL2=3.9731e-01
| [39m4        [39m | [39m-0.397310[39m | [39m3.6764765[39m | [39m38.734159[39m | [39m136.96104[39m | [39m68.334813[39m | [39m137.47051[39m | [39m0.8797493[39m | [39m0.9542661[39m | [39m0.3687843[39m | [39m0.6574882[39m | [39m0.0011509[39m |
BO eval 05 | widths=[178, 160, 134, 53] acts=['tanh', 'sin', 'tanh', 'sin'] lr=1.42e-03 | relL2=3.0459e-01
| [39m5        [39m | [39m-0.304589[39m | [39m3.8751524[39m | [39m178.35503[39m | [39m160.30829[39m | [39m134.30637[39m | [39m53.188648[39m | [39m0.3066266[39m | [39m0.8927642[39m | [39m0.3863428[39m | [39m0.5571069[39m | [39m0.0014239[39m |
BO eval 06 | widths=[76, 42, 117, 153] acts=['tanh', 'tanh', 'sin', 'tanh'] lr=8.71e-04 | relL2=4.4656e-01
| [39m6        [39m | [39m-0.446558[39m | [39m3.5589802[39m | [39m76.025930[39m | [39m41.675999[39m | [39m117.09022[39m | [39m152.59849[39m | [39m0.2500910[39m | [39m0.3222127[39m | [39m0.5670430[39m | [39m0.4165768[39m | [39m0.0008708[39m |
BO eval 07 | widths=[185, 155, 132, 50] acts=['sin', 'sin', 'sin', 'tanh'] lr=1.29e-03 | relL2=2.2507e-01
| [39m7        [39m | [39m-0.225067[39m | [39m3.8666099[39m | [39m184.68045[39m | [39m154.92089[39m | [39m131.67463[39m | [39m50.366703[39m | [39m0.6948990[39m | [39m0.6300221[39m | [39m0.5369375[39m | [39m0.3114816[39m | [39m0.0012909[39m |
BO eval 08 | widths=[185, 156, 137, 51] acts=['sin', 'sin', 'tanh', 'tanh'] lr=1.88e-03 | relL2=2.4517e-01
| [39m8        [39m | [39m-0.245173[39m | [39m4.0      [39m | [39m185.15603[39m | [39m155.62705[39m | [39m137.09257[39m | [39m50.641343[39m | [39m1.0      [39m | [39m0.8710676[39m | [39m0.2876273[39m | [39m0.0233837[39m | [39m0.0018819[39m |
BO eval 09 | widths=[185, 158, 134, 53] acts=['sin', 'tanh', 'sin', 'sin'] lr=5.19e-04 | relL2=3.7975e-01
| [39m9        [39m | [39m-0.379749[39m | [39m4.0      [39m | [39m184.51673[39m | [39m157.94796[39m | [39m133.59535[39m | [39m53.064803[39m | [39m1.0      [39m | [39m0.0504308[39m | [39m1.0      [39m | [39m1.0      [39m | [39m0.0005189[39m |
BO eval 10 | widths=[187, 146, 130] acts=['tanh', 'tanh', 'tanh'] lr=6.41e-04 | relL2=3.5636e-01
| [39m10       [39m | [39m-0.356357[39m | [39m3.3406428[39m | [39m186.57300[39m | [39m146.40416[39m | [39m130.49422[39m | [39m64.108614[39m | [39m0.4958492[39m | [39m0.1222691[39m | [39m0.3754508[39m | [39m0.3867057[39m | [39m0.0006414[39m |
=================================================================================================================================================

Best architecture from BO
hidden widths: [183, 156, 134, 51]
hidden acts  : ['sin', 'sin', 'tanh', 'tanh']
lr           : 1.5427e-03
BO rel L2    : 1.4072e-01
Saved checkpoint: results/burgers/bayesian/nu_0.010/bayes_checkpoint_last.pth
Saved plot: results/burgers/bayesian/nu_0.010/burgers_heatmap.png
Saved plot: results/burgers/bayesian/nu_0.010/burgers_time_slices.png
Saved plot: results/burgers/bayesian/nu_0.010/burgers_exact_vs_pred_time_slices.png
Final relative L2 error: 8.3518e-04
Saved plot: results/burgers/bayesian/nu_0.010/bayes_burgers_full_exact_vs_pred.png
Run time: 244.30 s
|   iter    |  target   | n_layers  |    n1     |    n2     |    n3     |    n4     |    a1     |    a2     |    a3     |    a4     |    lr     |
-------------------------------------------------------------------------------------------------------------------------------------------------
BO eval 01 | widths=[129, 53, 70] acts=['sin', 'sin', 'sin'] lr=1.60e-03 | relL2=3.2964e-01
| [39m1        [39m | [39m-0.329644[39m | [39m3.1150545[39m | [39m129.45064[39m | [39m53.342554[39m | [39m70.494339[39m | [39m84.342248[39m | [39m0.8591374[39m | [39m0.6660902[39m | [39m0.5411622[39m | [39m0.0290138[39m | [39m0.0016006[39m |
BO eval 02 | widths=[160, 73, 41] acts=['tanh', 'tanh', 'tanh'] lr=1.76e-03 | relL2=4.2612e-02
| [35m2        [39m | [35m-0.042611[39m | [35m3.3949500[39m | [35m160.32753[39m | [35m72.707380[39m | [35m41.101589[39m | [35m170.66378[39m | [35m0.2210289[39m | [35m0.4049894[39m | [35m0.3160964[39m | [35m0.0766626[39m | [35m0.0017648[39m |
BO eval 03 | widths=[163, 71, 45, 165] acts=['sin', 'sin', 'tanh', 'sin'] lr=7.94e-04 | relL2=4.0441e-02
| [35m3        [39m | [35m-0.040441[39m | [35m3.5091274[39m | [35m162.61315[39m | [35m70.828091[39m | [35m44.778042[39m | [35m165.02766[39m | [35m0.8144486[39m | [35m0.8327209[39m | [35m0.4387481[39m | [35m0.9428533[39m | [35m0.0007941[39m |
BO eval 04 | widths=[192, 113, 95, 192] acts=['sin', 'sin', 'sin', 'sin'] lr=5.00e-04 | relL2=3.2821e-01
| [39m4        [39m | [39m-0.328214[39m | [39m4.0      [39m | [39m192.0    [39m | [39m113.15338[39m | [39m95.272119[39m | [39m192.0    [39m | [39m1.0      [39m | [39m1.0      [39m | [39m1.0      [39m | [39m1.0      [39m | [39m0.0005   [39m |
BO eval 05 | widths=[185, 32, 32, 179] acts=['sin', 'sin', 'sin', 'sin'] lr=5.00e-04 | relL2=2.9917e-01
| [39m5        [39m | [39m-0.299166[39m | [39m4.0      [39m | [39m185.45250[39m | [39m32.0     [39m | [39m32.0     [39m | [39m178.88767[39m | [39m1.0      [39m | [39m1.0      [39m | [39m0.9883078[39m | [39m1.0      [39m | [39m0.0005   [39m |
BO eval 06 | widths=[150, 93, 33, 150] acts=['sin', 'sin', 'tanh', 'sin'] lr=5.00e-04 | relL2=6.0156e-02
| [39m6        [39m | [39m-0.060156[39m | [39m3.8497219[39m | [39m149.97283[39m | [39m93.484054[39m | [39m32.730383[39m | [39m149.99776[39m | [39m1.0      [39m | [39m1.0      [39m | [39m0.3891235[39m | [39m1.0      [39m | [39m0.0005   [39m |
BO eval 07 | widths=[160, 79, 36, 169] acts=['tanh', 'sin', 'sin', 'tanh'] lr=7.01e-04 | relL2=3.5119e-01
| [39m7        [39m | [39m-0.351185[39m | [39m3.7320793[39m | [39m160.11847[39m | [39m79.404503[39m | [39m35.994024[39m | [39m169.34990[39m | [39m0.3112018[39m | [39m0.7807632[39m | [39m0.8754773[39m | [39m0.3773300[39m | [39m0.0007013[39m |
BO eval 08 | widths=[161, 69, 45] acts=['tanh', 'tanh', 'tanh'] lr=1.99e-03 | relL2=5.2340e-02
| [39m8        [39m | [39m-0.052340[39m | [39m3.2674086[39m | [39m161.05925[39m | [39m69.015675[39m | [39m44.539596[39m | [39m169.72401[39m | [39m0.3437243[39m | [39m0.3456662[39m | [39m0.0858550[39m | [39m0.1751148[39m | [39m0.0019905[39m |
BO eval 09 | widths=[155, 72, 45, 166] acts=['tanh', 'sin', 'sin', 'tanh'] lr=1.81e-03 | relL2=3.3103e-01
| [39m9        [39m | [39m-0.331034[39m | [39m3.6030885[39m | [39m154.98131[39m | [39m71.893444[39m | [39m45.465398[39m | [39m166.27709[39m | [39m0.1819657[39m | [39m0.5073221[39m | [39m0.7018021[39m | [39m0.1477689[39m | [39m0.0018089[39m |
BO eval 10 | widths=[165, 71, 42] acts=['sin', 'sin', 'tanh'] lr=1.13e-03 | relL2=2.0248e-02
| [35m10       [39m | [35m-0.020247[39m | [35m3.3510474[39m | [35m164.50306[39m | [35m71.153408[39m | [35m42.160864[39m | [35m168.74662[39m | [35m0.6606701[39m | [35m0.6346877[39m | [35m0.1759987[39m | [35m0.6444648[39m | [35m0.0011344[39m |
=================================================================================================================================================

Best architecture from BO
hidden widths: [165, 71, 42]
hidden acts  : ['sin', 'sin', 'tanh']
lr           : 1.1345e-03
BO rel L2    : 2.0248e-02
Saved checkpoint: results/burgers/bayesian/nu_0.040/bayes_checkpoint_last.pth
Saved plot: results/burgers/bayesian/nu_0.040/burgers_heatmap.png
Exact/time-slice comparison is only generated for --nu=0.01. Saving heatmap + rel L2 for this run.
Final relative L2 error: 3.8479e-04
Run time: 203.94 s
|   iter    |  target   | n_layers  |    n1     |    n2     |    n3     |    n4     |    a1     |    a2     |    a3     |    a4     |    lr     |
-------------------------------------------------------------------------------------------------------------------------------------------------
BO eval 01 | widths=[49, 151, 90, 89] acts=['sin', 'tanh', 'tanh', 'sin'] lr=1.57e-03 | relL2=1.6469e-01
| [39m1        [39m | [39m-0.164687[39m | [39m3.8348421[39m | [39m48.767376[39m | [39m151.14247[39m | [39m89.680133[39m | [39m89.489734[39m | [39m0.6092383[39m | [39m0.3937795[39m | [39m0.4090726[39m | [39m0.5099024[39m | [39m0.0015652[39m |
BO eval 02 | widths=[105, 100, 50, 67] acts=['sin', 'sin', 'sin', 'sin'] lr=8.21e-04 | relL2=2.3616e-01
| [39m2        [39m | [39m-0.236157[39m | [39m3.9605262[39m | [39m105.05937[39m | [39m100.42424[39m | [39m50.154192[39m | [39m66.863819[39m | [39m0.9574720[39m | [39m0.9433507[39m | [39m0.8818242[39m | [39m0.6464105[39m | [39m0.0008207[39m |
BO eval 03 | widths=[48, 153, 90, 84] acts=['tanh', 'tanh', 'sin', 'sin'] lr=1.89e-03 | relL2=2.3110e-01
| [39m3        [39m | [39m-0.231102[39m | [39m3.6914245[39m | [39m47.798786[39m | [39m153.30069[39m | [39m89.947396[39m | [39m83.615847[39m | [39m0.4528633[39m | [39m0.4124789[39m | [39m0.6990572[39m | [39m0.5029735[39m | [39m0.0018855[39m |
BO eval 04 | widths=[74, 51, 173] acts=['sin', 'sin', 'sin'] lr=1.23e-03 | relL2=2.5938e-01
| [39m4        [39m | [39m-0.259376[39m | [39m3.1167487[39m | [39m74.111220[39m | [39m50.648685[39m | [39m172.90106[39m | [39m169.21280[39m | [39m0.6349682[39m | [39m0.7746607[39m | [39m0.7183018[39m | [39m0.3080592[39m | [39m0.0012275[39m |
BO eval 05 | widths=[150, 166, 83, 147] acts=['tanh', 'tanh', 'tanh', 'tanh'] lr=1.38e-03 | relL2=3.0016e-02
| [35m5        [39m | [35m-0.030015[39m | [35m3.8126232[39m | [35m150.46166[39m | [35m165.72001[39m | [35m83.280850[39m | [35m146.99358[39m | [35m0.0135222[39m | [35m0.2934278[39m | [35m0.1095888[39m | [35m0.1866297[39m | [35m0.0013760[39m |
BO eval 06 | widths=[144, 172, 91] acts=['tanh', 'tanh', 'sin'] lr=1.23e-03 | relL2=1.0360e-01
| [39m6        [39m | [39m-0.103596[39m | [39m3.1435229[39m | [39m144.35525[39m | [39m172.08269[39m | [39m91.074229[39m | [39m88.575632[39m | [39m0.0128465[39m | [39m0.2286118[39m | [39m0.7787559[39m | [39m0.5981489[39m | [39m0.0012334[39m |
BO eval 07 | widths=[185, 95, 72] acts=['tanh', 'tanh', 'tanh'] lr=1.30e-03 | relL2=2.2210e-02
| [35m7        [39m | [35m-0.022209[39m | [35m3.2036491[39m | [35m185.46357[39m | [35m95.471942[39m | [35m72.367320[39m | [35m133.66278[39m | [35m0.2224690[39m | [35m0.4143057[39m | [35m0.3500442[39m | [35m0.8532901[39m | [35m0.0012972[39m |
BO eval 08 | widths=[150, 165, 82, 147] acts=['tanh', 'tanh', 'tanh', 'tanh'] lr=1.28e-03 | relL2=2.5270e-02
| [39m8        [39m | [39m-0.025270[39m | [39m3.6997273[39m | [39m149.95571[39m | [39m165.29084[39m | [39m82.409153[39m | [39m146.82012[39m | [39m0.0162930[39m | [39m0.3919757[39m | [39m0.1762713[39m | [39m0.3412993[39m | [39m0.0012777[39m |
BO eval 09 | widths=[146, 164, 79] acts=['tanh', 'sin', 'sin'] lr=2.00e-03 | relL2=1.1579e-01
| [39m9        [39m | [39m-0.115786[39m | [39m3.0      [39m | [39m145.54862[39m | [39m163.71713[39m | [39m79.396283[39m | [39m129.46038[39m | [39m0.0      [39m | [39m1.0      [39m | [39m0.8087868[39m | [39m1.0      [39m | [39m0.002    [39m |
BO eval 10 | widths=[148, 161, 74] acts=['tanh', 'sin', 'tanh'] lr=5.00e-04 | relL2=4.7694e-02
| [39m10       [39m | [39m-0.047693[39m | [39m3.0      [39m | [39m148.19321[39m | [39m161.15644[39m | [39m74.422100[39m | [39m160.27077[39m | [39m0.0597912[39m | [39m1.0      [39m | [39m0.4077738[39m | [39m1.0      [39m | [39m0.0005   [39m |
=================================================================================================================================================

Best architecture from BO
hidden widths: [185, 95, 72]
hidden acts  : ['tanh', 'tanh', 'tanh']
lr           : 1.2973e-03
BO rel L2    : 2.2210e-02
Saved checkpoint: results/burgers/bayesian/nu_0.070/bayes_checkpoint_last.pth
Saved plot: results/burgers/bayesian/nu_0.070/burgers_heatmap.png
Exact/time-slice comparison is only generated for --nu=0.01. Saving heatmap + rel L2 for this run.
Final relative L2 error: 2.0271e-04
Run time: 202.42 s
Saved summary: results/burgers/bayesian/viscosity_comparison.csv
Saved plot: results/burgers/bayesian/viscosity_comparison.png
