[START] 2026-02-22T17:18:12.172108
COMMAND: /usr/bin/python NAS_PINNs_poisson_bayesian.py

|   iter    |  target   | n_layers  |    n1     |    n2     |    n3     |    n4     |    a1     |    a2     |    a3     |    a4     |    lr     |
-------------------------------------------------------------------------------------------------------------------------------------------------
BO eval 01 | widths=[245, 196, 166] acts=['tanh', 'tanh', 'sin'] lr=1.56e-03 | relL2=4.6539e-03
| [39m1        [39m | [39m-0.004653[39m | [39m2.7490802[39m | [39m244.96000[39m | [39m195.96664[39m | [39m166.09950[39m | [39m66.948175[39m | [39m0.1559945[39m | [39m0.0580836[39m | [39m0.8661761[39m | [39m0.6011150[39m | [39m0.0015621[39m |
BO eval 02 | widths=[249, 218] acts=['tanh', 'tanh'] lr=9.37e-04 | relL2=7.9013e-03
| [39m2        [39m | [39m-0.007901[39m | [39m2.0411689[39m | [39m249.25980[39m | [39m218.46715[39m | [39m79.563960[39m | [39m72.728792[39m | [39m0.1834045[39m | [39m0.3042422[39m | [39m0.5247564[39m | [39m0.4319450[39m | [39m0.0009368[39m |
BO eval 03 | widths=[244, 206, 175, 59] acts=['sin', 'sin', 'tanh', 'tanh'] lr=1.54e-03 | relL2=2.1374e-03
| [35m3        [39m | [35m-0.002137[39m | [35m3.9229846[39m | [35m244.09829[39m | [35m206.02880[39m | [35m175.04338[39m | [35m58.737269[39m | [35m0.8344659[39m | [35m0.7680948[39m | [35m0.4174409[39m | [35m0.2656772[39m | [35m0.0015426[39m |
BO eval 04 | widths=[239, 192, 170] acts=['tanh', 'tanh', 'tanh'] lr=7.86e-04 | relL2=5.5054e-03
| [39m4        [39m | [39m-0.005505[39m | [39m3.1342210[39m | [39m238.71967[39m | [39m191.70971[39m | [39m170.14994[39m | [39m54.238434[39m | [39m0.4902214[39m | [39m0.2138223[39m | [39m0.0141961[39m | [39m0.6799607[39m | [39m0.0007864[39m |
BO eval 05 | widths=[241, 208, 175, 60] acts=['sin', 'sin', 'tanh', 'tanh'] lr=1.50e-03 | relL2=1.1858e-02
| [39m5        [39m | [39m-0.011858[39m | [39m3.8499050[39m | [39m241.06161[39m | [39m208.39189[39m | [39m175.11962[39m | [39m59.975629[39m | [39m0.6116301[39m | [39m0.8205618[39m | [39m0.4045529[39m | [39m0.3886615[39m | [39m0.0014975[39m |
BO eval 06 | widths=[94, 46, 151] acts=['tanh', 'tanh', 'sin'] lr=8.71e-04 | relL2=2.0202e-03
| [35m6        [39m | [35m-0.002020[39m | [35m3.1179604[39m | [35m93.636303[39m | [35m45.546399[39m | [35m151.12631[39m | [35m200.83788[39m | [35m0.2500910[39m | [35m0.3222127[39m | [35m0.5670430[39m | [35m0.4165768[39m | [35m0.0008708[39m |
BO eval 07 | widths=[188, 101, 191] acts=['sin', 'tanh', 'sin'] lr=1.85e-03 | relL2=5.4084e-02
| [39m7        [39m | [39m-0.054084[39m | [39m3.4455902[39m | [39m187.87482[39m | [39m101.46821[39m | [39m191.25689[39m | [39m65.122584[39m | [39m0.8448653[39m | [39m0.4837527[39m | [39m0.6143838[39m | [39m0.2265684[39m | [39m0.0018456[39m |
BO eval 08 | widths=[256, 197, 178, 55] acts=['sin', 'sin', 'sin', 'tanh'] lr=1.88e-03 | relL2=1.2999e-03
| [35m8        [39m | [35m-0.001299[39m | [35m3.8820881[39m | [35m256.0    [39m | [35m197.10292[39m | [35m178.14376[39m | [35m54.725354[39m | [35m1.0      [39m | [35m0.5926114[39m | [35m0.6272800[39m | [35m0.1459973[39m | [35m0.0018843[39m |
BO eval 09 | widths=[163, 52, 141, 169] acts=['tanh', 'sin', 'sin', 'sin'] lr=1.32e-03 | relL2=1.5228e-03
| [39m9        [39m | [39m-0.001522[39m | [39m3.7134244[39m | [39m163.21788[39m | [39m52.391570[39m | [39m140.84167[39m | [39m168.89190[39m | [39m0.3374028[39m | [39m0.5962808[39m | [39m0.6624828[39m | [39m0.6760608[39m | [39m0.0013175[39m |
BO eval 10 | widths=[255, 206, 163, 50] acts=['sin', 'sin', 'tanh', 'tanh'] lr=5.00e-04 | relL2=2.9916e-03
| [39m10       [39m | [39m-0.002991[39m | [39m4.0      [39m | [39m254.58134[39m | [39m206.27620[39m | [39m163.39133[39m | [39m50.342165[39m | [39m1.0      [39m | [39m1.0      [39m | [39m0.4329969[39m | [39m0.0      [39m | [39m0.0005   [39m |
=================================================================================================================================================

Best architecture from BO
hidden widths: [256, 197, 178, 55]
hidden acts  : ['sin', 'sin', 'sin', 'tanh']
lr           : 1.8843e-03
BO rel L2    : 1.2999e-03
Saved checkpoint: results/poisson/bayesian/bayes_poisson_checkpoint_last.pth
Saved plot: results/poisson/bayesian/bayes_poisson_loss_curve.png
Saved plot: results/poisson/bayesian/bayes_poisson_results.png
Final relative L2 error: 5.0662e-05
Run time: 251.86 s
