[START] 2026-02-23T01:05:57.853329
COMMAND: /usr/bin/python3 NAS_PINNs_poisson_bayesian.py --multi-seed --seed-list 42,43,44

|   iter    |  target   | n_layers  |    n1     |    n2     |    n3     |    n4     |    a1     |    a2     |    a3     |    a4     |    lr     |
-------------------------------------------------------------------------------------------------------------------------------------------------
BO eval 01 | widths=[245, 196, 166] acts=['tanh', 'tanh', 'sin'] lr=1.56e-03 | relL2=4.6539e-03
| [39m1        [39m | [39m-0.004653[39m | [39m2.7490802[39m | [39m244.96000[39m | [39m195.96664[39m | [39m166.09950[39m | [39m66.948175[39m | [39m0.1559945[39m | [39m0.0580836[39m | [39m0.8661761[39m | [39m0.6011150[39m | [39m0.0015621[39m |
BO eval 02 | widths=[249, 218] acts=['tanh', 'tanh'] lr=9.37e-04 | relL2=7.9013e-03
| [39m2        [39m | [39m-0.007901[39m | [39m2.0411689[39m | [39m249.25980[39m | [39m218.46715[39m | [39m79.563960[39m | [39m72.728792[39m | [39m0.1834045[39m | [39m0.3042422[39m | [39m0.5247564[39m | [39m0.4319450[39m | [39m0.0009368[39m |
BO eval 03 | widths=[244, 206, 175, 59] acts=['sin', 'sin', 'tanh', 'tanh'] lr=1.54e-03 | relL2=2.1374e-03
| [35m3        [39m | [35m-0.002137[39m | [35m3.9229846[39m | [35m244.09829[39m | [35m206.02880[39m | [35m175.04338[39m | [35m58.737269[39m | [35m0.8344659[39m | [35m0.7680948[39m | [35m0.4174409[39m | [35m0.2656772[39m | [35m0.0015426[39m |
BO eval 04 | widths=[239, 192, 170] acts=['tanh', 'tanh', 'tanh'] lr=7.86e-04 | relL2=5.5054e-03
| [39m4        [39m | [39m-0.005505[39m | [39m3.1342210[39m | [39m238.71967[39m | [39m191.70971[39m | [39m170.14994[39m | [39m54.238434[39m | [39m0.4902214[39m | [39m0.2138223[39m | [39m0.0141961[39m | [39m0.6799607[39m | [39m0.0007864[39m |
BO eval 05 | widths=[241, 208, 175, 60] acts=['sin', 'sin', 'tanh', 'tanh'] lr=1.50e-03 | relL2=1.1858e-02
| [39m5        [39m | [39m-0.011858[39m | [39m3.8499050[39m | [39m241.06161[39m | [39m208.39189[39m | [39m175.11962[39m | [39m59.975629[39m | [39m0.6116301[39m | [39m0.8205618[39m | [39m0.4045529[39m | [39m0.3886615[39m | [39m0.0014975[39m |
BO eval 06 | widths=[94, 46, 151] acts=['tanh', 'tanh', 'sin'] lr=8.71e-04 | relL2=2.0202e-03
| [35m6        [39m | [35m-0.002020[39m | [35m3.1179604[39m | [35m93.636303[39m | [35m45.546399[39m | [35m151.12631[39m | [35m200.83788[39m | [35m0.2500910[39m | [35m0.3222127[39m | [35m0.5670430[39m | [35m0.4165768[39m | [35m0.0008708[39m |
BO eval 07 | widths=[188, 101, 191] acts=['sin', 'tanh', 'sin'] lr=1.85e-03 | relL2=5.4084e-02
| [39m7        [39m | [39m-0.054084[39m | [39m3.4455902[39m | [39m187.87482[39m | [39m101.46821[39m | [39m191.25689[39m | [39m65.122584[39m | [39m0.8448653[39m | [39m0.4837527[39m | [39m0.6143838[39m | [39m0.2265684[39m | [39m0.0018456[39m |
BO eval 08 | widths=[256, 197, 178, 55] acts=['sin', 'sin', 'sin', 'tanh'] lr=1.88e-03 | relL2=1.2999e-03
| [35m8        [39m | [35m-0.001299[39m | [35m3.8820881[39m | [35m256.0    [39m | [35m197.10292[39m | [35m178.14376[39m | [35m54.725354[39m | [35m1.0      [39m | [35m0.5926114[39m | [35m0.6272800[39m | [35m0.1459973[39m | [35m0.0018843[39m |
BO eval 09 | widths=[163, 52, 141, 169] acts=['tanh', 'sin', 'sin', 'sin'] lr=1.32e-03 | relL2=1.5228e-03
| [39m9        [39m | [39m-0.001522[39m | [39m3.7134244[39m | [39m163.21788[39m | [39m52.391570[39m | [39m140.84167[39m | [39m168.89190[39m | [39m0.3374028[39m | [39m0.5962808[39m | [39m0.6624828[39m | [39m0.6760608[39m | [39m0.0013175[39m |
BO eval 10 | widths=[255, 206, 163, 50] acts=['sin', 'sin', 'tanh', 'tanh'] lr=5.00e-04 | relL2=2.9916e-03
| [39m10       [39m | [39m-0.002991[39m | [39m4.0      [39m | [39m254.58134[39m | [39m206.27620[39m | [39m163.39133[39m | [39m50.342165[39m | [39m1.0      [39m | [39m1.0      [39m | [39m0.4329969[39m | [39m0.0      [39m | [39m0.0005   [39m |
=================================================================================================================================================

Best architecture from BO
hidden widths: [256, 197, 178, 55]
hidden acts  : ['sin', 'sin', 'sin', 'tanh']
lr           : 1.8843e-03
BO rel L2    : 1.2999e-03
Saved checkpoint: results/poisson/bayesian/seed_42/bayes_poisson_checkpoint_last.pth
Saved plot: results/poisson/bayesian/seed_42/bayes_poisson_loss_curve.png
Saved plot: results/poisson/bayesian/seed_42/bayes_poisson_results.png
Final relative L2 error: 5.0662e-05
Run time: 252.53 s
|   iter    |  target   | n_layers  |    n1     |    n2     |    n3     |    n4     |    a1     |    a2     |    a3     |    a4     |    lr     |
-------------------------------------------------------------------------------------------------------------------------------------------------
BO eval 01 | widths=[168, 62] acts=['sin', 'sin'] lr=1.60e-03 | relL2=2.7254e-03
| [39m1        [39m | [39m-0.002725[39m | [39m2.2301091[39m | [39m168.43090[39m | [39m61.879575[39m | [39m85.892074[39m | [39m105.27914[39m | [39m0.8591374[39m | [39m0.6660902[39m | [39m0.5411622[39m | [39m0.0290138[39m | [39m0.0016006[39m |
BO eval 02 | widths=[212, 89, 45] acts=['tanh', 'tanh', 'tanh'] lr=1.76e-03 | relL2=3.4322e-03
| [39m2        [39m | [39m-0.003432[39m | [39m2.7899000[39m | [39m211.65855[39m | [39m88.990332[39m | [39m44.742225[39m | [39m226.12929[39m | [39m0.2210289[39m | [39m0.4049894[39m | [39m0.3160964[39m | [39m0.0766626[39m | [39m0.0017648[39m |
BO eval 03 | widths=[179, 72, 83, 104] acts=['tanh', 'sin', 'tanh', 'tanh'] lr=1.23e-03 | relL2=3.8382e-03
| [39m3        [39m | [39m-0.003838[39m | [39m3.9161363[39m | [39m179.31288[39m | [39m71.690967[39m | [39m83.364596[39m | [39m104.44987[39m | [39m0.0709033[39m | [39m0.8869907[39m | [39m0.2462564[39m | [39m0.3240243[39m | [39m0.0012289[39m |
BO eval 04 | widths=[180, 144, 135] acts=['sin', 'tanh', 'sin'] lr=1.23e-03 | relL2=2.2442e-03
| [35m4        [39m | [35m-0.002244[39m | [35m2.6992982[39m | [35m180.13057[39m | [35m144.12704[39m | [35m134.83019[39m | [35m228.38856[39m | [35m0.8847584[39m | [35m0.3492053[39m | [35m0.7483300[39m | [35m0.3736692[39m | [35m0.0012315[39m |
BO eval 05 | widths=[132, 133] acts=['tanh', 'sin'] lr=1.84e-03 | relL2=3.4941e-03
| [39m5        [39m | [39m-0.003494[39m | [39m2.0509316[39m | [39m132.00411[39m | [39m133.22904[39m | [39m209.13108[39m | [39m103.36049[39m | [39m0.4235841[39m | [39m0.5521872[39m | [39m0.7988057[39m | [39m0.4641524[39m | [39m0.0018439[39m |
BO eval 06 | widths=[235, 213, 84] acts=['sin', 'sin', 'tanh'] lr=1.11e-03 | relL2=5.7459e-03
| [39m6        [39m | [39m-0.005745[39m | [39m2.6923017[39m | [39m235.17013[39m | [39m213.13773[39m | [39m83.694305[39m | [39m216.06515[39m | [39m0.5998562[39m | [39m0.9268787[39m | [39m0.1965437[39m | [39m0.8110739[39m | [39m0.0011053[39m |
BO eval 07 | widths=[141, 252, 176] acts=['sin', 'sin', 'sin'] lr=1.26e-03 | relL2=1.4428e-02
| [39m7        [39m | [39m-0.014427[39m | [39m3.4001928[39m | [39m140.91987[39m | [39m251.95002[39m | [39m176.37685[39m | [39m246.34811[39m | [39m0.7093150[39m | [39m0.6117638[39m | [39m0.9231685[39m | [39m0.1232849[39m | [39m0.0012571[39m |
BO eval 08 | widths=[209, 89, 45, 218] acts=['tanh', 'tanh', 'sin', 'tanh'] lr=2.00e-03 | relL2=4.6761e-03
| [39m8        [39m | [39m-0.004676[39m | [39m3.8543888[39m | [39m208.99025[39m | [39m88.840093[39m | [39m44.802152[39m | [39m217.52745[39m | [39m0.0579913[39m | [39m0.2185962[39m | [39m0.7474386[39m | [39m0.2122314[39m | [39m0.0019952[39m |
BO eval 09 | widths=[214, 112, 89] acts=['sin', 'sin', 'tanh'] lr=1.12e-03 | relL2=1.0312e-03
| [35m9        [39m | [35m-0.001031[39m | [35m2.5594905[39m | [35m214.10790[39m | [35m112.27067[39m | [35m88.535602[39m | [35m253.18875[39m | [35m0.5601078[39m | [35m0.9911180[39m | [35m0.3504167[39m | [35m0.4397433[39m | [35m0.0011234[39m |
BO eval 10 | widths=[255, 67, 83] acts=['tanh', 'tanh', 'tanh'] lr=1.37e-03 | relL2=3.3586e-03
| [39m10       [39m | [39m-0.003358[39m | [39m3.2653927[39m | [39m255.16249[39m | [39m66.581360[39m | [39m82.857331[39m | [39m253.23955[39m | [39m0.2563723[39m | [39m0.2703890[39m | [39m0.3999091[39m | [39m0.2544492[39m | [39m0.0013663[39m |
=================================================================================================================================================

Best architecture from BO
hidden widths: [214, 112, 89]
hidden acts  : ['sin', 'sin', 'tanh']
lr           : 1.1234e-03
BO rel L2    : 1.0312e-03
Saved checkpoint: results/poisson/bayesian/seed_43/bayes_poisson_checkpoint_last.pth
Saved plot: results/poisson/bayesian/seed_43/bayes_poisson_loss_curve.png
Saved plot: results/poisson/bayesian/seed_43/bayes_poisson_results.png
Final relative L2 error: 3.6143e-05
Run time: 169.39 s
|   iter    |  target   | n_layers  |    n1     |    n2     |    n3     |    n4     |    a1     |    a2     |    a3     |    a4     |    lr     |
-------------------------------------------------------------------------------------------------------------------------------------------------
BO eval 01 | widths=[55, 199, 113, 112] acts=['sin', 'tanh', 'tanh', 'sin'] lr=1.57e-03 | relL2=2.7812e-03
| [39m1        [39m | [39m-0.002781[39m | [39m3.6696842[39m | [39m55.474327[39m | [39m198.79946[39m | [39m112.75218[39m | [39m112.48562[39m | [39m0.6092383[39m | [39m0.3937795[39m | [39m0.4090726[39m | [39m0.5099024[39m | [39m0.0015652[39m |
BO eval 02 | widths=[134, 128, 57, 81] acts=['sin', 'sin', 'sin', 'sin'] lr=8.21e-04 | relL2=2.9686e-03
| [39m2        [39m | [39m-0.002968[39m | [39m3.9210524[39m | [39m134.28312[39m | [39m127.79394[39m | [39m57.415869[39m | [39m80.809346[39m | [39m0.9574720[39m | [39m0.9433507[39m | [39m0.8818242[39m | [39m0.6464105[39m | [39m0.0008207[39m |
BO eval 03 | widths=[54, 202, 113] acts=['tanh', 'tanh', 'sin'] lr=1.89e-03 | relL2=3.4205e-03
| [39m3        [39m | [39m-0.003420[39m | [39m3.3828491[39m | [39m54.118301[39m | [39m201.82097[39m | [39m113.12635[39m | [39m104.26218[39m | [39m0.4528633[39m | [39m0.4124789[39m | [39m0.6990572[39m | [39m0.5029735[39m | [39m0.0018855[39m |
BO eval 04 | widths=[91, 58] acts=['sin', 'sin'] lr=1.23e-03 | relL2=4.1070e-03
| [39m4        [39m | [39m-0.004107[39m | [39m2.2334975[39m | [39m90.955708[39m | [39m58.108159[39m | [39m229.26148[39m | [39m224.09793[39m | [39m0.6349682[39m | [39m0.7746607[39m | [39m0.7183018[39m | [39m0.3080592[39m | [39m0.0012275[39m |
BO eval 05 | widths=[198, 219, 104, 193] acts=['tanh', 'tanh', 'tanh', 'tanh'] lr=1.38e-03 | relL2=7.8843e-03
| [39m5        [39m | [39m-0.007884[39m | [39m3.6252465[39m | [39m197.84633[39m | [39m219.20802[39m | [39m103.79319[39m | [39m192.99101[39m | [39m0.0135222[39m | [39m0.2934278[39m | [39m0.1095888[39m | [39m0.1866297[39m | [39m0.0013760[39m |
BO eval 06 | widths=[60, 194, 105] acts=['tanh', 'tanh', 'sin'] lr=1.18e-03 | relL2=5.1638e-03
| [39m6        [39m | [39m-0.005163[39m | [39m2.9067844[39m | [39m59.751033[39m | [39m193.80395[39m | [39m105.08484[39m | [39m157.17019[39m | [39m0.2027188[39m | [39m0.2431448[39m | [39m0.9524414[39m | [39m0.0070746[39m | [39m0.0011807[39m |
BO eval 07 | widths=[54, 212, 117] acts=['tanh', 'tanh', 'sin'] lr=1.74e-03 | relL2=4.7329e-03
| [39m7        [39m | [39m-0.004732[39m | [39m2.8103291[39m | [39m54.043561[39m | [39m211.76383[39m | [39m117.37609[39m | [39m96.309780[39m | [39m0.1341970[39m | [39m0.1322552[39m | [39m0.8670495[39m | [39m0.4373426[39m | [39m0.0017404[39m |
BO eval 08 | widths=[52, 167, 113, 112] acts=['sin', 'sin', 'tanh', 'sin'] lr=5.92e-04 | relL2=1.2286e-02
| [39m8        [39m | [39m-0.012285[39m | [39m3.7694702[39m | [39m51.629344[39m | [39m166.53226[39m | [39m112.51784[39m | [39m112.11123[39m | [39m0.8786172[39m | [39m0.6883483[39m | [39m0.4185092[39m | [39m0.5997328[39m | [39m0.0005916[39m |
BO eval 09 | widths=[88, 51, 229] acts=['tanh', 'sin', 'sin'] lr=1.43e-03 | relL2=3.7804e-03
| [39m9        [39m | [39m-0.003780[39m | [39m2.9643922[39m | [39m88.447218[39m | [39m51.467237[39m | [39m228.64997[39m | [39m228.73118[39m | [39m0.1568214[39m | [39m0.6917678[39m | [39m0.6251699[39m | [39m0.9907218[39m | [39m0.0014309[39m |
BO eval 10 | widths=[53, 222, 113] acts=['tanh', 'sin', 'tanh'] lr=1.63e-03 | relL2=4.6244e-03
| [39m10       [39m | [39m-0.004624[39m | [39m3.3097472[39m | [39m53.266198[39m | [39m222.48472[39m | [39m113.03256[39m | [39m122.15899[39m | [39m0.3819475[39m | [39m0.6571256[39m | [39m0.3644066[39m | [39m0.0728188[39m | [39m0.0016251[39m |
=================================================================================================================================================

Best architecture from BO
hidden widths: [55, 199, 113, 112]
hidden acts  : ['sin', 'tanh', 'tanh', 'sin']
lr           : 1.5652e-03
BO rel L2    : 2.7812e-03
Saved checkpoint: results/poisson/bayesian/seed_44/bayes_poisson_checkpoint_last.pth
Saved plot: results/poisson/bayesian/seed_44/bayes_poisson_loss_curve.png
Saved plot: results/poisson/bayesian/seed_44/bayes_poisson_results.png
Final relative L2 error: 1.0075e-04
Run time: 186.78 s
Saved summary: results/poisson/bayesian/seed_comparison.csv
Traceback (most recent call last):
  File "/home/coder/NAS-PINNS1/NAS_PINNs_poisson_bayesian.py", line 9, in <module>
    main()
  File "/home/coder/NAS-PINNS1/optimizers/poisson/bayesian.py", line 282, in main
    plt.plot([s for s, _ in summary], [e for _, e in summary], marker="o", linewidth=2)
                    ^^^^
ValueError: too many values to unpack (expected 2)
