[START] 2026-02-22T16:29:06.866500
COMMAND: /usr/bin/python NAS_PINNs_poisson_nsga2.py

==========================================================
n_gen  |  n_eval  | n_nds  |      eps      |   indicator  
==========================================================
     1 |       16 |      3 |             - |             -
     2 |       32 |      3 |  0.0859756892 |         ideal
     3 |       48 |      4 |  0.3048327138 |         ideal
     4 |       64 |      8 |  0.1405750799 |         ideal
     5 |       80 |      7 |  0.0428134557 |         ideal
     6 |       96 |      8 |  0.0683760684 |         ideal
     7 |      112 |      8 |  1.7375865404 |         nadir
     8 |      128 |      9 |  0.0082944203 |             f

NSGA-II selected architecture
widths: [185, 193, 73, 95]
acts:   ['sin', 'sin', 'sin', 'sin']
best relL2 (search): 6.0413e-04
Saved checkpoint: results/poisson/nsga2/poisson_checkpoint_last_nsga2.pth
Saved plot: results/poisson/nsga2/poisson_nsga2_loss_curve.png
Saved plot: results/poisson/nsga2/poisson_nsga2_results.png
Final relative L2 error: 6.3714e-05
Run time: 1236.20 s
