[START] 2026-02-23T19:01:59.957216
COMMAND: /usr/bin/python NAS_PINNs_burgers_bayesian.py --nu 0.01

|   iter    |  target   | n_layers  |    n1     |    n2     |    n3     |    n4     |    a1     |    a2     |    a3     |    a4     |    lr     |
-------------------------------------------------------------------------------------------------------------------------------------------------
BO eval 01 | widths=[184, 149, 128] acts=['tanh', 'tanh', 'sin'] lr=1.56e-03 | relL2=3.0835e-01
| [39m1        [39m | [39m-0.308349[39m | [39m3.3745401[39m | [39m184.11428[39m | [39m149.11903[39m | [39m127.78535[39m | [39m56.962982[39m | [39m0.1559945[39m | [39m0.0580836[39m | [39m0.8661761[39m | [39m0.6011150[39m | [39m0.0015621[39m |
BO eval 02 | widths=[187, 165, 66] acts=['tanh', 'tanh', 'sin'] lr=9.37e-04 | relL2=3.3998e-01
| [39m2        [39m | [39m-0.339978[39m | [39m3.0205844[39m | [39m187.18557[39m | [39m165.19082[39m | [39m65.974257[39m | [39m61.091994[39m | [39m0.1834045[39m | [39m0.3042422[39m | [39m0.5247564[39m | [39m0.4319450[39m | [39m0.0009368[39m |
BO eval 03 | widths=[183, 156, 134, 51] acts=['sin', 'sin', 'tanh', 'tanh'] lr=1.54e-03 | relL2=1.4072e-01
| [35m3        [39m | [35m-0.140715[39m | [35m3.9614923[39m | [35m183.49878[39m | [35m156.30628[39m | [35m134.17384[39m | [35m51.098049[39m | [35m0.8344659[39m | [35m0.7680948[39m | [35m0.4174409[39m | [35m0.2656772[39m | [35m0.0015426[39m |
BO eval 04 | widths=[39, 137, 68, 137] acts=['sin', 'sin', 'tanh', 'sin'] lr=1.15e-03 | relL2=3.9731e-01
| [39m4        [39m | [39m-0.397310[39m | [39m3.6764765[39m | [39m38.734159[39m | [39m136.96104[39m | [39m68.334813[39m | [39m137.47051[39m | [39m0.8797493[39m | [39m0.9542661[39m | [39m0.3687843[39m | [39m0.6574882[39m | [39m0.0011509[39m |
BO eval 05 | widths=[178, 160, 134, 53] acts=['tanh', 'sin', 'tanh', 'sin'] lr=1.42e-03 | relL2=3.0459e-01
| [39m5        [39m | [39m-0.304589[39m | [39m3.8751524[39m | [39m178.35503[39m | [39m160.30829[39m | [39m134.30637[39m | [39m53.188648[39m | [39m0.3066266[39m | [39m0.8927642[39m | [39m0.3863428[39m | [39m0.5571069[39m | [39m0.0014239[39m |
BO eval 06 | widths=[76, 42, 117, 153] acts=['tanh', 'tanh', 'sin', 'tanh'] lr=8.71e-04 | relL2=4.4656e-01
| [39m6        [39m | [39m-0.446558[39m | [39m3.5589802[39m | [39m76.025930[39m | [39m41.675999[39m | [39m117.09022[39m | [39m152.59849[39m | [39m0.2500910[39m | [39m0.3222127[39m | [39m0.5670430[39m | [39m0.4165768[39m | [39m0.0008708[39m |
BO eval 07 | widths=[185, 155, 132, 50] acts=['sin', 'sin', 'sin', 'tanh'] lr=1.29e-03 | relL2=2.2507e-01
| [39m7        [39m | [39m-0.225067[39m | [39m3.8666099[39m | [39m184.68045[39m | [39m154.92089[39m | [39m131.67463[39m | [39m50.366703[39m | [39m0.6948990[39m | [39m0.6300221[39m | [39m0.5369375[39m | [39m0.3114816[39m | [39m0.0012909[39m |
BO eval 08 | widths=[185, 156, 137, 51] acts=['sin', 'sin', 'tanh', 'tanh'] lr=1.88e-03 | relL2=2.4517e-01
| [39m8        [39m | [39m-0.245173[39m | [39m4.0      [39m | [39m185.15603[39m | [39m155.62705[39m | [39m137.09257[39m | [39m50.641343[39m | [39m1.0      [39m | [39m0.8710676[39m | [39m0.2876273[39m | [39m0.0233837[39m | [39m0.0018819[39m |
BO eval 09 | widths=[185, 158, 134, 53] acts=['sin', 'tanh', 'sin', 'sin'] lr=5.19e-04 | relL2=3.7975e-01
| [39m9        [39m | [39m-0.379749[39m | [39m4.0      [39m | [39m184.51673[39m | [39m157.94796[39m | [39m133.59535[39m | [39m53.064803[39m | [39m1.0      [39m | [39m0.0504308[39m | [39m1.0      [39m | [39m1.0      [39m | [39m0.0005189[39m |
BO eval 10 | widths=[187, 146, 130] acts=['tanh', 'tanh', 'tanh'] lr=6.41e-04 | relL2=3.5636e-01
| [39m10       [39m | [39m-0.356357[39m | [39m3.3406428[39m | [39m186.57300[39m | [39m146.40416[39m | [39m130.49422[39m | [39m64.108614[39m | [39m0.4958492[39m | [39m0.1222691[39m | [39m0.3754508[39m | [39m0.3867057[39m | [39m0.0006414[39m |
=================================================================================================================================================

Best architecture from BO
hidden widths: [183, 156, 134, 51]
hidden acts  : ['sin', 'sin', 'tanh', 'tanh']
lr           : 1.5427e-03
BO rel L2    : 1.4072e-01
Saved checkpoint: results/burgers/bayesian/bayes_checkpoint_last.pth
Saved plot: results/burgers/bayesian/burgers_heatmap.png
Saved plot: results/burgers/bayesian/burgers_time_slices.png
Saved plot: results/burgers/bayesian/burgers_exact_vs_pred_time_slices.png
Final relative L2 error: 8.3518e-04
Saved plot: results/burgers/bayesian/bayes_burgers_full_exact_vs_pred.png
Run time: 481.07 s
