[START] 2026-02-23T18:42:06.374577
COMMAND: /usr/bin/python NAS_PINNs_burgers_nsga2.py --nu 0.01


==========================================================================================
NSGA-II NAS-PINN Search
==========================================================================================
  Viscosity: nu=0.010000 | pop=10 | gen=5 | eval_epochs=400
  Objective: min (relative L2, params)
==========================================================================================

NSGA-II generation:   0%|          | 0/5 [00:00<?, ?gen/s]NSGA-II generation:  20%|██        | 1/5 [00:43<02:53, 43.47s/gen]NSGA-II generation:  40%|████      | 2/5 [01:23<02:05, 41.67s/gen]NSGA-II generation:  60%|██████    | 3/5 [02:09<01:27, 43.56s/gen]NSGA-II generation:  80%|████████  | 4/5 [02:49<00:42, 42.07s/gen]NSGA-II generation: 100%|██████████| 5/5 [03:31<00:00, 42.11s/gen]NSGA-II generation: 100%|██████████| 5/5 [03:31<00:00, 42.33s/gen]
  Gen  1/5 -> best relL2=2.77e-01, params=58,221
  Gen  2/5 -> best relL2=2.77e-01, params=58,221
  Gen  3/5 -> best relL2=2.56e-01, params=59,112
  Gen  4/5 -> best relL2=2.40e-01, params=62,788
  Gen  5/5 -> best relL2=2.36e-01, params=53,667
[    0] PDE: 1.8599e-04  IC: 4.9248e-01  BC: 6.6892e-03
[ 2000] PDE: 2.4047e-02  IC: 1.7378e-04  BC: 5.2120e-05
[ 4000] PDE: 1.3881e-02  IC: 2.8932e-04  BC: 1.8676e-05
[ 6000] PDE: 7.7546e-03  IC: 2.1718e-05  BC: 3.0716e-05
[ 8000] PDE: 1.1106e-02  IC: 7.9006e-04  BC: 9.6620e-04
[10000] PDE: 9.3464e-03  IC: 6.5378e-05  BC: 1.0269e-04
[12000] PDE: 1.6897e-02  IC: 2.8769e-04  BC: 4.0981e-05
[14000] PDE: 4.8111e-01  IC: 7.7891e-03  BC: 1.3818e-03

Discovered architecture (NSGA-II):
  Layers: [2, 175, 169, 38, 81, 166, 1]
  Activation: tanh | Residual: True
Saved plot: results/burgers/nsga2/burgers_heatmap.png
Saved plot: results/burgers/nsga2/burgers_time_slices.png
Saved plot: results/burgers/nsga2/burgers_exact_vs_pred_time_slices.png
Relative L2 error (full grid): 7.5900e-02
Saved plot: results/burgers/nsga2/burgers_full_exact_vs_pred.png
Run time: 670.99 s
