[START] 2026-02-23T18:20:51.469043
COMMAND: /usr/bin/python NAS_PINNs_burgers.py --nu 0.01

Starting Adam + bi-level optimization...
[    0] PDE: 5.3606e-02  IC: 4.2733e-01  BC: 9.3734e-02
[ 2000] PDE: 3.0185e-01  IC: 9.1339e-05  BC: 2.0632e-05
[ 4000] PDE: 1.7098e-01  IC: 4.1843e-05  BC: 5.5138e-06
[ 6000] PDE: 2.2470e-02  IC: 8.9516e-06  BC: 8.9725e-07
[ 8000] PDE: 4.9028e-03  IC: 1.8635e-05  BC: 1.0181e-05
[10000] PDE: 1.8220e-03  IC: 1.8213e-06  BC: 2.4218e-06
[12000] PDE: 1.0065e-03  IC: 2.5485e-06  BC: 1.7230e-06
[14000] PDE: 9.1946e-04  IC: 3.0408e-05  BC: 1.6488e-05

L-BFGS refinement...

Discovered architecture (most probable ops & mask):
Layer 1: Sin , neurons ≈ 128
Layer 2: Tanh , neurons ≈ 128
Layer 3: Tanh , neurons ≈ 96
Layer 4: Tanh , neurons ≈ 128
Saved plot: results/burgers/naspinn/burgers_heatmap.png
Saved plot: results/burgers/naspinn/burgers_time_slices.png
Saved plot: results/burgers/naspinn/burgers_exact_vs_pred_time_slices.png
Relative L2 error (full grid): 7.5911e-02
Saved plot: results/burgers/naspinn/burgers_full_exact_vs_pred.png
Run time: 1271.09 s
