[START] 2026-02-23T21:32:30.800447
COMMAND: /usr/bin/python NAS_PINNs_burgers.py --multi-nu --nu-list 0.01,0.04,0.07

Starting Adam + bi-level optimization...
[    0] PDE: 5.3606e-02  IC: 4.2733e-01  BC: 9.3734e-02
[ 2000] PDE: 3.0185e-01  IC: 9.1339e-05  BC: 2.0632e-05
[ 4000] PDE: 1.7098e-01  IC: 4.1843e-05  BC: 5.5138e-06
[ 6000] PDE: 2.2470e-02  IC: 8.9516e-06  BC: 8.9725e-07
[ 8000] PDE: 4.9028e-03  IC: 1.8635e-05  BC: 1.0181e-05
[10000] PDE: 1.8220e-03  IC: 1.8213e-06  BC: 2.4218e-06
[12000] PDE: 1.0065e-03  IC: 2.5485e-06  BC: 1.7230e-06
[14000] PDE: 9.1946e-04  IC: 3.0408e-05  BC: 1.6488e-05

L-BFGS refinement...

Discovered architecture (most probable ops & mask):
Layer 1: Sin , neurons ≈ 128
Layer 2: Tanh , neurons ≈ 128
Layer 3: Tanh , neurons ≈ 96
Layer 4: Tanh , neurons ≈ 128
Saved plot: results/burgers/naspinn/nu_0.010/burgers_heatmap.png
Saved plot: results/burgers/naspinn/nu_0.010/burgers_time_slices.png
Saved plot: results/burgers/naspinn/nu_0.010/burgers_exact_vs_pred_time_slices.png
Relative L2 error (full grid): 7.5911e-02
Saved plot: results/burgers/naspinn/nu_0.010/burgers_full_exact_vs_pred.png
Run time: 1442.70 s
Starting Adam + bi-level optimization...
[    0] PDE: 1.5430e-02  IC: 7.0300e-01  BC: 2.9509e-01
[ 2000] PDE: 6.9186e-02  IC: 5.5493e-05  BC: 2.7737e-05
[ 4000] PDE: 6.1132e-03  IC: 2.1397e-05  BC: 1.0586e-05
[ 6000] PDE: 2.7177e-03  IC: 6.5349e-06  BC: 2.1861e-06
[ 8000] PDE: 1.2665e-03  IC: 6.5646e-06  BC: 5.5394e-06
[10000] PDE: 4.5686e-04  IC: 1.2894e-06  BC: 7.9678e-07
[12000] PDE: 1.8342e-04  IC: 5.2822e-07  BC: 1.2253e-06
[14000] PDE: 6.4542e-04  IC: 9.5664e-05  BC: 2.0084e-04

L-BFGS refinement...

Discovered architecture (most probable ops & mask):
Layer 1: Tanh , neurons ≈ 96
Layer 2: Tanh , neurons ≈ 96
Layer 3: Sin , neurons ≈ 96
Layer 4: Sin , neurons ≈ 96
Saved plot: results/burgers/naspinn/nu_0.040/burgers_heatmap.png
Saved plot: results/burgers/naspinn/nu_0.040/burgers_time_slices.png
Saved plot: results/burgers/naspinn/nu_0.040/burgers_exact_vs_pred_time_slices.png
Relative L2 error (full grid): 2.3801e-01
Saved plot: results/burgers/naspinn/nu_0.040/burgers_full_exact_vs_pred.png
Run time: 1055.89 s
Starting Adam + bi-level optimization...
[    0] PDE: 9.5253e-03  IC: 6.0363e-01  BC: 1.1646e-01
[ 2000] PDE: 3.9457e-02  IC: 4.2618e-05  BC: 2.3104e-05
[ 4000] PDE: 1.7657e-03  IC: 6.8813e-06  BC: 4.0265e-06
[ 6000] PDE: 1.0825e-03  IC: 6.1663e-05  BC: 7.8990e-06
[ 8000] PDE: 6.2279e-04  IC: 1.2724e-06  BC: 1.5001e-06
[10000] PDE: 3.9267e-04  IC: 2.1655e-06  BC: 6.4439e-06
[12000] PDE: 2.7053e-04  IC: 2.5231e-06  BC: 6.5123e-06
[14000] PDE: 2.0047e-04  IC: 1.0467e-05  BC: 1.5461e-05

L-BFGS refinement...

Discovered architecture (most probable ops & mask):
Layer 1: Sin , neurons ≈ 64
Layer 2: Sin , neurons ≈ 96
Layer 3: Tanh , neurons ≈ 32
Layer 4: Sin , neurons ≈ 128
Saved plot: results/burgers/naspinn/nu_0.070/burgers_heatmap.png
Saved plot: results/burgers/naspinn/nu_0.070/burgers_time_slices.png
Saved plot: results/burgers/naspinn/nu_0.070/burgers_exact_vs_pred_time_slices.png
Relative L2 error (full grid): 3.3739e-01
Saved plot: results/burgers/naspinn/nu_0.070/burgers_full_exact_vs_pred.png
Run time: 1142.10 s
Saved summary: results/burgers/naspinn/viscosity_comparison.csv
Saved plot: results/burgers/naspinn/viscosity_comparison.png
