[START] 2026-02-23T18:53:20.715449
COMMAND: /usr/bin/python NAS_PINNs_burgers_nsga3.py --nu 0.01


==========================================================================================
NSGA-III NAS-PINN Search
==========================================================================================
  Viscosity: nu=0.010000 | pop=10 | gen=5 | eval_epochs=400
  Objective: min (relative L2, params)
==========================================================================================

WARNING: pop_size=10 is less than number of reference directions=13.
NSGA-III generation:   0%|          | 0/5 [00:00<?, ?gen/s]NSGA-III generation:  20%|██        | 1/5 [00:43<02:52, 43.15s/gen]NSGA-III generation:  40%|████      | 2/5 [01:23<02:04, 41.60s/gen]NSGA-III generation:  60%|██████    | 3/5 [02:08<01:26, 43.02s/gen]NSGA-III generation:  80%|████████  | 4/5 [02:48<00:42, 42.00s/gen]NSGA-III generation: 100%|██████████| 5/5 [03:29<00:00, 41.65s/gen]NSGA-III generation: 100%|██████████| 5/5 [03:29<00:00, 41.97s/gen]
  Gen  1/5 -> best relL2=2.77e-01, params=58,221
  Gen  2/5 -> best relL2=2.43e-01, params=59,253
  Gen  3/5 -> best relL2=2.43e-01, params=59,253
  Gen  4/5 -> best relL2=2.43e-01, params=59,253
  Gen  5/5 -> best relL2=2.41e-01, params=42,769
[    0] PDE: 1.8998e-04  IC: 5.3067e-01  BC: 4.0049e-02
[ 2000] PDE: 1.3564e-02  IC: 2.8458e-03  BC: 5.7477e-03
[ 4000] PDE: 7.0874e-04  IC: 7.3772e-07  BC: 2.1853e-07
[ 6000] PDE: 1.8358e-03  IC: 2.3136e-05  BC: 2.4444e-05
[ 8000] PDE: 1.9901e-03  IC: 6.3229e-05  BC: 4.9713e-05
[10000] PDE: 2.7537e-04  IC: 8.5093e-06  BC: 1.0869e-06
[12000] PDE: 4.6623e-04  IC: 3.3357e-06  BC: 1.5161e-05
[14000] PDE: 2.5779e-04  IC: 7.5641e-06  BC: 5.5816e-06

Discovered architecture (NSGA-III):
  Layers: [2, 164, 107, 144, 47, 46, 1]
  Activation: tanh | Residual: False
Saved plot: results/burgers/nsga3/burgers_heatmap.png
Saved plot: results/burgers/nsga3/burgers_time_slices.png
Saved plot: results/burgers/nsga3/burgers_exact_vs_pred_time_slices.png
Relative L2 error (full grid): 7.5884e-02
Saved plot: results/burgers/nsga3/burgers_full_exact_vs_pred.png
Run time: 515.90 s
