[START] 2026-02-23T20:03:22.530400
COMMAND: /usr/bin/python NAS_PINNs_poisson_nsga3.py

==========================================================
n_gen  |  n_eval  | n_nds  |      eps      |   indicator  
==========================================================
     1 |       20 |      2 |             - |             -
     2 |       40 |      3 |  0.2075684555 |         ideal
     3 |       60 |      2 |  0.3684210526 |         ideal
     4 |       80 |      4 |  0.1361256545 |         ideal
     5 |      100 |      4 |  0.0838917353 |             f
     6 |      120 |      4 |  0.1062249863 |             f
     7 |      140 |      2 |  0.0205128205 |         ideal
     8 |      160 |      3 |  0.0245451060 |             f

NSGA-III selected architecture
widths: [92, 123, 136, 52]
acts:   ['tanh', 'sin', 'tanh', 'sin']
best relL2 (search): 1.1503e-03
Saved checkpoint: results/poisson/nsga3/poisson_checkpoint_last_nsga3.pth
Saved plot: results/poisson/nsga3/poisson_nsga3_loss_curve.png
Saved plot: results/poisson/nsga3/poisson_nsga3_results.png
Final relative L2 error: 7.8137e-05
Run time: 4388.22 s
