============================================================
[RUN ] burgers1d/naspinn
  out: results/paper_strict_scratch/full_suite/20260302_225317/burgers1d/naspinn
  log: results/paper_strict_scratch/full_suite/20260302_225317/logs/burgers1d_naspinn.log
Using device: cuda
Config: {'name': 'burgers1d', 'input_dim': 2, 'hidden_layers': 5, 'base_neurons': 128, 'mask_levels': (20, 40, 64, 96, 128, 192), 'lambda_pde': 1.0, 'lambda_ic': 100.0, 'lambda_bc': 100.0, 'repeats': 5, 'base_seed': 42, 'stage': {'epochs': 30000, 'inner_lr': 0.001, 'outer_lr': 0.0003, 'outer_every': 5, 'lbfgs_max_iter': 6000, 'pso_iters': 8, 'pso_swarm': 16, 'pso_span': 0.25}, 'search': {'proxy_epochs': 400, 'pop_size': 12, 'n_gen': 6, 'ref_partitions': 12, 'bo_init_points': 4, 'bo_iters': 12}}
========================================================================
[RUN ] naspinn/burgers1d/nu_0.010 (seed=42)
Starting NAS-PINN baseline: case=nu_0.010
Adam [    0] loss: 5.1850e+01
Adam [ 1999] loss: 4.7223e-01
Adam [ 3999] loss: 3.6304e-01
Adam [ 5999] loss: 3.3556e-01
Adam [ 7999] loss: 2.3816e-01
Adam [ 9999] loss: 1.4339e-01
Adam [11999] loss: 5.1448e-02
Adam [13999] loss: 3.9009e-02
Adam [15999] loss: 6.7531e-02
Adam [17999] loss: 1.5971e-02
Adam [19999] loss: 2.0989e-02
Adam [21999] loss: 1.0875e-02
Adam [23999] loss: 9.5515e-03
Adam [25999] loss: 7.9098e-03
Adam [27999] loss: 6.3620e-03
Adam [29999] loss: 9.7215e-03
Best mask selections: [5, 5, 0, 3, 5]
Saved plot: results/paper_strict_scratch/full_suite/20260302_225317/burgers1d/naspinn/rep_01/burgers1d/naspinn/nu_0.010/stage_adam/loss_curve.png
Saved plot: results/paper_strict_scratch/full_suite/20260302_225317/burgers1d/naspinn/rep_01/burgers1d/naspinn/nu_0.010/stage_adam/result_comparison.png
L-BFGS refinement...
Saved plot: results/paper_strict_scratch/full_suite/20260302_225317/burgers1d/naspinn/rep_01/burgers1d/naspinn/nu_0.010/stage_lbfgs/loss_curve.png
Saved plot: results/paper_strict_scratch/full_suite/20260302_225317/burgers1d/naspinn/rep_01/burgers1d/naspinn/nu_0.010/stage_lbfgs/result_comparison.png
PSO refinement...
======================================================================================================
n_gen  |  n_eval  |    f     |    S    |    w    |    c1    |    c2    |     f_avg     |     f_min    
======================================================================================================
     1 |       16 |        - |       - |  0.9000 |  2.00000 |  2.00000 |  3.108916E+02 |  5.211555E+01
     2 |       32 | -2.7E-01 |       3 |  0.2489 |  2.00000 |  2.02195 |  1.975761E+02 |  5.211555E+01
     3 |       48 | -7.5E-02 |       3 |  0.3542 |  1.98932 |  2.03838 |  9.506511E+01 |  3.811367E+01
     4 |       64 | -1.2E-02 |       3 |  0.3926 |  1.97612 |  2.05066 |  6.689461E+01 |  3.811367E+01
     5 |       80 | -2.5E-02 |       3 |  0.3843 |  1.96349 |  2.05719 |  5.328214E+01 |  3.008075E+01
     6 |       96 | -3.0E-02 |       3 |  0.3815 |  1.95451 |  2.07501 |  3.719290E+01 |  2.687665E+01
     7 |      112 | -5.0E-02 |       3 |  0.3692 |  1.94163 |  2.09004 |  3.422240E+01 |  2.455804E+01
     8 |      128 | -7.6E-02 |       3 |  0.3534 |  1.92750 |  2.09568 |  2.981265E+01 |  2.236635E+01
PSO best objective: 2.2366e+01
Saved plot: results/paper_strict_scratch/full_suite/20260302_225317/burgers1d/naspinn/rep_01/burgers1d/naspinn/nu_0.010/stage_pso/loss_curve.png
Saved plot: results/paper_strict_scratch/full_suite/20260302_225317/burgers1d/naspinn/rep_01/burgers1d/naspinn/nu_0.010/stage_pso/result_comparison.png
Selected best stage: lbfgs (rel_l2=7.1287e-02)
Run time: 1761.34 s
[OK  ] naspinn/burgers1d/nu_0.010 (rep=1)
========================================================================
[RUN ] naspinn/burgers1d/nu_0.010 (seed=43)
Starting NAS-PINN baseline: case=nu_0.010
Adam [    0] loss: 5.1397e+01
Adam [ 1999] loss: 4.5814e-01
Adam [ 3999] loss: 3.7022e-01
Adam [ 5999] loss: 3.1727e-01
Adam [ 7999] loss: 2.5835e-01
Adam [ 9999] loss: 2.2304e-01
Adam [11999] loss: 3.4612e-01
Adam [13999] loss: 1.2123e-01
Adam [15999] loss: 6.7038e-02
Adam [17999] loss: 3.1936e-02
Adam [19999] loss: 2.0300e-02
Adam [21999] loss: 1.4061e-02
Adam [23999] loss: 9.8737e-03
Adam [25999] loss: 9.8772e-03
Adam [27999] loss: 6.2424e-03
Adam [29999] loss: 6.5199e-03
Best mask selections: [0, 3, 3, 3, 1]
Saved plot: results/paper_strict_scratch/full_suite/20260302_225317/burgers1d/naspinn/rep_02/burgers1d/naspinn/nu_0.010/stage_adam/loss_curve.png
Saved plot: results/paper_strict_scratch/full_suite/20260302_225317/burgers1d/naspinn/rep_02/burgers1d/naspinn/nu_0.010/stage_adam/result_comparison.png
L-BFGS refinement...
Saved plot: results/paper_strict_scratch/full_suite/20260302_225317/burgers1d/naspinn/rep_02/burgers1d/naspinn/nu_0.010/stage_lbfgs/loss_curve.png
Saved plot: results/paper_strict_scratch/full_suite/20260302_225317/burgers1d/naspinn/rep_02/burgers1d/naspinn/nu_0.010/stage_lbfgs/result_comparison.png
PSO refinement...
======================================================================================================
n_gen  |  n_eval  |    f     |    S    |    w    |    c1    |    c2    |     f_avg     |     f_min    
======================================================================================================
     1 |       16 |        - |       - |  0.9000 |  2.00000 |  2.00000 |  4.459986E+02 |  9.289807E+01
     2 |       32 | -1.5E-01 |       3 |  0.3106 |  2.00000 |  2.01755 |  3.815068E+02 |  9.289807E+01
     3 |       48 | -8.0E-02 |       3 |  0.3512 |  1.99141 |  2.02959 |  2.543295E+02 |  9.289697E+01
     4 |       64 | -3.2E-02 |       3 |  0.3804 |  1.98125 |  2.03677 |  1.622883E+02 |  8.769196E+01
     5 |       80 | -2.1E-02 |       3 |  0.3868 |  1.97299 |  2.05428 |  1.036126E+02 |  6.556193E+01
     6 |       96 | -2.7E-02 |       3 |  0.3835 |  1.96035 |  2.06447 |  7.452651E+01 |  4.452298E+01
     7 |      112 | -3.6E-02 |       3 |  0.3780 |  1.94905 |  2.07257 |  5.027351E+01 |  4.092246E+01
     8 |      128 | -6.4E-02 |       3 |  0.3607 |  1.93950 |  2.08106 |  4.412062E+01 |  4.090745E+01
PSO best objective: 4.0907e+01
Saved plot: results/paper_strict_scratch/full_suite/20260302_225317/burgers1d/naspinn/rep_02/burgers1d/naspinn/nu_0.010/stage_pso/loss_curve.png
Saved plot: results/paper_strict_scratch/full_suite/20260302_225317/burgers1d/naspinn/rep_02/burgers1d/naspinn/nu_0.010/stage_pso/result_comparison.png
Selected best stage: lbfgs (rel_l2=7.1259e-02)
Run time: 1745.99 s
[OK  ] naspinn/burgers1d/nu_0.010 (rep=2)
========================================================================
[RUN ] naspinn/burgers1d/nu_0.010 (seed=44)
Starting NAS-PINN baseline: case=nu_0.010
Adam [    0] loss: 5.0669e+01
Adam [ 1999] loss: 6.2305e-01
Adam [ 3999] loss: 4.5016e-01
Adam [ 5999] loss: 3.3994e-01
Adam [ 7999] loss: 2.9369e-01
Adam [ 9999] loss: 2.4625e-01
Adam [11999] loss: 2.7207e-01
Adam [13999] loss: 1.9798e-01
Adam [15999] loss: 2.8995e-01
Adam [17999] loss: 5.6430e-02
Adam [19999] loss: 3.4372e-02
Adam [21999] loss: 1.3735e-02
Adam [23999] loss: 1.0610e-02
Adam [25999] loss: 6.1483e-03
Adam [27999] loss: 4.7991e-02
Adam [29999] loss: 6.6553e-03
Best mask selections: [0, 2, 5, 3, 3]
Saved plot: results/paper_strict_scratch/full_suite/20260302_225317/burgers1d/naspinn/rep_03/burgers1d/naspinn/nu_0.010/stage_adam/loss_curve.png
Saved plot: results/paper_strict_scratch/full_suite/20260302_225317/burgers1d/naspinn/rep_03/burgers1d/naspinn/nu_0.010/stage_adam/result_comparison.png
L-BFGS refinement...
Saved plot: results/paper_strict_scratch/full_suite/20260302_225317/burgers1d/naspinn/rep_03/burgers1d/naspinn/nu_0.010/stage_lbfgs/loss_curve.png
Saved plot: results/paper_strict_scratch/full_suite/20260302_225317/burgers1d/naspinn/rep_03/burgers1d/naspinn/nu_0.010/stage_lbfgs/result_comparison.png
PSO refinement...
======================================================================================================
n_gen  |  n_eval  |    f     |    S    |    w    |    c1    |    c2    |     f_avg     |     f_min    
======================================================================================================
     1 |       16 |        - |       - |  0.9000 |  2.00000 |  2.00000 |  7.537069E+02 |  1.149181E+02
     2 |       32 | -2.6E+00 |       3 |  0.0009 |  2.00000 |  2.01501 |  3.663808E+02 |  1.149181E+02
     3 |       48 | -1.5E-01 |       3 |  0.3133 |  1.99262 |  2.02478 |  1.932008E+02 |  8.379527E+01
     4 |       64 |  0.01751 |       3 |  0.4110 |  1.98430 |  2.03946 |  1.203998E+02 |  2.724728E+01
     5 |       80 | -5.0E-02 |       3 |  0.3695 |  1.97293 |  2.04594 |  5.006362E+01 |  2.091862E+01
     6 |       96 | -5.4E-02 |       3 |  0.3666 |  1.96414 |  2.05365 |  2.918973E+01 |  1.986332E+01
     7 |      112 | -1.1E-01 |       3 |  0.3341 |  1.95605 |  2.06217 |  2.412672E+01 |  1.966341E+01
     8 |      128 | -9.2E-02 |       3 |  0.3445 |  1.94797 |  2.07155 |  2.220550E+01 |  1.664666E+01
PSO best objective: 1.6647e+01
Saved plot: results/paper_strict_scratch/full_suite/20260302_225317/burgers1d/naspinn/rep_03/burgers1d/naspinn/nu_0.010/stage_pso/loss_curve.png
Saved plot: results/paper_strict_scratch/full_suite/20260302_225317/burgers1d/naspinn/rep_03/burgers1d/naspinn/nu_0.010/stage_pso/result_comparison.png
Selected best stage: lbfgs (rel_l2=7.0780e-02)
Run time: 1710.37 s
[OK  ] naspinn/burgers1d/nu_0.010 (rep=3)
========================================================================
[RUN ] naspinn/burgers1d/nu_0.010 (seed=45)
Starting NAS-PINN baseline: case=nu_0.010
Adam [    0] loss: 5.0561e+01
Adam [ 1999] loss: 7.2339e-01
Adam [ 3999] loss: 3.9023e-01
Adam [ 5999] loss: 4.8120e-01
Adam [ 7999] loss: 2.9402e-01
Adam [ 9999] loss: 2.4804e-01
Adam [11999] loss: 2.2091e-01
Adam [13999] loss: 1.9511e-01
Adam [15999] loss: 1.5260e-01
Adam [17999] loss: 6.3980e-02
Adam [19999] loss: 4.8455e-02
Adam [21999] loss: 5.6095e-02
Adam [23999] loss: 1.2819e-02
Adam [25999] loss: 1.3841e-02
Adam [27999] loss: 1.8469e-02
Adam [29999] loss: 2.9774e-02
Best mask selections: [0, 1, 4, 4, 3]
Saved plot: results/paper_strict_scratch/full_suite/20260302_225317/burgers1d/naspinn/rep_04/burgers1d/naspinn/nu_0.010/stage_adam/loss_curve.png
Saved plot: results/paper_strict_scratch/full_suite/20260302_225317/burgers1d/naspinn/rep_04/burgers1d/naspinn/nu_0.010/stage_adam/result_comparison.png
L-BFGS refinement...
Saved plot: results/paper_strict_scratch/full_suite/20260302_225317/burgers1d/naspinn/rep_04/burgers1d/naspinn/nu_0.010/stage_lbfgs/loss_curve.png
Saved plot: results/paper_strict_scratch/full_suite/20260302_225317/burgers1d/naspinn/rep_04/burgers1d/naspinn/nu_0.010/stage_lbfgs/result_comparison.png
PSO refinement...
======================================================================================================
n_gen  |  n_eval  |    f     |    S    |    w    |    c1    |    c2    |     f_avg     |     f_min    
======================================================================================================
     1 |       16 |        - |       - |  0.9000 |  2.00000 |  2.00000 |  4.441959E+02 |  3.920214E+01
     2 |       32 | -1.8E-01 |       3 |  0.2919 |  2.00000 |  2.02122 |  3.233164E+02 |  3.920214E+01
     3 |       48 | -1.1E-01 |       3 |  0.3351 |  1.98969 |  2.03881 |  1.827056E+02 |  3.920214E+01
     4 |       64 | -4.2E-02 |       3 |  0.3739 |  1.97603 |  2.04844 |  7.969593E+01 |  2.673090E+01
     5 |       80 | -5.9E-02 |       3 |  0.3638 |  1.96480 |  2.06319 |  5.555706E+01 |  2.673090E+01
     6 |       96 | -8.1E-02 |       3 |  0.3507 |  1.95197 |  2.07208 |  3.685488E+01 |  2.548133E+01
     7 |      112 | -7.6E-02 |       3 |  0.3536 |  1.94173 |  2.08826 |  2.962460E+01 |  2.399180E+01
     8 |      128 | -5.3E-02 |       3 |  0.3675 |  1.92836 |  2.09413 |  2.731956E+01 |  2.368934E+01
PSO best objective: 2.3689e+01
Saved plot: results/paper_strict_scratch/full_suite/20260302_225317/burgers1d/naspinn/rep_04/burgers1d/naspinn/nu_0.010/stage_pso/loss_curve.png
Saved plot: results/paper_strict_scratch/full_suite/20260302_225317/burgers1d/naspinn/rep_04/burgers1d/naspinn/nu_0.010/stage_pso/result_comparison.png
Selected best stage: lbfgs (rel_l2=7.4063e-02)
Run time: 1723.84 s
[OK  ] naspinn/burgers1d/nu_0.010 (rep=4)
========================================================================
[RUN ] naspinn/burgers1d/nu_0.010 (seed=46)
Starting NAS-PINN baseline: case=nu_0.010
Adam [    0] loss: 5.0767e+01
Adam [ 1999] loss: 6.9160e-01
Adam [ 3999] loss: 3.6345e-01
Adam [ 5999] loss: 3.0072e-01
Adam [ 7999] loss: 2.6982e-01
Adam [ 9999] loss: 3.1446e-01
Adam [11999] loss: 1.3117e-01
Adam [13999] loss: 9.5395e-02
Adam [15999] loss: 4.6940e-02
Adam [17999] loss: 2.1640e-02
Adam [19999] loss: 1.3839e-02
Adam [21999] loss: 1.2768e-02
Adam [23999] loss: 4.0436e-02
Adam [25999] loss: 5.5726e-03
Adam [27999] loss: 4.4377e-03
Adam [29999] loss: 5.8876e-03
Best mask selections: [4, 0, 4, 0, 2]
Saved plot: results/paper_strict_scratch/full_suite/20260302_225317/burgers1d/naspinn/rep_05/burgers1d/naspinn/nu_0.010/stage_adam/loss_curve.png
Saved plot: results/paper_strict_scratch/full_suite/20260302_225317/burgers1d/naspinn/rep_05/burgers1d/naspinn/nu_0.010/stage_adam/result_comparison.png
L-BFGS refinement...
Saved plot: results/paper_strict_scratch/full_suite/20260302_225317/burgers1d/naspinn/rep_05/burgers1d/naspinn/nu_0.010/stage_lbfgs/loss_curve.png
Saved plot: results/paper_strict_scratch/full_suite/20260302_225317/burgers1d/naspinn/rep_05/burgers1d/naspinn/nu_0.010/stage_lbfgs/result_comparison.png
PSO refinement...
======================================================================================================
n_gen  |  n_eval  |    f     |    S    |    w    |    c1    |    c2    |     f_avg     |     f_min    
======================================================================================================
     1 |       16 |        - |       - |  0.9000 |  2.00000 |  2.00000 |  9.573466E+01 |  6.538847E+01
     2 |       32 | -1.6E-01 |       3 |  0.3073 |  2.00000 |  2.01787 |  8.585657E+01 |  6.278775E+01
     3 |       48 | -1.0E-01 |       3 |  0.3382 |  1.99125 |  2.02997 |  7.592675E+01 |  5.672985E+01
     4 |       64 |  0.01824 |       3 |  0.4114 |  1.98116 |  2.04619 |  6.773218E+01 |  5.672985E+01
     5 |       80 | -3.4E-02 |       3 |  0.3788 |  1.96847 |  2.06214 |  5.898871E+01 |  4.609743E+01
     6 |       96 | -2.7E-02 |       3 |  0.3834 |  1.95457 |  2.07591 |  4.976244E+01 |  4.218139E+01
     7 |      112 | -3.4E-02 |       3 |  0.3788 |  1.94116 |  2.08948 |  4.503394E+01 |  3.896692E+01
     8 |      128 | -4.3E-02 |       3 |  0.3734 |  1.92760 |  2.09634 |  4.064413E+01 |  3.639418E+01
PSO best objective: 3.6394e+01
Saved plot: results/paper_strict_scratch/full_suite/20260302_225317/burgers1d/naspinn/rep_05/burgers1d/naspinn/nu_0.010/stage_pso/loss_curve.png
Saved plot: results/paper_strict_scratch/full_suite/20260302_225317/burgers1d/naspinn/rep_05/burgers1d/naspinn/nu_0.010/stage_pso/result_comparison.png
Selected best stage: lbfgs (rel_l2=7.0707e-02)
Run time: 1728.30 s
[OK  ] naspinn/burgers1d/nu_0.010 (rep=5)
========================================================================
[RUN ] naspinn/burgers1d/nu_0.040 (seed=42)
Starting NAS-PINN baseline: case=nu_0.040
Adam [    0] loss: 5.1850e+01
Adam [ 1999] loss: 3.6654e-01
Adam [ 3999] loss: 2.0712e-01
Adam [ 5999] loss: 6.4406e-02
Adam [ 7999] loss: 2.6774e-02
Adam [ 9999] loss: 1.4104e-02
Adam [11999] loss: 8.1839e-03
Adam [13999] loss: 9.2320e-03
Adam [15999] loss: 5.9142e-03
Adam [17999] loss: 1.1462e-02
Adam [19999] loss: 6.2797e-03
Adam [21999] loss: 1.9417e-02
Adam [23999] loss: 7.6858e-03
Adam [25999] loss: 2.7300e-03
Adam [27999] loss: 1.4507e-03
Adam [29999] loss: 3.5473e-03
Best mask selections: [3, 5, 0, 3, 5]
Saved plot: results/paper_strict_scratch/full_suite/20260302_225317/burgers1d/naspinn/rep_01/burgers1d/naspinn/nu_0.040/stage_adam/loss_curve.png
Saved plot: results/paper_strict_scratch/full_suite/20260302_225317/burgers1d/naspinn/rep_01/burgers1d/naspinn/nu_0.040/stage_adam/result_comparison.png
L-BFGS refinement...
Saved plot: results/paper_strict_scratch/full_suite/20260302_225317/burgers1d/naspinn/rep_01/burgers1d/naspinn/nu_0.040/stage_lbfgs/loss_curve.png
Saved plot: results/paper_strict_scratch/full_suite/20260302_225317/burgers1d/naspinn/rep_01/burgers1d/naspinn/nu_0.040/stage_lbfgs/result_comparison.png
PSO refinement...
======================================================================================================
n_gen  |  n_eval  |    f     |    S    |    w    |    c1    |    c2    |     f_avg     |     f_min    
======================================================================================================
     1 |       16 |        - |       - |  0.9000 |  2.00000 |  2.00000 |  1.176726E+02 |  3.390656E+01
     2 |       32 | -7.1E-02 |       3 |  0.3568 |  2.00000 |  2.02192 |  8.417730E+01 |  1.259209E+01
     3 |       48 | -1.0E-01 |       3 |  0.3397 |  1.98924 |  2.02912 |  5.203455E+01 |  1.259209E+01
     4 |       64 | -3.8E-02 |       3 |  0.3765 |  1.98060 |  2.04716 |  2.492056E+01 |  9.9674482346
     5 |       80 | -6.1E-02 |       3 |  0.3623 |  1.96750 |  2.05601 |  1.757399E+01 |  9.9674482346
     6 |       96 | -7.9E-02 |       3 |  0.3519 |  1.95658 |  2.06263 |  1.417162E+01 |  6.2469377518
     7 |      112 | -1.2E-01 |       3 |  0.3292 |  1.94795 |  2.07045 |  9.8950065076 |  5.8639907837
     8 |      128 | -6.9E-02 |       3 |  0.3577 |  1.93989 |  2.07883 |  7.6445633173 |  5.8294825554
PSO best objective: 5.8295e+00
Saved plot: results/paper_strict_scratch/full_suite/20260302_225317/burgers1d/naspinn/rep_01/burgers1d/naspinn/nu_0.040/stage_pso/loss_curve.png
Saved plot: results/paper_strict_scratch/full_suite/20260302_225317/burgers1d/naspinn/rep_01/burgers1d/naspinn/nu_0.040/stage_pso/result_comparison.png
Selected best stage: lbfgs (rel_l2=8.8210e-04)
Run time: 1617.32 s
[OK  ] naspinn/burgers1d/nu_0.040 (rep=1)
========================================================================
[RUN ] naspinn/burgers1d/nu_0.040 (seed=43)
Starting NAS-PINN baseline: case=nu_0.040
Adam [    0] loss: 5.1397e+01
Adam [ 1999] loss: 7.3098e-01
Adam [ 3999] loss: 2.1477e-01
Adam [ 5999] loss: 1.0785e-01
Adam [ 7999] loss: 8.3116e-02
Adam [ 9999] loss: 1.7478e-01
Adam [11999] loss: 4.0601e-02
Adam [13999] loss: 3.0993e-02
Adam [15999] loss: 8.1907e-02
Adam [17999] loss: 1.1471e-02
Adam [19999] loss: 6.9334e-03
Adam [21999] loss: 2.1782e-02
Adam [23999] loss: 4.9039e-03
Adam [25999] loss: 5.5931e-03
Adam [27999] loss: 1.0841e-03
Adam [29999] loss: 1.2250e-03
Best mask selections: [0, 3, 3, 3, 1]
Saved plot: results/paper_strict_scratch/full_suite/20260302_225317/burgers1d/naspinn/rep_02/burgers1d/naspinn/nu_0.040/stage_adam/loss_curve.png
Saved plot: results/paper_strict_scratch/full_suite/20260302_225317/burgers1d/naspinn/rep_02/burgers1d/naspinn/nu_0.040/stage_adam/result_comparison.png
L-BFGS refinement...
Saved plot: results/paper_strict_scratch/full_suite/20260302_225317/burgers1d/naspinn/rep_02/burgers1d/naspinn/nu_0.040/stage_lbfgs/loss_curve.png
Saved plot: results/paper_strict_scratch/full_suite/20260302_225317/burgers1d/naspinn/rep_02/burgers1d/naspinn/nu_0.040/stage_lbfgs/result_comparison.png
PSO refinement...
======================================================================================================
n_gen  |  n_eval  |    f     |    S    |    w    |    c1    |    c2    |     f_avg     |     f_min    
======================================================================================================
     1 |       16 |        - |       - |  0.9000 |  2.00000 |  2.00000 |  2.476736E+02 |  5.582623E+01
     2 |       32 | -2.7E-01 |       3 |  0.2485 |  2.00000 |  2.02438 |  1.755196E+02 |  5.582623E+01
     3 |       48 | -2.2E-01 |       3 |  0.2715 |  1.98813 |  2.03860 |  1.124732E+02 |  5.582623E+01
     4 |       64 | -1.3E-01 |       3 |  0.3248 |  1.97533 |  2.04724 |  7.491104E+01 |  5.140075E+01
     5 |       80 | -6.7E-02 |       3 |  0.3591 |  1.96501 |  2.06207 |  5.487928E+01 |  4.537052E+01
     6 |       96 | -8.9E-02 |       3 |  0.3462 |  1.95271 |  2.07315 |  4.610714E+01 |  4.111124E+01
     7 |      112 | -9.2E-02 |       3 |  0.3440 |  1.94126 |  2.08354 |  4.258791E+01 |  3.941690E+01
     8 |      128 | -1.0E-01 |       3 |  0.3397 |  1.93059 |  2.09407 |  3.920050E+01 |  3.538358E+01
PSO best objective: 3.5384e+01
Saved plot: results/paper_strict_scratch/full_suite/20260302_225317/burgers1d/naspinn/rep_02/burgers1d/naspinn/nu_0.040/stage_pso/loss_curve.png
Saved plot: results/paper_strict_scratch/full_suite/20260302_225317/burgers1d/naspinn/rep_02/burgers1d/naspinn/nu_0.040/stage_pso/result_comparison.png
Selected best stage: lbfgs (rel_l2=9.8670e-04)
Run time: 1675.22 s
[OK  ] naspinn/burgers1d/nu_0.040 (rep=2)
========================================================================
[RUN ] naspinn/burgers1d/nu_0.040 (seed=44)
Starting NAS-PINN baseline: case=nu_0.040
Adam [    0] loss: 5.0669e+01
Adam [ 1999] loss: 4.0355e-01
Adam [ 3999] loss: 2.3342e-01
Adam [ 5999] loss: 2.4143e-01
Adam [ 7999] loss: 7.9729e-02
Adam [ 9999] loss: 4.5427e-02
Adam [11999] loss: 3.0741e-02
Adam [13999] loss: 8.1446e-02
Adam [15999] loss: 2.0332e-02
Adam [17999] loss: 3.2535e-02
Adam [19999] loss: 7.7310e-03
Adam [21999] loss: 6.5767e-03
Adam [23999] loss: 4.0283e-03
Adam [25999] loss: 3.8159e-03
Adam [27999] loss: 9.0056e-03
Adam [29999] loss: 1.6942e-02
Best mask selections: [0, 2, 2, 1, 3]
Saved plot: results/paper_strict_scratch/full_suite/20260302_225317/burgers1d/naspinn/rep_03/burgers1d/naspinn/nu_0.040/stage_adam/loss_curve.png
Saved plot: results/paper_strict_scratch/full_suite/20260302_225317/burgers1d/naspinn/rep_03/burgers1d/naspinn/nu_0.040/stage_adam/result_comparison.png
L-BFGS refinement...
Saved plot: results/paper_strict_scratch/full_suite/20260302_225317/burgers1d/naspinn/rep_03/burgers1d/naspinn/nu_0.040/stage_lbfgs/loss_curve.png
Saved plot: results/paper_strict_scratch/full_suite/20260302_225317/burgers1d/naspinn/rep_03/burgers1d/naspinn/nu_0.040/stage_lbfgs/result_comparison.png
PSO refinement...
======================================================================================================
n_gen  |  n_eval  |    f     |    S    |    w    |    c1    |    c2    |     f_avg     |     f_min    
======================================================================================================
     1 |       16 |        - |       - |  0.9000 |  2.00000 |  2.00000 |  3.190110E+02 |  5.250027E+01
     2 |       32 | -2.4E-01 |       3 |  0.2609 |  2.00000 |  2.01495 |  1.613527E+02 |  5.250027E+01
     3 |       48 | -2.1E-01 |       3 |  0.2777 |  1.99265 |  2.02471 |  8.206665E+01 |  4.464703E+01
     4 |       64 | -2.4E-01 |       3 |  0.2655 |  1.98428 |  2.03537 |  5.753678E+01 |  3.923299E+01
     5 |       80 | -6.3E-02 |       3 |  0.3616 |  1.97518 |  2.05356 |  4.398035E+01 |  3.643908E+01
     6 |       96 | -6.2E-02 |       3 |  0.3622 |  1.96176 |  2.06279 |  3.710637E+01 |  3.591433E+01
     7 |      112 | -5.2E-02 |       3 |  0.3682 |  1.95056 |  2.07088 |  3.620797E+01 |  3.485617E+01
     8 |      128 | -4.1E-02 |       3 |  0.3747 |  1.94108 |  2.07976 |  3.522442E+01 |  3.371052E+01
PSO best objective: 3.3711e+01
Saved plot: results/paper_strict_scratch/full_suite/20260302_225317/burgers1d/naspinn/rep_03/burgers1d/naspinn/nu_0.040/stage_pso/loss_curve.png
Saved plot: results/paper_strict_scratch/full_suite/20260302_225317/burgers1d/naspinn/rep_03/burgers1d/naspinn/nu_0.040/stage_pso/result_comparison.png
Selected best stage: lbfgs (rel_l2=1.3443e-02)
Run time: 1763.37 s
[OK  ] naspinn/burgers1d/nu_0.040 (rep=3)
========================================================================
[RUN ] naspinn/burgers1d/nu_0.040 (seed=45)
Starting NAS-PINN baseline: case=nu_0.040
Adam [    0] loss: 5.0561e+01
Adam [ 1999] loss: 3.7709e-01
Adam [ 3999] loss: 2.3475e-01
Adam [ 5999] loss: 1.8924e-01
Adam [ 7999] loss: 9.5013e-02
Adam [ 9999] loss: 6.4663e-02
Adam [11999] loss: 4.1704e-02
Adam [13999] loss: 3.6108e-02
Adam [15999] loss: 3.5996e-02
Adam [17999] loss: 2.0268e-02
Adam [19999] loss: 1.2348e-01
Adam [21999] loss: 6.4524e-02
Adam [23999] loss: 6.1576e-03
Adam [25999] loss: 5.1612e-03
Adam [27999] loss: 1.2661e-02
Adam [29999] loss: 1.2854e-02
Best mask selections: [3, 4, 4, 4, 3]
Saved plot: results/paper_strict_scratch/full_suite/20260302_225317/burgers1d/naspinn/rep_04/burgers1d/naspinn/nu_0.040/stage_adam/loss_curve.png
Saved plot: results/paper_strict_scratch/full_suite/20260302_225317/burgers1d/naspinn/rep_04/burgers1d/naspinn/nu_0.040/stage_adam/result_comparison.png
L-BFGS refinement...
Saved plot: results/paper_strict_scratch/full_suite/20260302_225317/burgers1d/naspinn/rep_04/burgers1d/naspinn/nu_0.040/stage_lbfgs/loss_curve.png
Saved plot: results/paper_strict_scratch/full_suite/20260302_225317/burgers1d/naspinn/rep_04/burgers1d/naspinn/nu_0.040/stage_lbfgs/result_comparison.png
PSO refinement...
======================================================================================================
n_gen  |  n_eval  |    f     |    S    |    w    |    c1    |    c2    |     f_avg     |     f_min    
======================================================================================================
     1 |       16 |        - |       - |  0.9000 |  2.00000 |  2.00000 |  7.014496E+02 |  5.832722E+01
     2 |       32 | -2.2E-01 |       3 |  0.2745 |  2.00000 |  2.01723 |  3.010185E+02 |  4.950011E+01
     3 |       48 | -9.3E-02 |       3 |  0.3435 |  1.99163 |  2.03694 |  1.709846E+02 |  2.630447E+01
     4 |       64 | -6.4E-02 |       3 |  0.3610 |  1.97784 |  2.04439 |  1.169415E+02 |  2.630447E+01
     5 |       80 | -4.6E-02 |       3 |  0.3719 |  1.96745 |  2.05452 |  6.477416E+01 |  2.392247E+01
     6 |       96 | -8.6E-03 |       3 |  0.3946 |  1.95764 |  2.06985 |  4.342649E+01 |  2.392236E+01
     7 |      112 | -4.5E-02 |       3 |  0.3722 |  1.94519 |  2.07814 |  3.866225E+01 |  2.087130E+01
     8 |      128 | -8.0E-02 |       3 |  0.3514 |  1.93483 |  2.08500 |  3.275801E+01 |  2.087065E+01
PSO best objective: 2.0871e+01
Saved plot: results/paper_strict_scratch/full_suite/20260302_225317/burgers1d/naspinn/rep_04/burgers1d/naspinn/nu_0.040/stage_pso/loss_curve.png
Saved plot: results/paper_strict_scratch/full_suite/20260302_225317/burgers1d/naspinn/rep_04/burgers1d/naspinn/nu_0.040/stage_pso/result_comparison.png
Selected best stage: lbfgs (rel_l2=1.0273e-03)
Run time: 1588.00 s
[OK  ] naspinn/burgers1d/nu_0.040 (rep=4)
========================================================================
[RUN ] naspinn/burgers1d/nu_0.040 (seed=46)
Starting NAS-PINN baseline: case=nu_0.040
Adam [    0] loss: 5.0767e+01
Adam [ 1999] loss: 3.4249e-01
Adam [ 3999] loss: 2.0580e-01
Adam [ 5999] loss: 1.0342e-01
Adam [ 7999] loss: 3.1459e-02
Adam [ 9999] loss: 4.9315e-02
Adam [11999] loss: 1.3021e-02
Adam [13999] loss: 8.7120e-03
Adam [15999] loss: 6.7711e-03
Adam [17999] loss: 2.7847e-02
Adam [19999] loss: 4.8941e-03
Adam [21999] loss: 4.3216e-03
Adam [23999] loss: 5.0409e-03
Adam [25999] loss: 1.3911e-02
Adam [27999] loss: 2.0535e-02
Adam [29999] loss: 2.2680e-03
Best mask selections: [4, 0, 4, 0, 4]
Saved plot: results/paper_strict_scratch/full_suite/20260302_225317/burgers1d/naspinn/rep_05/burgers1d/naspinn/nu_0.040/stage_adam/loss_curve.png
Saved plot: results/paper_strict_scratch/full_suite/20260302_225317/burgers1d/naspinn/rep_05/burgers1d/naspinn/nu_0.040/stage_adam/result_comparison.png
L-BFGS refinement...
Saved plot: results/paper_strict_scratch/full_suite/20260302_225317/burgers1d/naspinn/rep_05/burgers1d/naspinn/nu_0.040/stage_lbfgs/loss_curve.png
Saved plot: results/paper_strict_scratch/full_suite/20260302_225317/burgers1d/naspinn/rep_05/burgers1d/naspinn/nu_0.040/stage_lbfgs/result_comparison.png
PSO refinement...
======================================================================================================
n_gen  |  n_eval  |    f     |    S    |    w    |    c1    |    c2    |     f_avg     |     f_min    
======================================================================================================
     1 |       16 |        - |       - |  0.9000 |  2.00000 |  2.00000 |  1.631830E+02 |  6.987589E+01
     2 |       32 | -1.5E-01 |       3 |  0.3130 |  2.00000 |  2.02070 |  1.413574E+02 |  6.987589E+01
     3 |       48 | -9.7E-02 |       3 |  0.3411 |  1.98985 |  2.02967 |  1.119487E+02 |  6.987589E+01
     4 |       64 | -4.4E-02 |       3 |  0.3728 |  1.98062 |  2.04636 |  8.826280E+01 |  6.514240E+01
     5 |       80 | -4.1E-02 |       3 |  0.3747 |  1.96797 |  2.05796 |  7.302642E+01 |  5.980548E+01
     6 |       96 | -3.2E-02 |       3 |  0.3801 |  1.95609 |  2.06824 |  6.645721E+01 |  5.492871E+01
     7 |      112 | -2.3E-02 |       3 |  0.3858 |  1.94508 |  2.07571 |  5.921113E+01 |  5.185600E+01
     8 |      128 | -3.1E-02 |       3 |  0.3805 |  1.93600 |  2.08431 |  5.257998E+01 |  4.806257E+01
PSO best objective: 4.8063e+01
Saved plot: results/paper_strict_scratch/full_suite/20260302_225317/burgers1d/naspinn/rep_05/burgers1d/naspinn/nu_0.040/stage_pso/loss_curve.png
Saved plot: results/paper_strict_scratch/full_suite/20260302_225317/burgers1d/naspinn/rep_05/burgers1d/naspinn/nu_0.040/stage_pso/result_comparison.png
Selected best stage: lbfgs (rel_l2=1.4668e-03)
Run time: 1767.92 s
[OK  ] naspinn/burgers1d/nu_0.040 (rep=5)
========================================================================
[RUN ] naspinn/burgers1d/nu_0.070 (seed=42)
Starting NAS-PINN baseline: case=nu_0.070
Adam [    0] loss: 5.1850e+01
Adam [ 1999] loss: 3.0042e-01
Adam [ 3999] loss: 1.2684e-01
Adam [ 5999] loss: 4.6387e-02
Adam [ 7999] loss: 2.5339e-02
Adam [ 9999] loss: 1.6684e-02
Adam [11999] loss: 1.1478e-02
Adam [13999] loss: 7.6714e-03
Adam [15999] loss: 6.3423e-03
Adam [17999] loss: 4.7423e-03
Adam [19999] loss: 2.5189e-02
Adam [21999] loss: 2.7166e-03
Adam [23999] loss: 2.8124e-03
Adam [25999] loss: 2.5174e-03
Adam [27999] loss: 1.8217e-03
Adam [29999] loss: 4.1406e-03
Best mask selections: [2, 5, 0, 4, 5]
Saved plot: results/paper_strict_scratch/full_suite/20260302_225317/burgers1d/naspinn/rep_01/burgers1d/naspinn/nu_0.070/stage_adam/loss_curve.png
Saved plot: results/paper_strict_scratch/full_suite/20260302_225317/burgers1d/naspinn/rep_01/burgers1d/naspinn/nu_0.070/stage_adam/result_comparison.png
L-BFGS refinement...
Saved plot: results/paper_strict_scratch/full_suite/20260302_225317/burgers1d/naspinn/rep_01/burgers1d/naspinn/nu_0.070/stage_lbfgs/loss_curve.png
Saved plot: results/paper_strict_scratch/full_suite/20260302_225317/burgers1d/naspinn/rep_01/burgers1d/naspinn/nu_0.070/stage_lbfgs/result_comparison.png
PSO refinement...
======================================================================================================
n_gen  |  n_eval  |    f     |    S    |    w    |    c1    |    c2    |     f_avg     |     f_min    
======================================================================================================
     1 |       16 |        - |       - |  0.9000 |  2.00000 |  2.00000 |  2.687548E+02 |  2.103250E+01
     2 |       32 | -1.1E-01 |       3 |  0.3343 |  2.00000 |  2.02348 |  1.767299E+02 |  2.103250E+01
     3 |       48 | -9.0E-02 |       3 |  0.3453 |  1.98861 |  2.04143 |  7.492526E+01 |  2.103250E+01
     4 |       64 | -8.5E-02 |       3 |  0.3484 |  1.97435 |  2.05493 |  3.470564E+01 |  1.455559E+01
     5 |       80 | -4.7E-02 |       3 |  0.3709 |  1.96057 |  2.06097 |  2.589642E+01 |  1.388803E+01
     6 |       96 | -6.3E-02 |       3 |  0.3611 |  1.95104 |  2.07385 |  1.849979E+01 |  6.4148292542
     7 |      112 | -7.1E-02 |       3 |  0.3568 |  1.94035 |  2.08855 |  1.334459E+01 |  6.3972978592
     8 |      128 | -9.9E-02 |       3 |  0.3403 |  1.92738 |  2.09281 |  1.019493E+01 |  3.9855468273
PSO best objective: 3.9855e+00
Saved plot: results/paper_strict_scratch/full_suite/20260302_225317/burgers1d/naspinn/rep_01/burgers1d/naspinn/nu_0.070/stage_pso/loss_curve.png
Saved plot: results/paper_strict_scratch/full_suite/20260302_225317/burgers1d/naspinn/rep_01/burgers1d/naspinn/nu_0.070/stage_pso/result_comparison.png
Selected best stage: lbfgs (rel_l2=7.7522e-04)
Run time: 1630.10 s
[OK  ] naspinn/burgers1d/nu_0.070 (rep=1)
========================================================================
[RUN ] naspinn/burgers1d/nu_0.070 (seed=43)
Starting NAS-PINN baseline: case=nu_0.070
Adam [    0] loss: 5.1397e+01
Adam [ 1999] loss: 2.9093e-01
Adam [ 3999] loss: 1.5390e-01
Adam [ 5999] loss: 6.7333e-02
Adam [ 7999] loss: 5.3837e-02
Adam [ 9999] loss: 3.6410e-02
Adam [11999] loss: 1.6496e-01
Adam [13999] loss: 2.1518e-02
Adam [15999] loss: 1.6881e-02
Adam [17999] loss: 8.0113e-02
Adam [19999] loss: 8.9975e-03
Adam [21999] loss: 4.1702e-03
Adam [23999] loss: 3.8550e-03
Adam [25999] loss: 1.5382e-03
Adam [27999] loss: 4.6250e-03
Adam [29999] loss: 9.7977e-04
Best mask selections: [3, 3, 3, 2, 1]
Saved plot: results/paper_strict_scratch/full_suite/20260302_225317/burgers1d/naspinn/rep_02/burgers1d/naspinn/nu_0.070/stage_adam/loss_curve.png
Saved plot: results/paper_strict_scratch/full_suite/20260302_225317/burgers1d/naspinn/rep_02/burgers1d/naspinn/nu_0.070/stage_adam/result_comparison.png
L-BFGS refinement...
Saved plot: results/paper_strict_scratch/full_suite/20260302_225317/burgers1d/naspinn/rep_02/burgers1d/naspinn/nu_0.070/stage_lbfgs/loss_curve.png
Saved plot: results/paper_strict_scratch/full_suite/20260302_225317/burgers1d/naspinn/rep_02/burgers1d/naspinn/nu_0.070/stage_lbfgs/result_comparison.png
PSO refinement...
======================================================================================================
n_gen  |  n_eval  |    f     |    S    |    w    |    c1    |    c2    |     f_avg     |     f_min    
======================================================================================================
     1 |       16 |        - |       - |  0.9000 |  2.00000 |  2.00000 |  8.485559E+01 |  2.660717E+01
     2 |       32 | -1.1E-01 |       3 |  0.3343 |  2.00000 |  2.01413 |  7.132184E+01 |  1.181587E+01
     3 |       48 | -2.0E-01 |       3 |  0.2842 |  1.99308 |  2.02763 |  4.943765E+01 |  1.181569E+01
     4 |       64 | -5.4E-02 |       3 |  0.3670 |  1.98314 |  2.04143 |  2.294728E+01 |  5.5164422989
     5 |       80 | -8.8E-02 |       3 |  0.3468 |  1.97153 |  2.05201 |  1.395649E+01 |  4.8518867493
     6 |       96 | -6.8E-02 |       3 |  0.3585 |  1.96056 |  2.05945 |  8.8877216578 |  4.5063276291
     7 |      112 | -5.6E-02 |       3 |  0.3654 |  1.95170 |  2.07184 |  6.6593952775 |  4.4928154945
     8 |      128 | -1.5E-02 |       3 |  0.3907 |  1.94151 |  2.08512 |  6.1537436545 |  4.2376022339
PSO best objective: 4.2376e+00
Saved plot: results/paper_strict_scratch/full_suite/20260302_225317/burgers1d/naspinn/rep_02/burgers1d/naspinn/nu_0.070/stage_pso/loss_curve.png
Saved plot: results/paper_strict_scratch/full_suite/20260302_225317/burgers1d/naspinn/rep_02/burgers1d/naspinn/nu_0.070/stage_pso/result_comparison.png
Selected best stage: lbfgs (rel_l2=9.8464e-04)
Run time: 1721.09 s
[OK  ] naspinn/burgers1d/nu_0.070 (rep=2)
========================================================================
[RUN ] naspinn/burgers1d/nu_0.070 (seed=44)
Starting NAS-PINN baseline: case=nu_0.070
Adam [    0] loss: 5.0669e+01
Adam [ 1999] loss: 3.4799e-01
Adam [ 3999] loss: 1.6745e-01
Adam [ 5999] loss: 1.0704e-01
Adam [ 7999] loss: 5.5030e-02
Adam [ 9999] loss: 3.8389e-02
Adam [11999] loss: 2.9846e-02
Adam [13999] loss: 2.2655e-02
Adam [15999] loss: 3.3977e-02
Adam [17999] loss: 2.4972e-02
Adam [19999] loss: 7.5265e-03
Adam [21999] loss: 1.1400e-02
Adam [23999] loss: 3.2952e-03
Adam [25999] loss: 4.3590e-03
Adam [27999] loss: 4.8391e-03
Adam [29999] loss: 3.6132e-02
Best mask selections: [0, 2, 2, 1, 3]
Saved plot: results/paper_strict_scratch/full_suite/20260302_225317/burgers1d/naspinn/rep_03/burgers1d/naspinn/nu_0.070/stage_adam/loss_curve.png
Saved plot: results/paper_strict_scratch/full_suite/20260302_225317/burgers1d/naspinn/rep_03/burgers1d/naspinn/nu_0.070/stage_adam/result_comparison.png
L-BFGS refinement...
Saved plot: results/paper_strict_scratch/full_suite/20260302_225317/burgers1d/naspinn/rep_03/burgers1d/naspinn/nu_0.070/stage_lbfgs/loss_curve.png
Saved plot: results/paper_strict_scratch/full_suite/20260302_225317/burgers1d/naspinn/rep_03/burgers1d/naspinn/nu_0.070/stage_lbfgs/result_comparison.png
PSO refinement...
======================================================================================================
n_gen  |  n_eval  |    f     |    S    |    w    |    c1    |    c2    |     f_avg     |     f_min    
======================================================================================================
     1 |       16 |        - |       - |  0.9000 |  2.00000 |  2.00000 |  2.159873E+02 |  5.334910E+01
     2 |       32 | -2.4E-01 |       3 |  0.2626 |  2.00000 |  2.01254 |  1.582295E+02 |  5.334802E+01
     3 |       48 | -1.6E-01 |       3 |  0.3068 |  1.99388 |  2.02965 |  1.018399E+02 |  5.299771E+01
     4 |       64 | -3.6E-02 |       3 |  0.3776 |  1.98258 |  2.04375 |  6.089835E+01 |  4.359012E+01
     5 |       80 | -9.4E-02 |       3 |  0.3431 |  1.97014 |  2.05369 |  5.035153E+01 |  3.956453E+01
     6 |       96 | -6.5E-02 |       3 |  0.3604 |  1.95906 |  2.06114 |  4.338160E+01 |  3.956453E+01
     7 |      112 | -6.7E-02 |       3 |  0.3592 |  1.95001 |  2.07076 |  4.088509E+01 |  3.899599E+01
     8 |      128 | -1.1E-01 |       3 |  0.3366 |  1.94075 |  2.07805 |  3.990059E+01 |  3.862613E+01
PSO best objective: 3.8626e+01
Saved plot: results/paper_strict_scratch/full_suite/20260302_225317/burgers1d/naspinn/rep_03/burgers1d/naspinn/nu_0.070/stage_pso/loss_curve.png
Saved plot: results/paper_strict_scratch/full_suite/20260302_225317/burgers1d/naspinn/rep_03/burgers1d/naspinn/nu_0.070/stage_pso/result_comparison.png
Selected best stage: lbfgs (rel_l2=6.2552e-03)
Run time: 2001.69 s
[OK  ] naspinn/burgers1d/nu_0.070 (rep=3)
========================================================================
[RUN ] naspinn/burgers1d/nu_0.070 (seed=45)
Starting NAS-PINN baseline: case=nu_0.070
Adam [    0] loss: 5.0561e+01
Adam [ 1999] loss: 3.0752e-01
Adam [ 3999] loss: 1.9693e-01
Adam [ 5999] loss: 9.3974e-02
Adam [ 7999] loss: 6.0992e-02
Adam [ 9999] loss: 4.0611e-02
Adam [11999] loss: 2.9723e-02
Adam [13999] loss: 2.2612e-02
Adam [15999] loss: 2.0161e-02
Adam [17999] loss: 1.5807e-02
Adam [19999] loss: 2.9318e-02
Adam [21999] loss: 1.2353e-02
Adam [23999] loss: 8.2866e-03
Adam [25999] loss: 6.5177e-03
Adam [27999] loss: 6.0974e-03
Adam [29999] loss: 7.6580e-03
Best mask selections: [3, 1, 4, 4, 3]
Saved plot: results/paper_strict_scratch/full_suite/20260302_225317/burgers1d/naspinn/rep_04/burgers1d/naspinn/nu_0.070/stage_adam/loss_curve.png
Saved plot: results/paper_strict_scratch/full_suite/20260302_225317/burgers1d/naspinn/rep_04/burgers1d/naspinn/nu_0.070/stage_adam/result_comparison.png
L-BFGS refinement...
Saved plot: results/paper_strict_scratch/full_suite/20260302_225317/burgers1d/naspinn/rep_04/burgers1d/naspinn/nu_0.070/stage_lbfgs/loss_curve.png
Saved plot: results/paper_strict_scratch/full_suite/20260302_225317/burgers1d/naspinn/rep_04/burgers1d/naspinn/nu_0.070/stage_lbfgs/result_comparison.png
PSO refinement...
======================================================================================================
n_gen  |  n_eval  |    f     |    S    |    w    |    c1    |    c2    |     f_avg     |     f_min    
======================================================================================================
     1 |       16 |        - |       - |  0.9000 |  2.00000 |  2.00000 |  6.405340E+02 |  1.002736E+02
     2 |       32 | -2.5E+00 |       3 |  0.0010 |  2.00000 |  2.02448 |  2.823308E+02 |  5.774721E+01
     3 |       48 | -9.6E-01 |       3 |  0.0521 |  1.98808 |  2.03837 |  1.234664E+02 |  3.597942E+01
     4 |       64 | -5.0E-01 |       3 |  0.1542 |  1.97558 |  2.05374 |  4.777609E+01 |  3.191263E+01
     5 |       80 | -8.3E-02 |       3 |  0.3495 |  1.96198 |  2.06542 |  3.324692E+01 |  2.332791E+01
     6 |       96 | -1.1E-01 |       3 |  0.3333 |  1.94978 |  2.07974 |  2.836570E+01 |  2.332791E+01
     7 |      112 | -8.7E-02 |       3 |  0.3471 |  1.93652 |  2.08672 |  2.618394E+01 |  2.091147E+01
     8 |      128 | -6.8E-02 |       3 |  0.3582 |  1.92693 |  2.10041 |  2.458830E+01 |  2.091147E+01
PSO best objective: 2.0911e+01
Saved plot: results/paper_strict_scratch/full_suite/20260302_225317/burgers1d/naspinn/rep_04/burgers1d/naspinn/nu_0.070/stage_pso/loss_curve.png
Saved plot: results/paper_strict_scratch/full_suite/20260302_225317/burgers1d/naspinn/rep_04/burgers1d/naspinn/nu_0.070/stage_pso/result_comparison.png
Selected best stage: lbfgs (rel_l2=2.1061e-03)
Run time: 1881.21 s
[OK  ] naspinn/burgers1d/nu_0.070 (rep=4)
========================================================================
[RUN ] naspinn/burgers1d/nu_0.070 (seed=46)
Starting NAS-PINN baseline: case=nu_0.070
Adam [    0] loss: 5.0767e+01
Adam [ 1999] loss: 2.8968e-01
Adam [ 3999] loss: 1.2077e-01
Adam [ 5999] loss: 4.4613e-02
Adam [ 7999] loss: 2.5406e-02
Adam [ 9999] loss: 1.8292e-02
Adam [11999] loss: 2.3258e-02
Adam [13999] loss: 6.2370e-02
Adam [15999] loss: 9.4121e-03
Adam [17999] loss: 7.7860e-03
Adam [19999] loss: 4.0309e-03
Adam [21999] loss: 3.6259e-03
Adam [23999] loss: 5.4757e-03
Adam [25999] loss: 1.4355e-03
Adam [27999] loss: 1.3985e-03
Adam [29999] loss: 1.7937e-03
Best mask selections: [2, 4, 4, 3, 4]
Saved plot: results/paper_strict_scratch/full_suite/20260302_225317/burgers1d/naspinn/rep_05/burgers1d/naspinn/nu_0.070/stage_adam/loss_curve.png
Saved plot: results/paper_strict_scratch/full_suite/20260302_225317/burgers1d/naspinn/rep_05/burgers1d/naspinn/nu_0.070/stage_adam/result_comparison.png
L-BFGS refinement...
Saved plot: results/paper_strict_scratch/full_suite/20260302_225317/burgers1d/naspinn/rep_05/burgers1d/naspinn/nu_0.070/stage_lbfgs/loss_curve.png
Saved plot: results/paper_strict_scratch/full_suite/20260302_225317/burgers1d/naspinn/rep_05/burgers1d/naspinn/nu_0.070/stage_lbfgs/result_comparison.png
PSO refinement...
======================================================================================================
n_gen  |  n_eval  |    f     |    S    |    w    |    c1    |    c2    |     f_avg     |     f_min    
======================================================================================================
     1 |       16 |        - |       - |  0.9000 |  2.00000 |  2.00000 |  6.700662E+02 |  1.322293E+02
     2 |       32 | -2.7E-01 |       3 |  0.2494 |  2.00000 |  2.01824 |  2.619207E+02 |  5.133437E+01
     3 |       48 | -2.8E-02 |       3 |  0.3824 |  1.99107 |  2.03019 |  1.385942E+02 |  2.648144E+01
     4 |       64 | -5.0E-02 |       3 |  0.3695 |  1.98092 |  2.04389 |  8.983939E+01 |  2.361408E+01
     5 |       80 | -4.2E-02 |       3 |  0.3743 |  1.96925 |  2.05421 |  6.894076E+01 |  1.733578E+01
     6 |       96 | -7.9E-02 |       3 |  0.3517 |  1.95841 |  2.06289 |  5.707576E+01 |  1.733578E+01
     7 |      112 | -1.0E-01 |       3 |  0.3386 |  1.94908 |  2.07648 |  3.378530E+01 |  9.9661617279
     8 |      128 | -7.9E-02 |       3 |  0.3516 |  1.93800 |  2.08901 |  1.505963E+01 |  8.3944873810
PSO best objective: 8.3945e+00
Saved plot: results/paper_strict_scratch/full_suite/20260302_225317/burgers1d/naspinn/rep_05/burgers1d/naspinn/nu_0.070/stage_pso/loss_curve.png
Saved plot: results/paper_strict_scratch/full_suite/20260302_225317/burgers1d/naspinn/rep_05/burgers1d/naspinn/nu_0.070/stage_pso/result_comparison.png
Selected best stage: lbfgs (rel_l2=5.2395e-04)
Run time: 1871.95 s
[OK  ] naspinn/burgers1d/nu_0.070 (rep=5)
Saved summary CSV: results/paper_strict_scratch/full_suite/20260302_225317/burgers1d/naspinn/summary_burgers1d_naspinn.csv
Saved summary JSON: results/paper_strict_scratch/full_suite/20260302_225317/burgers1d/naspinn/summary_burgers1d_naspinn.json
[OK  ] burgers1d/naspinn
