============================================================
[RUN ] burgers1d/nsga2
  out: results/paper_strict_scratch/full_suite/20260302_225317/burgers1d/nsga2
  log: results/paper_strict_scratch/full_suite/20260302_225317/logs/burgers1d_nsga2.log
Using device: cuda
Config: {'name': 'burgers1d', 'input_dim': 2, 'hidden_layers': 5, 'base_neurons': 128, 'mask_levels': (20, 40, 64, 96, 128, 192), 'lambda_pde': 1.0, 'lambda_ic': 100.0, 'lambda_bc': 100.0, 'repeats': 5, 'base_seed': 42, 'stage': {'epochs': 30000, 'inner_lr': 0.001, 'outer_lr': 0.0003, 'outer_every': 5, 'lbfgs_max_iter': 6000, 'pso_iters': 8, 'pso_swarm': 16, 'pso_span': 0.25}, 'search': {'proxy_epochs': 400, 'pop_size': 12, 'n_gen': 6, 'ref_partitions': 12, 'bo_init_points': 4, 'bo_iters': 12}}
========================================================================
[RUN ] nsga2/burgers1d/nu_0.010 (seed=42)
Starting NSGA-II architecture search: case=nu_0.010
==========================================================
n_gen  |  n_eval  | n_nds  |      eps      |   indicator  
==========================================================
     1 |       12 |      4 |             - |             -
     2 |       24 |      6 |  0.2442967776 |         ideal
     3 |       36 |      6 |  0.0110895969 |         ideal
     4 |       48 |      7 |  0.1091422299 |         ideal
     5 |       60 |     12 |  0.0597168977 |         ideal
     6 |       72 |     12 |  0.000000E+00 |             f
Best mask selections: [5, 4, 0, 1, 2]
Adam [    0] loss: 5.1303e+01
Adam [ 1999] loss: 1.9152e-01
Adam [ 3999] loss: 7.4481e-02
