
#######################################################
  Running NSGA2 ...
#######################################################

#######################################################
  Experiment: QUENCHING + NSGA2
  Adam epochs: 20000  |  L-BFGS: False  |  PSO: False
  Time mode: FULL  |  Fixed skip stride: 2
#######################################################

[Step 1/4] Architecture Search (NSGA2) ...

=======================================================
  NSGA-II Architecture Search  [NAS-PINNS1]
  Pop: 24  |  Gens: 20  |  L: [3,6]  N: [64,160]
  SBX: prob=0.9 eta=15  |  PM: eta=20
=======================================================
==========================================================
n_gen  |  n_eval  | n_nds  |      eps      |   indicator  
==========================================================
     1 |       24 |      4 |             - |             -
     2 |       48 |     10 |  0.3988819423 |         ideal
     3 |       72 |     19 |  0.1875351611 |         ideal
     4 |       96 |     11 |  0.0072821075 |         ideal
     5 |      120 |     20 |  0.0138226024 |         ideal
     6 |      144 |     17 |  0.0187518376 |         ideal
     7 |      168 |     14 |  0.0231076019 |         ideal
     8 |      192 |     18 |  0.0062508846 |         ideal
     9 |      216 |     19 |  0.0128314135 |         ideal
    10 |      240 |     21 |  0.0103393849 |             f
    11 |      264 |     24 |  0.0130821173 |         ideal
    12 |      288 |     24 |  0.0024826536 |             f
    13 |      312 |     24 |  0.0069185740 |             f
    14 |      336 |     19 |  0.3827075706 |         ideal
    15 |      360 |     20 |  0.0027709434 |             f
    16 |      384 |     24 |  0.1785769563 |         ideal
    17 |      408 |     24 |  0.0065842426 |             f
    18 |      432 |     24 |  0.0036140055 |         ideal
    19 |      456 |     24 |  0.0029275883 |             f
    20 |      480 |     24 |  0.0368315586 |         ideal

  NSGA-II tamamlandı: 1583.0s  |  Pareto: 24 çözüm

  NAS done: 1583.0s
  Best arch: layers=3  neurons=[153, 153, 153]  act=tanh

[Step 2/4] Full Training (Adam 20000 epochs) ...

────────────────────────────────────────────────
  ADAM TRAINING  (20000 epochs)
────────────────────────────────────────────────
  Epoch    500 | Loss: 7.7182e+00 | L2: 8.3196e-01 | LR: 1.00e-03 | 5s
  Epoch   1000 | Loss: 7.6262e+00 | L2: 9.1189e-01 | LR: 9.00e-04 | 10s
  Epoch   1500 | Loss: 7.3024e+00 | L2: 9.0152e-01 | LR: 9.00e-04 | 15s
  Epoch   2000 | Loss: 7.3052e+00 | L2: 8.9354e-01 | LR: 8.10e-04 | 20s
  Epoch   2500 | Loss: 8.2144e+00 | L2: 8.8551e-01 | LR: 8.10e-04 | 25s
  Epoch   3000 | Loss: 7.5307e+00 | L2: 8.8704e-01 | LR: 7.29e-04 | 30s
  Epoch   3500 | Loss: 7.5887e+00 | L2: 8.8649e-01 | LR: 7.29e-04 | 35s
  Epoch   4000 | Loss: 6.4072e+00 | L2: 8.2227e-01 | LR: 6.56e-04 | 40s
  Epoch   4500 | Loss: 7.6135e+00 | L2: 7.9733e-01 | LR: 6.56e-04 | 45s
  Epoch   5000 | Loss: 6.2777e+00 | L2: 7.3280e-01 | LR: 5.90e-04 | 50s
  Epoch   5500 | Loss: 6.7487e+00 | L2: 7.0353e-01 | LR: 5.90e-04 | 55s
  Epoch   6000 | Loss: 1.7485e+01 | L2: 6.7327e-01 | LR: 5.31e-04 | 60s
  Epoch   6500 | Loss: 4.2197e+00 | L2: 6.7088e-01 | LR: 5.31e-04 | 65s
  Epoch   7000 | Loss: 4.9035e+00 | L2: 6.3003e-01 | LR: 4.78e-04 | 70s
  Epoch   7500 | Loss: 4.1079e+00 | L2: 6.2348e-01 | LR: 4.78e-04 | 75s
  Epoch   8000 | Loss: 4.9391e+00 | L2: 6.0175e-01 | LR: 4.30e-04 | 80s
  Epoch   8500 | Loss: 4.7923e+00 | L2: 5.8320e-01 | LR: 4.30e-04 | 85s
  Epoch   9000 | Loss: 3.1526e+00 | L2: 5.4447e-01 | LR: 3.87e-04 | 90s
  Epoch   9500 | Loss: 6.3146e+00 | L2: 5.1788e-01 | LR: 3.87e-04 | 95s
  Epoch  10000 | Loss: 3.6417e+00 | L2: 5.1387e-01 | LR: 3.49e-04 | 100s
  Epoch  10500 | Loss: 3.2867e+00 | L2: 4.8152e-01 | LR: 3.49e-04 | 105s
  Epoch  11000 | Loss: 1.9514e+01 | L2: 4.5500e-01 | LR: 3.14e-04 | 110s
  Epoch  11500 | Loss: 8.2045e+00 | L2: 4.3584e-01 | LR: 3.14e-04 | 114s
  Epoch  12000 | Loss: 2.5543e+00 | L2: 4.2504e-01 | LR: 2.82e-04 | 119s
  Epoch  12500 | Loss: 5.2589e+00 | L2: 4.0220e-01 | LR: 2.82e-04 | 124s
  Epoch  13000 | Loss: 2.9853e+00 | L2: 3.8045e-01 | LR: 2.54e-04 | 129s
  Epoch  13500 | Loss: 2.3088e+00 | L2: 3.7018e-01 | LR: 2.54e-04 | 134s
  Epoch  14000 | Loss: 2.3293e+00 | L2: 3.4912e-01 | LR: 2.29e-04 | 139s
  Epoch  14500 | Loss: 4.2905e+00 | L2: 3.3212e-01 | LR: 2.29e-04 | 144s
  Epoch  15000 | Loss: 2.6958e+00 | L2: 3.2064e-01 | LR: 2.06e-04 | 149s
  Epoch  15500 | Loss: 5.2519e+00 | L2: 3.1050e-01 | LR: 2.06e-04 | 154s
  Epoch  16000 | Loss: 2.4207e+00 | L2: 2.9726e-01 | LR: 1.85e-04 | 159s
  Epoch  16500 | Loss: 2.5820e+00 | L2: 2.8632e-01 | LR: 1.85e-04 | 164s
  Epoch  17000 | Loss: 1.6573e+00 | L2: 2.7386e-01 | LR: 1.67e-04 | 169s
  Epoch  17500 | Loss: 1.5620e+00 | L2: 2.6258e-01 | LR: 1.67e-04 | 174s
  Epoch  18000 | Loss: 3.3811e+00 | L2: 2.5775e-01 | LR: 1.50e-04 | 179s
  Epoch  18500 | Loss: 1.6819e+00 | L2: 2.4860e-01 | LR: 1.50e-04 | 184s
  Epoch  19000 | Loss: 2.4267e+00 | L2: 2.3822e-01 | LR: 1.35e-04 | 189s
  Epoch  19500 | Loss: 5.2748e+00 | L2: 2.3035e-01 | LR: 1.35e-04 | 194s
  Epoch  20000 | Loss: 3.1990e+00 | L2: 2.2364e-01 | LR: 1.22e-04 | 199s
  → Best model restored (loss=1.5620e+00)
  Adam complete: 199.4s

  Adam final L2: 2.6258e-01

====================================================
  TRAINING SUMMARY
====================================================
  Phase        |     L2 Error |   Time (s) |    Δ vs Adam
  ──────────────────────────────────────────────────
  Adam         |   2.6258e-01 |      199.4 |     baseline
====================================================
  Best phase: ADAM
====================================================

[Step 3/4] Generating plots ...
  [Plot] results/run2/quenching/nsga2/paper_reference_fig17_bottom.png kaydedildi

  [Paper Comparison] Termal metrikler:
    L2_rel  = 0.2517
    MAE     = 132.65 °C
    RMSE    = 132.71 °C
    R²      = -250.1674
  [Plot] paper_cooling_comparison.png kaydedildi

[Step 4/4] Saving results ...
  Results saved: results/run2/quenching/nsga2/results.json

#######################################################
  Running NSGA3 ...
#######################################################

#######################################################
  Experiment: QUENCHING + NSGA3
  Adam epochs: 20000  |  L-BFGS: False  |  PSO: False
  Time mode: FULL  |  Fixed skip stride: 2
#######################################################

[Step 1/4] Architecture Search (NSGA3) ...

=======================================================
  NSGA-III Architecture Search  [NAS-PINNS1]
  Pop: 24  |  Gens: 20  |  Ref dirs: 11
  SBX: prob=1.0 eta=30  |  PM: eta=20  (Pymoo_NSGA3 referans)
=======================================================
==========================================================
n_gen  |  n_eval  | n_nds  |      eps      |   indicator  
==========================================================
     1 |       24 |      3 |             - |             -
     2 |       48 |      4 |  0.0063051207 |         ideal
     3 |       72 |      1 |  0.9259000000 |         ideal
     4 |       96 |      1 |  0.000000E+00 |             f
     5 |      120 |      1 |  0.000000E+00 |             f
     6 |      144 |      1 |  0.000000E+00 |             f
     7 |      168 |      1 |  0.9576000000 |         ideal
     8 |      192 |      1 |  0.000000E+00 |             f
     9 |      216 |      1 |  0.000000E+00 |             f
    10 |      240 |      1 |  0.000000E+00 |             f
    11 |      264 |      1 |  0.000000E+00 |             f
    12 |      288 |      1 |  0.000000E+00 |             f
    13 |      312 |      1 |  0.0622000000 |         ideal
    14 |      336 |      1 |  0.000000E+00 |             f
    15 |      360 |      1 |  0.000000E+00 |             f
    16 |      384 |      1 |  0.000000E+00 |             f
    17 |      408 |      1 |  0.000000E+00 |             f
    18 |      432 |      1 |  0.000000E+00 |             f
    19 |      456 |      1 |  0.000000E+00 |             f
    20 |      480 |      1 |  0.000000E+00 |             f

  NSGA-III tamamlandı: 1608.6s  |  Pareto: 1 çözüm

  NAS done: 1608.6s
  Best arch: layers=3  neurons=[75, 75, 75]  act=tanh

[Step 2/4] Full Training (Adam 20000 epochs) ...

────────────────────────────────────────────────
  ADAM TRAINING  (20000 epochs)
────────────────────────────────────────────────
  Epoch    500 | Loss: 8.9461e+00 | L2: 9.0670e-01 | LR: 1.00e-03 | 5s
  Epoch   1000 | Loss: 7.8436e+00 | L2: 8.4039e-01 | LR: 9.00e-04 | 10s
  Epoch   1500 | Loss: 7.2208e+00 | L2: 9.1626e-01 | LR: 9.00e-04 | 16s
  Epoch   2000 | Loss: 8.2246e+00 | L2: 9.1275e-01 | LR: 8.10e-04 | 21s
  Epoch   2500 | Loss: 7.9017e+00 | L2: 8.9841e-01 | LR: 8.10e-04 | 26s
  Epoch   3000 | Loss: 7.7949e+00 | L2: 8.9731e-01 | LR: 7.29e-04 | 31s
  Epoch   3500 | Loss: 7.2793e+00 | L2: 8.8810e-01 | LR: 7.29e-04 | 37s
  Epoch   4000 | Loss: 7.7451e+00 | L2: 8.9723e-01 | LR: 6.56e-04 | 42s
  Epoch   4500 | Loss: 8.4247e+00 | L2: 8.9176e-01 | LR: 6.56e-04 | 47s
  Epoch   5000 | Loss: 7.5287e+00 | L2: 8.6459e-01 | LR: 5.90e-04 | 52s
  Epoch   5500 | Loss: 6.5991e+00 | L2: 8.2306e-01 | LR: 5.90e-04 | 58s
  Epoch   6000 | Loss: 6.2318e+00 | L2: 7.8532e-01 | LR: 5.31e-04 | 63s
  Epoch   6500 | Loss: 5.7921e+00 | L2: 7.4424e-01 | LR: 5.31e-04 | 68s
  Epoch   7000 | Loss: 5.6142e+00 | L2: 7.2365e-01 | LR: 4.78e-04 | 73s
  Epoch   7500 | Loss: 6.7604e+00 | L2: 7.0880e-01 | LR: 4.78e-04 | 78s
  Epoch   8000 | Loss: 5.4635e+00 | L2: 6.9810e-01 | LR: 4.30e-04 | 84s
  Epoch   8500 | Loss: 5.5424e+00 | L2: 6.8338e-01 | LR: 4.30e-04 | 89s
  Epoch   9000 | Loss: 4.9434e+00 | L2: 6.7028e-01 | LR: 3.87e-04 | 94s
  Epoch   9500 | Loss: 5.7254e+00 | L2: 6.6148e-01 | LR: 3.87e-04 | 99s
  Epoch  10000 | Loss: 5.5439e+00 | L2: 6.5447e-01 | LR: 3.49e-04 | 104s
  Epoch  10500 | Loss: 4.7255e+00 | L2: 6.3901e-01 | LR: 3.49e-04 | 110s
  Epoch  11000 | Loss: 4.5070e+00 | L2: 6.2794e-01 | LR: 3.14e-04 | 115s
  Epoch  11500 | Loss: 5.1085e+00 | L2: 6.1893e-01 | LR: 3.14e-04 | 120s
  Epoch  12000 | Loss: 3.8079e+00 | L2: 6.1947e-01 | LR: 2.82e-04 | 125s
  Epoch  12500 | Loss: 4.3634e+00 | L2: 6.0460e-01 | LR: 2.82e-04 | 131s
  Epoch  13000 | Loss: 4.2597e+00 | L2: 5.9495e-01 | LR: 2.54e-04 | 136s
  Epoch  13500 | Loss: 4.7867e+00 | L2: 5.9195e-01 | LR: 2.54e-04 | 141s
  Epoch  14000 | Loss: 3.6800e+00 | L2: 5.8165e-01 | LR: 2.29e-04 | 147s
  Epoch  14500 | Loss: 1.1316e+01 | L2: 5.7314e-01 | LR: 2.29e-04 | 152s
  Epoch  15000 | Loss: 6.0030e+00 | L2: 5.6626e-01 | LR: 2.06e-04 | 158s
  Epoch  15500 | Loss: 4.5902e+00 | L2: 5.5853e-01 | LR: 2.06e-04 | 164s
  Epoch  16000 | Loss: 4.9200e+00 | L2: 5.4930e-01 | LR: 1.85e-04 | 169s
  Epoch  16500 | Loss: 5.0847e+00 | L2: 5.4250e-01 | LR: 1.85e-04 | 175s
  Epoch  17000 | Loss: 5.1916e+00 | L2: 5.3450e-01 | LR: 1.67e-04 | 181s
  Epoch  17500 | Loss: 3.3433e+00 | L2: 5.2776e-01 | LR: 1.67e-04 | 186s
  Epoch  18000 | Loss: 3.8864e+00 | L2: 5.2258e-01 | LR: 1.50e-04 | 192s
  Epoch  18500 | Loss: 3.7369e+00 | L2: 5.1434e-01 | LR: 1.50e-04 | 198s
  Epoch  19000 | Loss: 4.8123e+00 | L2: 5.1142e-01 | LR: 1.35e-04 | 203s
  Epoch  19500 | Loss: 3.4233e+00 | L2: 5.0346e-01 | LR: 1.35e-04 | 209s
  Epoch  20000 | Loss: 3.7740e+00 | L2: 4.9884e-01 | LR: 1.22e-04 | 214s
  → Best model restored (loss=3.3433e+00)
  Adam complete: 214.0s

  Adam final L2: 5.2776e-01

====================================================
  TRAINING SUMMARY
====================================================
  Phase        |     L2 Error |   Time (s) |    Δ vs Adam
  ──────────────────────────────────────────────────
  Adam         |   5.2776e-01 |      214.0 |     baseline
====================================================
  Best phase: ADAM
====================================================

[Step 3/4] Generating plots ...
  [Plot] results/run2/quenching/nsga3/paper_reference_fig17_bottom.png kaydedildi

  [Paper Comparison] Termal metrikler:
    L2_rel  = 0.5129
    MAE     = 270.31 °C
    RMSE    = 270.46 °C
    R²      = -1042.1435
  [Plot] paper_cooling_comparison.png kaydedildi

[Step 4/4] Saving results ...
  Results saved: results/run2/quenching/nsga3/results.json

#######################################################
  Running BAYESIAN ...
#######################################################

#######################################################
  Experiment: QUENCHING + BAYESIAN
  Adam epochs: 20000  |  L-BFGS: False  |  PSO: False
  Time mode: FULL  |  Fixed skip stride: 2
#######################################################

[Step 1/4] Architecture Search (BAYESIAN) ...

=======================================================
  Bayesian Optimization  [NAS-PINNS1 / bayes_opt]
  init_points: 4  |  n_iter: 16  |  total: 20
=======================================================
|   iter    |  target   |  layers   |  neurons  | activa... |
-------------------------------------------------------------
  → Yeni en iyi: L2=0.911137  L=4  N=155  act=relu
| [39m1        [39m | [39m-0.911137[39m | [39m4.1236203[39m | [39m155.26857[39m | [39m2.9279757[39m |
| [39m2        [39m | [39m-0.943702[39m | [39m4.7959754[39m | [39m78.977789[39m | [39m0.6239780[39m |
| [39m3        [39m | [39m-0.912630[39m | [39m3.1742508[39m | [39m147.15290[39m | [39m2.4044600[39m |
  → Yeni en iyi: L2=0.898946  L=5  N=66  act=gelu
| [35m4        [39m | [35m-0.898945[39m | [35m5.1242177[39m | [35m65.976111[39m | [35m3.8796394[39m |
| [39m5        [39m | [39m-0.912228[39m | [39m4.5227948[39m | [39m67.089340[39m | [39m3.8288201[39m |
| [39m6        [39m | [39m-0.901606[39m | [39m5.8906219[39m | [39m64.545709[39m | [39m3.9333419[39m |
| [39m7        [39m | [39m-0.917880[39m | [39m3.2704150[39m | [39m64.072083[39m | [39m3.7224266[39m |
| [39m8        [39m | [39m-0.912676[39m | [39m6.0      [39m | [39m65.689178[39m | [39m2.0592690[39m |
| [39m9        [39m | [39m-0.905675[39m | [39m3.1103507[39m | [39m151.82290[39m | [39m2.7013049[39m |
  → Yeni en iyi: L2=0.894966  L=5  N=152  act=gelu
| [35m10       [39m | [35m-0.894965[39m | [35m5.3156685[39m | [35m151.81646[39m | [35m3.6543298[39m |
| [39m11       [39m | [39m-0.906760[39m | [39m5.9844648[39m | [39m151.35196[39m | [39m2.1182430[39m |
| [39m12       [39m | [39m-0.905893[39m | [39m4.7527357[39m | [39m150.36733[39m | [39m4.0      [39m |
| [39m13       [39m | [39m-0.914232[39m | [39m6.0      [39m | [39m153.16030[39m | [39m4.0      [39m |
| [39m14       [39m | [39m-0.899801[39m | [39m4.2813826[39m | [39m151.97046[39m | [39m3.9575845[39m |
  → Yeni en iyi: L2=0.893487  L=5  N=152  act=relu
| [35m15       [39m | [35m-0.893486[39m | [35m4.7198601[39m | [35m152.29159[39m | [35m2.6438689[39m |
| [39m16       [39m | [39m-0.920767[39m | [39m4.3901434[39m | [39m152.91979[39m | [39m1.0642144[39m |
  → Yeni en iyi: L2=0.870004  L=5  N=151  act=relu
| [35m17       [39m | [35m-0.870004[39m | [35m4.6319292[39m | [35m151.33033[39m | [35m2.8512969[39m |
| [39m18       [39m | [39m-0.905592[39m | [39m4.4457092[39m | [39m150.99317[39m | [39m2.4490790[39m |
| [39m19       [39m | [39m-0.904616[39m | [39m3.8427454[39m | [39m150.92342[39m | [39m2.8655111[39m |
| [39m20       [39m | [39m-0.934720[39m | [39m3.1170162[39m | [39m101.20175[39m | [39m0.9614328[39m |
=============================================================

  Bayesian tamamlandı: 149.9s  |  En iyi L2: 0.870004
  En iyi mimari: L=5  N=151

  NAS done: 149.9s
  Best arch: layers=5  neurons=[151, 151, 151, 151, 151]  act=relu

[Step 2/4] Full Training (Adam 20000 epochs) ...

────────────────────────────────────────────────
  ADAM TRAINING  (20000 epochs)
────────────────────────────────────────────────
  Epoch    500 | Loss: 7.2818e+00 | L2: 9.4226e-01 | LR: 1.00e-03 | 6s
  Epoch   1000 | Loss: 1.5327e+02 | L2: 5.3044e-01 | LR: 9.00e-04 | 12s
  Epoch   1500 | Loss: 1.4040e+02 | L2: 2.0369e-01 | LR: 9.00e-04 | 17s
  Epoch   2000 | Loss: 9.8069e+00 | L2: 5.9925e-01 | LR: 8.10e-04 | 23s
  Epoch   2500 | Loss: 3.1000e+00 | L2: 3.4067e-01 | LR: 8.10e-04 | 29s
  Epoch   3000 | Loss: 4.1810e+00 | L2: 6.8127e-01 | LR: 7.29e-04 | 35s
  Epoch   3500 | Loss: 9.2478e+00 | L2: 3.0408e-01 | LR: 7.29e-04 | 41s
  Epoch   4000 | Loss: 3.1938e+00 | L2: 6.4695e-01 | LR: 6.56e-04 | 46s
  Epoch   4500 | Loss: 2.1925e+01 | L2: 1.8729e-01 | LR: 6.56e-04 | 52s
  Epoch   5000 | Loss: 2.9662e+00 | L2: 4.3761e-01 | LR: 5.90e-04 | 58s
  Epoch   5500 | Loss: 7.3253e+01 | L2: 2.1884e-01 | LR: 5.90e-04 | 64s
  Epoch   6000 | Loss: 2.1447e+00 | L2: 1.0573e-01 | LR: 5.31e-04 | 70s
  Epoch   6500 | Loss: 1.7158e+00 | L2: 1.0569e-01 | LR: 5.31e-04 | 76s
  Epoch   7000 | Loss: 4.1880e+01 | L2: 1.3537e-01 | LR: 4.78e-04 | 81s
  Epoch   7500 | Loss: 1.7056e+00 | L2: 2.6018e-02 | LR: 4.78e-04 | 87s
  Epoch   8000 | Loss: 1.8703e+00 | L2: 9.5905e-02 | LR: 4.30e-04 | 93s
  Epoch   8500 | Loss: 1.6474e+01 | L2: 4.8278e-02 | LR: 4.30e-04 | 99s
  Epoch   9000 | Loss: 5.9878e+00 | L2: 4.7357e-02 | LR: 3.87e-04 | 104s
  Epoch   9500 | Loss: 5.7279e+01 | L2: 1.4595e-01 | LR: 3.87e-04 | 110s
  Epoch  10000 | Loss: 1.8192e+01 | L2: 5.4252e-02 | LR: 3.49e-04 | 116s
  Epoch  10500 | Loss: 8.0861e-01 | L2: 2.6141e-02 | LR: 3.49e-04 | 122s
  Epoch  11000 | Loss: 4.9779e+00 | L2: 6.8557e-02 | LR: 3.14e-04 | 128s
  Epoch  11500 | Loss: 5.7681e+00 | L2: 8.6782e-02 | LR: 3.14e-04 | 134s
  Epoch  12000 | Loss: 1.2360e+02 | L2: 6.2885e-02 | LR: 2.82e-04 | 140s
  Epoch  12500 | Loss: 4.6677e+01 | L2: 7.2440e-02 | LR: 2.82e-04 | 145s
  Epoch  13000 | Loss: 1.1895e+00 | L2: 4.5117e-02 | LR: 2.54e-04 | 151s
  Epoch  13500 | Loss: 6.7430e-01 | L2: 4.7346e-02 | LR: 2.54e-04 | 157s
  Epoch  14000 | Loss: 4.3963e+01 | L2: 6.0779e-02 | LR: 2.29e-04 | 163s
  Epoch  14500 | Loss: 4.4979e+01 | L2: 7.4725e-02 | LR: 2.29e-04 | 169s
  Epoch  15000 | Loss: 8.9473e+01 | L2: 6.1042e-02 | LR: 2.06e-04 | 174s
  Epoch  15500 | Loss: 8.5552e+00 | L2: 2.3784e-02 | LR: 2.06e-04 | 180s
  Epoch  16000 | Loss: 5.3947e+00 | L2: 8.0591e-02 | LR: 1.85e-04 | 186s
  Epoch  16500 | Loss: 5.6460e+01 | L2: 4.3235e-02 | LR: 1.85e-04 | 192s
  Epoch  17000 | Loss: 2.7463e+00 | L2: 4.0668e-02 | LR: 1.67e-04 | 198s
  Epoch  17500 | Loss: 5.3075e-01 | L2: 5.0588e-02 | LR: 1.67e-04 | 203s
  Epoch  18000 | Loss: 4.4861e-01 | L2: 1.8813e-02 | LR: 1.50e-04 | 209s
  Epoch  18500 | Loss: 4.6970e-01 | L2: 4.5337e-02 | LR: 1.50e-04 | 215s
  Epoch  19000 | Loss: 1.1187e+00 | L2: 1.7184e-02 | LR: 1.35e-04 | 221s
  Epoch  19500 | Loss: 3.2469e-01 | L2: 6.6364e-02 | LR: 1.35e-04 | 227s
  Epoch  20000 | Loss: 9.9476e-01 | L2: 3.0299e-02 | LR: 1.22e-04 | 232s
  → Best model restored (loss=3.2469e-01)
  Adam complete: 232.3s

  Adam final L2: 6.6364e-02

====================================================
  TRAINING SUMMARY
====================================================
  Phase        |     L2 Error |   Time (s) |    Δ vs Adam
  ──────────────────────────────────────────────────
  Adam         |   6.6364e-02 |      232.3 |     baseline
====================================================
  Best phase: ADAM
====================================================

[Step 3/4] Generating plots ...
  [Plot] results/run2/quenching/bayesian/paper_reference_fig17_bottom.png kaydedildi

  [Paper Comparison] Termal metrikler:
    L2_rel  = 0.0764
    MAE     = 39.15 °C
    RMSE    = 40.26 °C
    R²      = -22.1182
  [Plot] paper_cooling_comparison.png kaydedildi

[Step 4/4] Saving results ...
  Results saved: results/run2/quenching/bayesian/results.json

================================================================================
  FULL COMPARISON TABLE
================================================================================
  Optimizer    |    Adam L2 |   LBFGS L2 |     PSO L2 |    MAE(°C) |       R2 |  Skip%
  ────────────────────────────────────────────────────────────────────────────
  nsga2        | 2.6258e-01 |          - |          - |   132.6498 | -250.1674 |   0.0%
  nsga3        | 5.2776e-01 |          - |          - |   270.3124 | -1042.1435 |   0.0%
  bayesian     | 6.6364e-02 |          - |          - |    39.1474 | -22.1182 |   0.0%
================================================================================

  Comparison saved: results/run2/comparison.json
