nohup: ignoring input
[RUN ] nsga3/annulus
Using device: cuda
Starting NSGA-III architecture search: domain=annulus
==========================================================
n_gen  |  n_eval  | n_nds  |      eps      |   indicator  
==========================================================
     1 |       13 |      1 |             - |             -
     2 |       26 |      1 |  4.4137090445 |         ideal
     3 |       39 |      1 |  0.1308192015 |         ideal
     4 |       52 |      1 |  0.5687975883 |         ideal
     5 |       65 |      1 |  0.000000E+00 |             f
     6 |       78 |      1 |  0.000000E+00 |             f
     7 |       91 |      1 |  0.000000E+00 |             f
     8 |      104 |      1 |  0.000000E+00 |             f
     9 |      117 |      1 |  0.000000E+00 |             f
    10 |      130 |      1 |  0.000000E+00 |             f
    11 |      143 |      1 |  0.000000E+00 |             f
    12 |      156 |      1 |  0.000000E+00 |             f
    13 |      169 |      1 |  0.000000E+00 |             f
    14 |      182 |      1 |  0.000000E+00 |             f
    15 |      195 |      1 |  0.000000E+00 |             f
    16 |      208 |      1 |  0.000000E+00 |             f
    17 |      221 |      1 |  0.000000E+00 |             f
    18 |      234 |      1 |  0.000000E+00 |             f
    19 |      247 |      1 |  0.000000E+00 |             f
    20 |      260 |      1 |  0.000000E+00 |             f
Best mask selections: [4 2 2 2 3]
Adam [    0] loss: 7.5303e+01
Adam [ 2000] loss: 3.9843e+00
Adam [ 4000] loss: 6.3375e-01
Adam [ 6000] loss: 2.8628e-01
Adam [ 8000] loss: 1.6044e-01
Adam [10000] loss: 9.5633e-02
Adam [11999] loss: 7.0406e-02

L-BFGS refinement...

PSO refinement...
Stopping search: maximum iterations reached --> 8
PSO best objective: 3.5552e+01
Saved plot: results/pipeline_runs/20260227_202723/artifacts/rep_01/poisson/nsga3/domain_annulus/poisson_nsga3_loss_curve.png

Relative L2 error (annulus, grid 500x500): 1.2878e+00
Saved CSV: results/pipeline_runs/20260227_202723/artifacts/rep_01/poisson/nsga3/domain_annulus/results_summary.csv
Run time: 2559.49 s
[RUN ] bayesian/rectangular
Using device: cuda
Starting Bayesian architecture search: domain=rectangular
|   iter    |  target   |    m0     |    m1     |    m2     |    m3     |    m4     |
-------------------------------------------------------------------------------------
BO eval masks=[1, 4, 3, 2, 1] proxy_loss=2.0880e+01
| [39m1        [39m | [39m-20.87989[39m | [39m1.4981604[39m | [39m3.8028572[39m | [39m2.9279757[39m | [39m2.3946339[39m | [39m0.6240745[39m |
BO eval masks=[1, 0, 3, 2, 3] proxy_loss=1.5532e+01
| [35m2        [39m | [35m-15.53187[39m | [35m0.6239780[39m | [35m0.2323344[39m | [35m3.4647045[39m | [35m2.4044600[39m | [35m2.8322903[39m |
BO eval masks=[0, 4, 3, 1, 1] proxy_loss=1.8442e+01
| [39m3        [39m | [39m-18.44156[39m | [39m0.0823379[39m | [39m3.8796394[39m | [39m3.3297705[39m | [39m0.8493564[39m | [39m0.7272998[39m |
BO eval masks=[1, 1, 2, 2, 1] proxy_loss=1.6568e+01
| [39m4        [39m | [39m-16.56807[39m | [39m0.7336180[39m | [39m1.2169689[39m | [39m2.0990257[39m | [39m1.7277800[39m | [39m1.1649165[39m |
BO eval masks=[0, 0, 2, 1, 3] proxy_loss=2.1385e+01
| [39m5        [39m | [39m-21.38493[39m | [39m0.0      [39m | [39m0.0      [39m | [39m2.2111686[39m | [39m1.3612022[39m | [39m2.8372582[39m |
BO eval masks=[3, 1, 3, 2, 0] proxy_loss=1.1154e+01
| [35m6        [39m | [35m-11.15449[39m | [35m2.5954691[39m | [35m0.6145504[39m | [35m3.0371981[39m | [35m2.3851270[39m | [35m0.1266270[39m |
BO eval masks=[0, 1, 1, 0, 3] proxy_loss=2.1103e+01
| [39m7        [39m | [39m-21.10266[39m | [39m0.3621292[39m | [39m1.2601570[39m | [39m0.9697724[39m | [39m0.0031010[39m | [39m2.5465360[39m |
BO eval masks=[0, 3, 1, 4, 2] proxy_loss=1.6442e+01
| [39m8        [39m | [39m-16.44184[39m | [39m0.4030493[39m | [39m2.5381758[39m | [39m1.1210886[39m | [39m3.5309164[39m | [39m1.8957613[39m |
BO eval masks=[3, 2, 0, 3, 4] proxy_loss=6.7083e+00
| [35m9        [39m | [35m-6.708290[39m | [35m3.1270438[39m | [35m1.6666627[39m | [35m0.4364208[39m | [35m3.0570021[39m | [35m3.8287733[39m |
BO eval masks=[4, 1, 1, 4, 3] proxy_loss=7.3397e+00
| [39m10       [39m | [39m-7.339697[39m | [39m3.9568045[39m | [39m0.8143435[39m | [39m1.2525490[39m | [39m3.5589053[39m | [39m2.9079869[39m |
BO eval masks=[4, 3, 0, 4, 4] proxy_loss=7.0926e+00
| [39m11       [39m | [39m-7.092624[39m | [39m4.0      [39m | [39m3.1822888[39m | [39m0.0      [39m | [39m4.0      [39m | [39m4.0      [39m |
BO eval masks=[4, 1, 4, 4, 4] proxy_loss=5.9480e+00
| [35m12       [39m | [35m-5.947990[39m | [35m4.0      [39m | [35m1.3301372[39m | [35m4.0      [39m | [35m4.0      [39m | [35m4.0      [39m |
BO eval masks=[4, 0, 4, 1, 4] proxy_loss=1.4304e+01
| [39m13       [39m | [39m-14.30408[39m | [39m4.0      [39m | [39m0.0      [39m | [39m4.0      [39m | [39m1.4605326[39m | [39m4.0      [39m |
BO eval masks=[4, 3, 3, 4, 4] proxy_loss=6.0105e+00
| [39m14       [39m | [39m-6.010493[39m | [39m4.0      [39m | [39m3.3824169[39m | [39m2.8285673[39m | [39m4.0      [39m | [39m4.0      [39m |
BO eval masks=[4, 0, 0, 4, 0] proxy_loss=5.3708e+00
| [35m15       [39m | [35m-5.370765[39m | [35m4.0      [39m | [35m0.0      [39m | [35m0.0      [39m | [35m4.0      [39m | [35m0.0      [39m |
BO eval masks=[4, 0, 0, 1, 0] proxy_loss=6.2838e+00
| [39m16       [39m | [39m-6.283839[39m | [39m4.0      [39m | [39m0.0      [39m | [39m0.0      [39m | [39m1.0221844[39m | [39m0.0      [39m |
=====================================================================================
Best mask selections: [4 0 0 4 0]
Adam [    0] loss: 9.8010e+01
Adam [ 2000] loss: 3.7291e-01
Adam [ 4000] loss: 9.2008e-02
Adam [ 6000] loss: 4.4831e-02
Adam [ 8000] loss: 2.5390e-02
Adam [10000] loss: 1.3560e-02
Adam [11999] loss: 1.5060e-02

L-BFGS refinement...

PSO refinement...
Stopping search: maximum iterations reached --> 8
PSO best objective: 2.7438e+01
Saved plot: results/pipeline_runs/20260227_202723/artifacts/rep_01/poisson/bayesian/domain_rectangular/poisson_bayesian_loss_curve.png

Relative L2 error (rectangular, grid 500x500): 1.9639e+00
Saved CSV: results/pipeline_runs/20260227_202723/artifacts/rep_01/poisson/bayesian/domain_rectangular/results_summary.csv
Run time: 422.39 s
[RUN ] bayesian/circle
Using device: cuda
Starting Bayesian architecture search: domain=circle
|   iter    |  target   |    m0     |    m1     |    m2     |    m3     |    m4     |
-------------------------------------------------------------------------------------
BO eval masks=[0, 2, 1, 1, 1] proxy_loss=5.5464e+01
| [39m1        [39m | [39m-55.46447[39m | [39m0.4602182[39m | [39m2.4362661[39m | [39m0.5335638[39m | [39m0.9623584[39m | [39m1.3085562[39m |
BO eval masks=[3, 3, 2, 0, 3] proxy_loss=1.2164e+01
| [35m2        [39m | [35m-12.16354[39m | [35m3.4365499[39m | [35m2.6643608[39m | [35m2.1646488[39m | [35m0.1160552[39m | [35m2.9349931[39m |
BO eval masks=[2, 3, 1, 0, 3] proxy_loss=3.5865e+01
| [39m3        [39m | [39m-35.86454[39m | [39m1.5798000[39m | [39m3.2081884[39m | [39m1.0176845[39m | [39m0.2275397[39m | [39m3.4665945[39m |
BO eval masks=[1, 2, 1, 0, 3] proxy_loss=4.1321e+01
| [39m4        [39m | [39m-41.32101[39m | [39m0.8841159[39m | [39m1.6199577[39m | [39m1.2643858[39m | [39m0.3066507[39m | [39m3.3728987[39m |
BO eval masks=[4, 3, 4, 0, 4] proxy_loss=1.9635e+01
| [39m5        [39m | [39m-19.63482[39m | [39m4.0      [39m | [39m3.1149109[39m | [39m3.5492866[39m | [39m0.0      [39m | [39m3.7882629[39m |
BO eval masks=[4, 1, 3, 0, 2] proxy_loss=1.9454e+00
| [35m6        [39m | [35m-1.945424[39m | [35m4.0      [39m | [35m1.1397900[39m | [35m3.4155227[39m | [35m0.0      [39m | [35m1.7073934[39m |
BO eval masks=[4, 0, 4, 3, 2] proxy_loss=8.6977e+00
| [39m7        [39m | [39m-8.697655[39m | [39m4.0      [39m | [39m0.0      [39m | [39m4.0      [39m | [39m2.7895788[39m | [39m1.6270734[39m |
BO eval masks=[4, 3, 4, 1, 0] proxy_loss=1.7914e+01
| [39m8        [39m | [39m-17.91381[39m | [39m4.0      [39m | [39m3.1013181[39m | [39m4.0      [39m | [39m1.3848350[39m | [39m0.0      [39m |
BO eval masks=[4, 0, 2, 0, 0] proxy_loss=1.9999e+00
| [39m9        [39m | [39m-1.999875[39m | [39m4.0      [39m | [39m0.0      [39m | [39m1.8175588[39m | [39m0.0      [39m | [39m0.0      [39m |
BO eval masks=[4, 0, 1, 0, 3] proxy_loss=4.3817e+01
| [39m10       [39m | [39m-43.81671[39m | [39m4.0      [39m | [39m0.0      [39m | [39m0.8636189[39m | [39m0.0      [39m | [39m3.4947176[39m |
BO eval masks=[4, 0, 4, 0, 0] proxy_loss=2.7604e+01
| [39m11       [39m | [39m-27.60365[39m | [39m4.0      [39m | [39m0.0      [39m | [39m4.0      [39m | [39m0.0      [39m | [39m0.0      [39m |
BO eval masks=[4, 1, 2, 1, 1] proxy_loss=2.1842e+01
| [39m12       [39m | [39m-21.84224[39m | [39m4.0      [39m | [39m1.2551316[39m | [39m2.2487740[39m | [39m1.2998365[39m | [39m0.9278129[39m |
BO eval masks=[4, 1, 4, 1, 3] proxy_loss=2.4388e+01
| [39m13       [39m | [39m-24.38819[39m | [39m3.9805269[39m | [39m1.2119105[39m | [39m4.0      [39m | [39m1.1970543[39m | [39m2.6077841[39m |
BO eval masks=[4, 2, 3, 0, 1] proxy_loss=2.6937e+01
| [39m14       [39m | [39m-26.93682[39m | [39m4.0      [39m | [39m2.4355317[39m | [39m3.1729415[39m | [39m0.0      [39m | [39m1.4990926[39m |
BO eval masks=[4, 0, 3, 0, 1] proxy_loss=2.8155e+01
| [39m15       [39m | [39m-28.15546[39m | [39m3.9956859[39m | [39m0.4544538[39m | [39m2.6056457[39m | [39m0.0      [39m | [39m1.1095299[39m |
BO eval masks=[4, 2, 4, 0, 2] proxy_loss=2.9447e+01
| [39m16       [39m | [39m-29.44696[39m | [39m3.9195661[39m | [39m1.5210497[39m | [39m3.5628314[39m | [39m0.0929923[39m | [39m1.7142923[39m |
=====================================================================================
Best mask selections: [4 1 3 0 2]
Adam [    0] loss: 9.0069e+01
Adam [ 2000] loss: 1.6450e+00
Adam [ 4000] loss: 4.0421e-01
Adam [ 6000] loss: 1.9365e-01
Adam [ 8000] loss: 1.1831e-01
Adam [10000] loss: 6.6844e-02
Adam [11999] loss: 3.9885e-02

L-BFGS refinement...

PSO refinement...
Stopping search: maximum iterations reached --> 8
PSO best objective: 5.7444e+01
Saved plot: results/pipeline_runs/20260227_202723/artifacts/rep_01/poisson/bayesian/domain_circle/poisson_bayesian_loss_curve.png

Relative L2 error (circle, grid 500x500): 1.0621e+00
Saved CSV: results/pipeline_runs/20260227_202723/artifacts/rep_01/poisson/bayesian/domain_circle/results_summary.csv
Run time: 432.66 s
[RUN ] bayesian/lshape
Using device: cuda
Starting Bayesian architecture search: domain=lshape
|   iter    |  target   |    m0     |    m1     |    m2     |    m3     |    m4     |
-------------------------------------------------------------------------------------
BO eval masks=[3, 0, 3, 1, 1] proxy_loss=6.3274e+01
| [39m1        [39m | [39m-63.27402[39m | [39m3.3393685[39m | [39m0.4191844[39m | [39m2.9785619[39m | [39m1.4420033[39m | [39m1.4372433[39m |
BO eval masks=[2, 2, 2, 2, 3] proxy_loss=6.4492e+01
| [39m2        [39m | [39m-64.49195[39m | [39m2.4369535[39m | [39m1.5751182[39m | [39m1.6362904[39m | [39m2.0396096[39m | [39m2.8405919[39m |
BO eval masks=[4, 2, 2, 0, 1] proxy_loss=2.9469e+01
| [35m3        [39m | [35m-29.46919[39m | [35m3.8421049[39m | [35m1.8264844[39m | [35m1.7106060[39m | [35m0.4538548[39m | [35m0.8715954[39m |
BO eval masks=[4, 4, 4, 3, 1] proxy_loss=5.0124e+01
| [39m4        [39m | [39m-50.12363[39m | [39m3.8298882[39m | [39m3.7734028[39m | [39m3.5272971[39m | [39m2.5856422[39m | [39m0.8552992[39m |
BO eval masks=[3, 2, 2, 2, 4] proxy_loss=1.7745e+01
| [35m5        [39m | [35m-17.74481[39m | [35m2.6594043[39m | [35m2.4130468[39m | [35m2.1208247[39m | [35m2.2639698[39m | [35m3.9212364[39m |
BO eval masks=[1, 2, 1, 0, 1] proxy_loss=6.3467e+01
| [39m6        [39m | [39m-63.46699[39m | [39m0.8169247[39m | [39m1.7152883[39m | [39m1.2984990[39m | [39m0.2715457[39m | [39m1.3982354[39m |
BO eval masks=[4, 2, 0, 3, 1] proxy_loss=7.1065e+01
| [39m7        [39m | [39m-71.06518[39m | [39m3.8691303[39m | [39m2.4739030[39m | [39m0.2957791[39m | [39m2.6155039[39m | [39m0.8663577[39m |
BO eval masks=[2, 1, 2, 0, 1] proxy_loss=6.1414e+01
| [39m8        [39m | [39m-61.41382[39m | [39m2.3949770[39m | [39m0.9809221[39m | [39m2.0659478[39m | [39m0.2637343[39m | [39m1.0523659[39m |
BO eval masks=[2, 3, 0, 1, 3] proxy_loss=6.8532e+01
| [39m9        [39m | [39m-68.53163[39m | [39m1.5738685[39m | [39m3.0708620[39m | [39m0.4969578[39m | [39m0.9517090[39m | [39m3.1818418[39m |
BO eval masks=[2, 2, 2, 0, 4] proxy_loss=6.4355e+01
| [39m10       [39m | [39m-64.35541[39m | [39m1.8936024[39m | [39m1.8370930[39m | [39m1.6606804[39m | [39m0.4730071[39m | [39m3.8314325[39m |
BO eval masks=[0, 4, 2, 3, 4] proxy_loss=6.6777e+01
| [39m11       [39m | [39m-66.77680[39m | [39m0.1924859[39m | [39m3.6922724[39m | [39m2.1754029[39m | [39m3.3632478[39m | [39m3.6993376[39m |
BO eval masks=[4, 3, 2, 4, 1] proxy_loss=6.3896e+01
| [39m12       [39m | [39m-63.89591[39m | [39m3.9481589[39m | [39m2.7283513[39m | [39m2.0170845[39m | [39m3.6643323[39m | [39m0.7259122[39m |
BO eval masks=[3, 2, 2, 2, 4] proxy_loss=1.1649e+01
| [35m13       [39m | [35m-11.64948[39m | [35m2.6547414[39m | [35m2.4543282[39m | [35m2.0991143[39m | [35m2.2934792[39m | [35m3.9306893[39m |
BO eval masks=[3, 3, 2, 2, 4] proxy_loss=6.6251e+01
| [39m14       [39m | [39m-66.25128[39m | [39m2.7099809[39m | [39m2.5905814[39m | [39m2.1857195[39m | [39m2.3521844[39m | [39m4.0      [39m |
BO eval masks=[4, 1, 2, 2, 2] proxy_loss=6.3897e+01
| [39m15       [39m | [39m-63.89658[39m | [39m3.9979479[39m | [39m1.3250604[39m | [39m2.1565514[39m | [39m2.0814250[39m | [39m1.7005289[39m |
BO eval masks=[3, 3, 2, 2, 1] proxy_loss=6.6463e+01
| [39m16       [39m | [39m-66.46269[39m | [39m2.5040333[39m | [39m2.8898503[39m | [39m1.7652952[39m | [39m1.8812104[39m | [39m0.5776592[39m |
=====================================================================================
Best mask selections: [3 2 2 2 4]
Adam [    0] loss: 9.5576e+01
Adam [ 2000] loss: 8.7609e-01
Adam [ 4000] loss: 2.6825e-01
Adam [ 6000] loss: 1.4216e-01
Adam [ 8000] loss: 6.6157e-02
Adam [10000] loss: 2.7550e-02
Adam [11999] loss: 1.4215e-02

L-BFGS refinement...
