Using device: cuda
Starting NSGA-II architecture search: domain=flower
==========================================================
n_gen  |  n_eval  | n_nds  |      eps      |   indicator  
==========================================================
     1 |       30 |      1 |             - |             -
     2 |       60 |      1 |  1.3439097404 |         ideal
     3 |       90 |      1 |  1.2736041546 |         ideal
     4 |      120 |      1 |  0.5109615326 |         ideal
     5 |      150 |      1 |  0.000000E+00 |             f
     6 |      180 |      1 |  0.000000E+00 |             f
     7 |      210 |      1 |  0.000000E+00 |             f
     8 |      240 |      1 |  0.1088316441 |         ideal
     9 |      270 |      1 |  0.6963368654 |         ideal
    10 |      300 |      1 |  0.000000E+00 |             f
    11 |      330 |      1 |  0.000000E+00 |             f
    12 |      360 |      1 |  0.000000E+00 |             f
    13 |      390 |      1 |  0.000000E+00 |             f
    14 |      420 |      1 |  0.000000E+00 |             f
    15 |      450 |      1 |  0.000000E+00 |             f
    16 |      480 |      1 |  0.000000E+00 |             f
    17 |      510 |      1 |  0.000000E+00 |             f
    18 |      540 |      1 |  0.000000E+00 |             f
    19 |      570 |      1 |  0.000000E+00 |             f
    20 |      600 |      1 |  0.000000E+00 |             f
Best mask selections: [4 4 1 2 1]
Adam [    0] loss: 9.2824e+01
Adam [ 2000] loss: 1.4640e-01
Adam [ 4000] loss: 4.2176e-02
Adam [ 6000] loss: 1.2685e-02
Adam [ 8000] loss: 6.6678e-03
Adam [10000] loss: 5.4871e-03
Adam [11999] loss: 2.8186e-03

L-BFGS refinement...

PSO refinement...
PSO best objective: 9.0666e+00
Saved plot: results/pipeline_runs/20260227_202723/artifacts/rep_01/poisson/nsga2/domain_flower/stage_adam/poisson_nsga2_loss_curve.png

Relative L2 error (flower, grid 500x500): 2.8830e-02
Saved CSV: results/pipeline_runs/20260227_202723/artifacts/rep_01/poisson/nsga2/domain_flower/stage_adam/results_summary.csv
Saved plot: results/pipeline_runs/20260227_202723/artifacts/rep_01/poisson/nsga2/domain_flower/stage_lbfgs/poisson_nsga2_loss_curve.png

Relative L2 error (flower, grid 500x500): 4.2311e-03
Saved CSV: results/pipeline_runs/20260227_202723/artifacts/rep_01/poisson/nsga2/domain_flower/stage_lbfgs/results_summary.csv
Saved plot: results/pipeline_runs/20260227_202723/artifacts/rep_01/poisson/nsga2/domain_flower/stage_pso/poisson_nsga2_loss_curve.png

Relative L2 error (flower, grid 500x500): 3.4149e-01
Saved CSV: results/pipeline_runs/20260227_202723/artifacts/rep_01/poisson/nsga2/domain_flower/stage_pso/results_summary.csv
Selected best stage: lbfgs (rel_l2=4.2311e-03)
Run time: 5599.96 s
