Using device: cuda
Starting NSGA-III architecture search: domain=annulus
==========================================================
n_gen  |  n_eval  | n_nds  |      eps      |   indicator  
==========================================================
     1 |       13 |      1 |             - |             -
     2 |       26 |      1 |  4.4137090445 |         ideal
     3 |       39 |      1 |  0.1308192015 |         ideal
     4 |       52 |      1 |  0.5687975883 |         ideal
     5 |       65 |      1 |  0.000000E+00 |             f
     6 |       78 |      1 |  0.000000E+00 |             f
     7 |       91 |      1 |  0.000000E+00 |             f
     8 |      104 |      1 |  0.000000E+00 |             f
     9 |      117 |      1 |  0.000000E+00 |             f
    10 |      130 |      1 |  0.000000E+00 |             f
    11 |      143 |      1 |  0.000000E+00 |             f
    12 |      156 |      1 |  0.000000E+00 |             f
    13 |      169 |      1 |  0.000000E+00 |             f
    14 |      182 |      1 |  0.000000E+00 |             f
    15 |      195 |      1 |  0.000000E+00 |             f
    16 |      208 |      1 |  0.000000E+00 |             f
    17 |      221 |      1 |  0.000000E+00 |             f
    18 |      234 |      1 |  0.000000E+00 |             f
    19 |      247 |      1 |  0.000000E+00 |             f
    20 |      260 |      1 |  0.000000E+00 |             f
Best mask selections: [4 2 2 2 3]
Adam [    0] loss: 7.5303e+01
