+ PYTHONUNBUFFERED=1
+ python NAS_PINNs_poisson_nsga3.py --domain rectangular --seed 42 --save-dir results/pipeline_runs/20260227_202723/artifacts/rep_01/poisson/nsga3/domain_rectangular
Using device: cuda
Starting NSGA-III architecture search: domain=rectangular
==========================================================
n_gen  |  n_eval  | n_nds  |      eps      |   indicator  
==========================================================
     1 |       13 |      1 |             - |             -
     2 |       26 |      1 |  1.6417305470 |         ideal
     3 |       39 |      1 |  0.8322379589 |         ideal
     4 |       52 |      1 |  0.8670520782 |         ideal
     5 |       65 |      1 |  0.000000E+00 |             f
     6 |       78 |      1 |  0.000000E+00 |             f
     7 |       91 |      1 |  0.1488083601 |         ideal
     8 |      104 |      1 |  0.0190683603 |         ideal
     9 |      117 |      1 |  0.000000E+00 |             f
    10 |      130 |      1 |  0.000000E+00 |             f
    11 |      143 |      1 |  0.000000E+00 |             f
    12 |      156 |      1 |  0.000000E+00 |             f
    13 |      169 |      1 |  0.000000E+00 |             f
    14 |      182 |      1 |  0.4498884678 |         ideal
    15 |      195 |      1 |  0.000000E+00 |             f
    16 |      208 |      1 |  0.000000E+00 |             f
    17 |      221 |      1 |  0.000000E+00 |             f
    18 |      234 |      1 |  0.000000E+00 |             f
    19 |      247 |      1 |  0.000000E+00 |             f
    20 |      260 |      1 |  0.000000E+00 |             f
Best mask selections: [4 3 3 0 2]
Adam [    0] loss: 9.7773e+01
Adam [ 2000] loss: 1.0150e-01
Adam [ 4000] loss: 3.3409e-02
Adam [ 6000] loss: 1.2927e-02
Adam [ 8000] loss: 1.1423e-02
Adam [10000] loss: 6.6986e-03
Adam [11999] loss: 2.3934e-03

L-BFGS refinement...

PSO refinement...
PSO best objective: 8.5884e+00
Saved plot: results/pipeline_runs/20260227_202723/artifacts/rep_01/poisson/nsga3/domain_rectangular/stage_adam/poisson_nsga3_loss_curve.png

Relative L2 error (rectangular, grid 500x500): 2.7793e-02
Saved CSV: results/pipeline_runs/20260227_202723/artifacts/rep_01/poisson/nsga3/domain_rectangular/stage_adam/results_summary.csv
Saved plot: results/pipeline_runs/20260227_202723/artifacts/rep_01/poisson/nsga3/domain_rectangular/stage_lbfgs/poisson_nsga3_loss_curve.png

Relative L2 error (rectangular, grid 500x500): 9.1342e-04
Saved CSV: results/pipeline_runs/20260227_202723/artifacts/rep_01/poisson/nsga3/domain_rectangular/stage_lbfgs/results_summary.csv
Saved plot: results/pipeline_runs/20260227_202723/artifacts/rep_01/poisson/nsga3/domain_rectangular/stage_pso/poisson_nsga3_loss_curve.png

Relative L2 error (rectangular, grid 500x500): 5.1209e-01
Saved CSV: results/pipeline_runs/20260227_202723/artifacts/rep_01/poisson/nsga3/domain_rectangular/stage_pso/results_summary.csv
Selected best stage: lbfgs (rel_l2=9.1342e-04)
Run time: 2624.30 s
