[RUN] bayesian/circle stage_adam (seed=43)
Using device: cuda
Starting Bayesian architecture search: domain=circle
|   iter    |  target   |    m0     |    m1     |    m2     |    m3     |    m4     |
-------------------------------------------------------------------------------------
BO eval masks=[0, 2, 1, 1, 1] proxy_loss=5.5464e+01
| [39m1        [39m | [39m-55.46447[39m | [39m0.4602182[39m | [39m2.4362661[39m | [39m0.5335638[39m | [39m0.9623584[39m | [39m1.3085562[39m |
BO eval masks=[3, 3, 2, 0, 3] proxy_loss=1.2164e+01
| [35m2        [39m | [35m-12.16354[39m | [35m3.4365499[39m | [35m2.6643608[39m | [35m2.1646488[39m | [35m0.1160552[39m | [35m2.9349931[39m |
BO eval masks=[2, 3, 1, 0, 3] proxy_loss=3.5865e+01
| [39m3        [39m | [39m-35.86454[39m | [39m1.5798000[39m | [39m3.2081884[39m | [39m1.0176845[39m | [39m0.2275397[39m | [39m3.4665945[39m |
BO eval masks=[1, 2, 1, 0, 3] proxy_loss=4.1321e+01
| [39m4        [39m | [39m-41.32101[39m | [39m0.8841159[39m | [39m1.6199577[39m | [39m1.2643858[39m | [39m0.3066507[39m | [39m3.3728987[39m |
BO eval masks=[4, 3, 4, 0, 4] proxy_loss=1.9635e+01
| [39m5        [39m | [39m-19.63482[39m | [39m4.0      [39m | [39m3.1149109[39m | [39m3.5492866[39m | [39m0.0      [39m | [39m3.7882629[39m |
BO eval masks=[4, 1, 3, 0, 2] proxy_loss=1.9454e+00
| [35m6        [39m | [35m-1.945424[39m | [35m4.0      [39m | [35m1.1397900[39m | [35m3.4155227[39m | [35m0.0      [39m | [35m1.7073934[39m |
BO eval masks=[4, 0, 4, 3, 2] proxy_loss=8.6977e+00
| [39m7        [39m | [39m-8.697655[39m | [39m4.0      [39m | [39m0.0      [39m | [39m4.0      [39m | [39m2.7895788[39m | [39m1.6270734[39m |
BO eval masks=[4, 3, 4, 1, 0] proxy_loss=1.7914e+01
| [39m8        [39m | [39m-17.91381[39m | [39m4.0      [39m | [39m3.1013181[39m | [39m4.0      [39m | [39m1.3848350[39m | [39m0.0      [39m |
BO eval masks=[4, 0, 2, 0, 0] proxy_loss=1.9999e+00
| [39m9        [39m | [39m-1.999875[39m | [39m4.0      [39m | [39m0.0      [39m | [39m1.8175588[39m | [39m0.0      [39m | [39m0.0      [39m |
BO eval masks=[4, 0, 1, 0, 3] proxy_loss=4.3817e+01
| [39m10       [39m | [39m-43.81671[39m | [39m4.0      [39m | [39m0.0      [39m | [39m0.8636189[39m | [39m0.0      [39m | [39m3.4947176[39m |
BO eval masks=[4, 0, 4, 0, 0] proxy_loss=2.7604e+01
| [39m11       [39m | [39m-27.60365[39m | [39m4.0      [39m | [39m0.0      [39m | [39m4.0      [39m | [39m0.0      [39m | [39m0.0      [39m |
BO eval masks=[4, 1, 2, 1, 1] proxy_loss=2.1842e+01
| [39m12       [39m | [39m-21.84224[39m | [39m4.0      [39m | [39m1.2551316[39m | [39m2.2487740[39m | [39m1.2998365[39m | [39m0.9278129[39m |
BO eval masks=[4, 1, 4, 1, 3] proxy_loss=2.4388e+01
| [39m13       [39m | [39m-24.38819[39m | [39m3.9805269[39m | [39m1.2119105[39m | [39m4.0      [39m | [39m1.1970543[39m | [39m2.6077841[39m |
BO eval masks=[4, 2, 3, 0, 1] proxy_loss=2.6937e+01
| [39m14       [39m | [39m-26.93682[39m | [39m4.0      [39m | [39m2.4355317[39m | [39m3.1729415[39m | [39m0.0      [39m | [39m1.4990926[39m |
BO eval masks=[4, 0, 3, 0, 1] proxy_loss=2.8155e+01
| [39m15       [39m | [39m-28.15546[39m | [39m3.9956859[39m | [39m0.4544538[39m | [39m2.6056457[39m | [39m0.0      [39m | [39m1.1095299[39m |
BO eval masks=[4, 2, 4, 0, 2] proxy_loss=2.9447e+01
| [39m16       [39m | [39m-29.44696[39m | [39m3.9195661[39m | [39m1.5210497[39m | [39m3.5628314[39m | [39m0.0929923[39m | [39m1.7142923[39m |
=====================================================================================
Best mask selections: [4 1 3 0 2]
Adam [    0] loss: 9.0069e+01
Adam [ 2000] loss: 1.6450e+00
Adam [ 4000] loss: 4.0421e-01
Adam [ 6000] loss: 1.9365e-01
Adam [ 8000] loss: 1.1831e-01
Adam [10000] loss: 6.6844e-02
Adam [11999] loss: 3.9885e-02
Saved plot: results/pipeline_runs/20260227_202723/artifacts/rep_01/poisson/bayesian/domain_circle/stage_adam/poisson_bayesian_loss_curve.png

Relative L2 error (circle, grid 500x500): 2.5355e-01
Saved CSV: results/pipeline_runs/20260227_202723/artifacts/rep_01/poisson/bayesian/domain_circle/stage_adam/results_summary.csv
Run time: 376.76 s
[RUN] bayesian/circle stage_lbfgs (seed=43)
Using device: cuda
Starting Bayesian architecture search: domain=circle
|   iter    |  target   |    m0     |    m1     |    m2     |    m3     |    m4     |
-------------------------------------------------------------------------------------
BO eval masks=[0, 2, 1, 1, 1] proxy_loss=5.5464e+01
| [39m1        [39m | [39m-55.46447[39m | [39m0.4602182[39m | [39m2.4362661[39m | [39m0.5335638[39m | [39m0.9623584[39m | [39m1.3085562[39m |
BO eval masks=[3, 3, 2, 0, 3] proxy_loss=1.2164e+01
| [35m2        [39m | [35m-12.16354[39m | [35m3.4365499[39m | [35m2.6643608[39m | [35m2.1646488[39m | [35m0.1160552[39m | [35m2.9349931[39m |
BO eval masks=[2, 3, 1, 0, 3] proxy_loss=3.5865e+01
| [39m3        [39m | [39m-35.86454[39m | [39m1.5798000[39m | [39m3.2081884[39m | [39m1.0176845[39m | [39m0.2275397[39m | [39m3.4665945[39m |
BO eval masks=[1, 2, 1, 0, 3] proxy_loss=4.1321e+01
| [39m4        [39m | [39m-41.32101[39m | [39m0.8841159[39m | [39m1.6199577[39m | [39m1.2643858[39m | [39m0.3066507[39m | [39m3.3728987[39m |
BO eval masks=[4, 3, 4, 0, 4] proxy_loss=1.9635e+01
| [39m5        [39m | [39m-19.63482[39m | [39m4.0      [39m | [39m3.1149109[39m | [39m3.5492866[39m | [39m0.0      [39m | [39m3.7882629[39m |
BO eval masks=[4, 1, 3, 0, 2] proxy_loss=1.9454e+00
| [35m6        [39m | [35m-1.945424[39m | [35m4.0      [39m | [35m1.1397900[39m | [35m3.4155227[39m | [35m0.0      [39m | [35m1.7073934[39m |
BO eval masks=[4, 0, 4, 3, 2] proxy_loss=8.6977e+00
| [39m7        [39m | [39m-8.697655[39m | [39m4.0      [39m | [39m0.0      [39m | [39m4.0      [39m | [39m2.7895788[39m | [39m1.6270734[39m |
BO eval masks=[4, 3, 4, 1, 0] proxy_loss=1.7914e+01
| [39m8        [39m | [39m-17.91381[39m | [39m4.0      [39m | [39m3.1013181[39m | [39m4.0      [39m | [39m1.3848350[39m | [39m0.0      [39m |
BO eval masks=[4, 0, 2, 0, 0] proxy_loss=1.9999e+00
| [39m9        [39m | [39m-1.999875[39m | [39m4.0      [39m | [39m0.0      [39m | [39m1.8175588[39m | [39m0.0      [39m | [39m0.0      [39m |
BO eval masks=[4, 0, 1, 0, 3] proxy_loss=4.3817e+01
| [39m10       [39m | [39m-43.81671[39m | [39m4.0      [39m | [39m0.0      [39m | [39m0.8636189[39m | [39m0.0      [39m | [39m3.4947176[39m |
BO eval masks=[4, 0, 4, 0, 0] proxy_loss=2.7604e+01
| [39m11       [39m | [39m-27.60365[39m | [39m4.0      [39m | [39m0.0      [39m | [39m4.0      [39m | [39m0.0      [39m | [39m0.0      [39m |
BO eval masks=[4, 1, 2, 1, 1] proxy_loss=2.1842e+01
| [39m12       [39m | [39m-21.84224[39m | [39m4.0      [39m | [39m1.2551316[39m | [39m2.2487740[39m | [39m1.2998365[39m | [39m0.9278129[39m |
BO eval masks=[4, 1, 4, 1, 3] proxy_loss=2.4388e+01
| [39m13       [39m | [39m-24.38819[39m | [39m3.9805269[39m | [39m1.2119105[39m | [39m4.0      [39m | [39m1.1970543[39m | [39m2.6077841[39m |
BO eval masks=[4, 2, 3, 0, 1] proxy_loss=2.6937e+01
| [39m14       [39m | [39m-26.93682[39m | [39m4.0      [39m | [39m2.4355317[39m | [39m3.1729415[39m | [39m0.0      [39m | [39m1.4990926[39m |
BO eval masks=[4, 0, 3, 0, 1] proxy_loss=2.8155e+01
| [39m15       [39m | [39m-28.15546[39m | [39m3.9956859[39m | [39m0.4544538[39m | [39m2.6056457[39m | [39m0.0      [39m | [39m1.1095299[39m |
BO eval masks=[4, 2, 4, 0, 2] proxy_loss=2.9447e+01
| [39m16       [39m | [39m-29.44696[39m | [39m3.9195661[39m | [39m1.5210497[39m | [39m3.5628314[39m | [39m0.0929923[39m | [39m1.7142923[39m |
=====================================================================================
Best mask selections: [4 1 3 0 2]
Adam [    0] loss: 9.0069e+01
Adam [ 2000] loss: 1.6450e+00
Adam [ 4000] loss: 4.0421e-01
Adam [ 6000] loss: 1.9365e-01
Adam [ 8000] loss: 1.1831e-01
Adam [10000] loss: 6.6844e-02
Adam [11999] loss: 3.9885e-02

L-BFGS refinement...
Saved plot: results/pipeline_runs/20260227_202723/artifacts/rep_01/poisson/bayesian/domain_circle/stage_lbfgs/poisson_bayesian_loss_curve.png

Relative L2 error (circle, grid 500x500): 8.1445e-02
Saved CSV: results/pipeline_runs/20260227_202723/artifacts/rep_01/poisson/bayesian/domain_circle/stage_lbfgs/results_summary.csv
Run time: 404.08 s
[RUN] bayesian/circle stage_pso (seed=43)
Using device: cuda
Starting Bayesian architecture search: domain=circle
|   iter    |  target   |    m0     |    m1     |    m2     |    m3     |    m4     |
-------------------------------------------------------------------------------------
BO eval masks=[0, 2, 1, 1, 1] proxy_loss=5.5464e+01
| [39m1        [39m | [39m-55.46447[39m | [39m0.4602182[39m | [39m2.4362661[39m | [39m0.5335638[39m | [39m0.9623584[39m | [39m1.3085562[39m |
BO eval masks=[3, 3, 2, 0, 3] proxy_loss=1.2164e+01
| [35m2        [39m | [35m-12.16354[39m | [35m3.4365499[39m | [35m2.6643608[39m | [35m2.1646488[39m | [35m0.1160552[39m | [35m2.9349931[39m |
BO eval masks=[2, 3, 1, 0, 3] proxy_loss=3.5865e+01
| [39m3        [39m | [39m-35.86454[39m | [39m1.5798000[39m | [39m3.2081884[39m | [39m1.0176845[39m | [39m0.2275397[39m | [39m3.4665945[39m |
BO eval masks=[1, 2, 1, 0, 3] proxy_loss=4.1321e+01
| [39m4        [39m | [39m-41.32101[39m | [39m0.8841159[39m | [39m1.6199577[39m | [39m1.2643858[39m | [39m0.3066507[39m | [39m3.3728987[39m |
BO eval masks=[4, 3, 4, 0, 4] proxy_loss=1.9635e+01
| [39m5        [39m | [39m-19.63482[39m | [39m4.0      [39m | [39m3.1149109[39m | [39m3.5492866[39m | [39m0.0      [39m | [39m3.7882629[39m |
BO eval masks=[4, 1, 3, 0, 2] proxy_loss=1.9454e+00
| [35m6        [39m | [35m-1.945424[39m | [35m4.0      [39m | [35m1.1397900[39m | [35m3.4155227[39m | [35m0.0      [39m | [35m1.7073934[39m |
BO eval masks=[4, 0, 4, 3, 2] proxy_loss=8.6977e+00
| [39m7        [39m | [39m-8.697655[39m | [39m4.0      [39m | [39m0.0      [39m | [39m4.0      [39m | [39m2.7895788[39m | [39m1.6270734[39m |
BO eval masks=[4, 3, 4, 1, 0] proxy_loss=1.7914e+01
| [39m8        [39m | [39m-17.91381[39m | [39m4.0      [39m | [39m3.1013181[39m | [39m4.0      [39m | [39m1.3848350[39m | [39m0.0      [39m |
BO eval masks=[4, 0, 2, 0, 0] proxy_loss=1.9999e+00
| [39m9        [39m | [39m-1.999875[39m | [39m4.0      [39m | [39m0.0      [39m | [39m1.8175588[39m | [39m0.0      [39m | [39m0.0      [39m |
BO eval masks=[4, 0, 1, 0, 3] proxy_loss=4.3817e+01
| [39m10       [39m | [39m-43.81671[39m | [39m4.0      [39m | [39m0.0      [39m | [39m0.8636189[39m | [39m0.0      [39m | [39m3.4947176[39m |
BO eval masks=[4, 0, 4, 0, 0] proxy_loss=2.7604e+01
| [39m11       [39m | [39m-27.60365[39m | [39m4.0      [39m | [39m0.0      [39m | [39m4.0      [39m | [39m0.0      [39m | [39m0.0      [39m |
BO eval masks=[4, 1, 2, 1, 1] proxy_loss=2.1842e+01
| [39m12       [39m | [39m-21.84224[39m | [39m4.0      [39m | [39m1.2551316[39m | [39m2.2487740[39m | [39m1.2998365[39m | [39m0.9278129[39m |
BO eval masks=[4, 1, 4, 1, 3] proxy_loss=2.4388e+01
| [39m13       [39m | [39m-24.38819[39m | [39m3.9805269[39m | [39m1.2119105[39m | [39m4.0      [39m | [39m1.1970543[39m | [39m2.6077841[39m |
BO eval masks=[4, 2, 3, 0, 1] proxy_loss=2.6937e+01
| [39m14       [39m | [39m-26.93682[39m | [39m4.0      [39m | [39m2.4355317[39m | [39m3.1729415[39m | [39m0.0      [39m | [39m1.4990926[39m |
BO eval masks=[4, 0, 3, 0, 1] proxy_loss=2.8155e+01
| [39m15       [39m | [39m-28.15546[39m | [39m3.9956859[39m | [39m0.4544538[39m | [39m2.6056457[39m | [39m0.0      [39m | [39m1.1095299[39m |
BO eval masks=[4, 2, 4, 0, 2] proxy_loss=2.9447e+01
| [39m16       [39m | [39m-29.44696[39m | [39m3.9195661[39m | [39m1.5210497[39m | [39m3.5628314[39m | [39m0.0929923[39m | [39m1.7142923[39m |
=====================================================================================
Best mask selections: [4 1 3 0 2]
Adam [    0] loss: 9.0069e+01
Adam [ 2000] loss: 1.6450e+00
Adam [ 4000] loss: 4.0421e-01
Adam [ 6000] loss: 1.9365e-01
Adam [ 8000] loss: 1.1831e-01
Adam [10000] loss: 6.6844e-02
Adam [11999] loss: 3.9885e-02

L-BFGS refinement...

PSO refinement...
Stopping search: maximum iterations reached --> 8
PSO best objective: 5.7444e+01
Saved plot: results/pipeline_runs/20260227_202723/artifacts/rep_01/poisson/bayesian/domain_circle/stage_pso/poisson_bayesian_loss_curve.png

Relative L2 error (circle, grid 500x500): 1.0621e+00
Saved CSV: results/pipeline_runs/20260227_202723/artifacts/rep_01/poisson/bayesian/domain_circle/stage_pso/results_summary.csv
Run time: 430.68 s
[OK ] bayesian/circle best_stage=lbfgs
