[RUN] bayesian/rectangular stage_adam (seed=42)
Using device: cuda
Starting Bayesian architecture search: domain=rectangular
|   iter    |  target   |    m0     |    m1     |    m2     |    m3     |    m4     |
-------------------------------------------------------------------------------------
BO eval masks=[1, 4, 3, 2, 1] proxy_loss=2.0880e+01
| [39m1        [39m | [39m-20.87989[39m | [39m1.4981604[39m | [39m3.8028572[39m | [39m2.9279757[39m | [39m2.3946339[39m | [39m0.6240745[39m |
BO eval masks=[1, 0, 3, 2, 3] proxy_loss=1.5532e+01
| [35m2        [39m | [35m-15.53187[39m | [35m0.6239780[39m | [35m0.2323344[39m | [35m3.4647045[39m | [35m2.4044600[39m | [35m2.8322903[39m |
BO eval masks=[0, 4, 3, 1, 1] proxy_loss=1.8442e+01
| [39m3        [39m | [39m-18.44156[39m | [39m0.0823379[39m | [39m3.8796394[39m | [39m3.3297705[39m | [39m0.8493564[39m | [39m0.7272998[39m |
BO eval masks=[1, 1, 2, 2, 1] proxy_loss=1.6568e+01
| [39m4        [39m | [39m-16.56807[39m | [39m0.7336180[39m | [39m1.2169689[39m | [39m2.0990257[39m | [39m1.7277800[39m | [39m1.1649165[39m |
BO eval masks=[0, 0, 2, 1, 3] proxy_loss=2.1385e+01
| [39m5        [39m | [39m-21.38493[39m | [39m0.0      [39m | [39m0.0      [39m | [39m2.2111686[39m | [39m1.3612022[39m | [39m2.8372582[39m |
BO eval masks=[3, 1, 3, 2, 0] proxy_loss=1.1154e+01
| [35m6        [39m | [35m-11.15449[39m | [35m2.5954691[39m | [35m0.6145504[39m | [35m3.0371981[39m | [35m2.3851270[39m | [35m0.1266270[39m |
BO eval masks=[0, 1, 1, 0, 3] proxy_loss=2.1103e+01
| [39m7        [39m | [39m-21.10266[39m | [39m0.3621292[39m | [39m1.2601570[39m | [39m0.9697724[39m | [39m0.0031010[39m | [39m2.5465360[39m |
BO eval masks=[0, 3, 1, 4, 2] proxy_loss=1.6442e+01
| [39m8        [39m | [39m-16.44184[39m | [39m0.4030493[39m | [39m2.5381758[39m | [39m1.1210886[39m | [39m3.5309164[39m | [39m1.8957613[39m |
BO eval masks=[3, 2, 0, 3, 4] proxy_loss=6.7083e+00
| [35m9        [39m | [35m-6.708290[39m | [35m3.1270438[39m | [35m1.6666627[39m | [35m0.4364208[39m | [35m3.0570021[39m | [35m3.8287733[39m |
BO eval masks=[4, 1, 1, 4, 3] proxy_loss=7.3397e+00
| [39m10       [39m | [39m-7.339697[39m | [39m3.9568045[39m | [39m0.8143435[39m | [39m1.2525490[39m | [39m3.5589053[39m | [39m2.9079869[39m |
BO eval masks=[4, 3, 0, 4, 4] proxy_loss=7.0926e+00
| [39m11       [39m | [39m-7.092624[39m | [39m4.0      [39m | [39m3.1822888[39m | [39m0.0      [39m | [39m4.0      [39m | [39m4.0      [39m |
BO eval masks=[4, 1, 4, 4, 4] proxy_loss=5.9480e+00
| [35m12       [39m | [35m-5.947990[39m | [35m4.0      [39m | [35m1.3301372[39m | [35m4.0      [39m | [35m4.0      [39m | [35m4.0      [39m |
BO eval masks=[4, 0, 4, 1, 4] proxy_loss=1.4304e+01
| [39m13       [39m | [39m-14.30408[39m | [39m4.0      [39m | [39m0.0      [39m | [39m4.0      [39m | [39m1.4605326[39m | [39m4.0      [39m |
BO eval masks=[4, 3, 3, 4, 4] proxy_loss=6.0105e+00
| [39m14       [39m | [39m-6.010493[39m | [39m4.0      [39m | [39m3.3824169[39m | [39m2.8285673[39m | [39m4.0      [39m | [39m4.0      [39m |
BO eval masks=[4, 0, 0, 4, 0] proxy_loss=5.3708e+00
| [35m15       [39m | [35m-5.370765[39m | [35m4.0      [39m | [35m0.0      [39m | [35m0.0      [39m | [35m4.0      [39m | [35m0.0      [39m |
BO eval masks=[4, 0, 0, 1, 0] proxy_loss=6.2838e+00
| [39m16       [39m | [39m-6.283839[39m | [39m4.0      [39m | [39m0.0      [39m | [39m0.0      [39m | [39m1.0221844[39m | [39m0.0      [39m |
=====================================================================================
Best mask selections: [4 0 0 4 0]
Adam [    0] loss: 9.8010e+01
Adam [ 2000] loss: 3.7291e-01
Adam [ 4000] loss: 9.2008e-02
Adam [ 6000] loss: 4.4831e-02
Adam [ 8000] loss: 2.5390e-02
Adam [10000] loss: 1.3560e-02
Adam [11999] loss: 1.5060e-02
Saved plot: results/pipeline_runs/20260227_202723/artifacts/rep_01/poisson/bayesian/domain_rectangular/stage_adam/poisson_bayesian_loss_curve.png

Relative L2 error (rectangular, grid 500x500): 7.0058e-02
Saved CSV: results/pipeline_runs/20260227_202723/artifacts/rep_01/poisson/bayesian/domain_rectangular/stage_adam/results_summary.csv
Run time: 370.99 s
[RUN] bayesian/rectangular stage_lbfgs (seed=42)
Using device: cuda
Starting Bayesian architecture search: domain=rectangular
|   iter    |  target   |    m0     |    m1     |    m2     |    m3     |    m4     |
-------------------------------------------------------------------------------------
BO eval masks=[1, 4, 3, 2, 1] proxy_loss=2.0880e+01
| [39m1        [39m | [39m-20.87989[39m | [39m1.4981604[39m | [39m3.8028572[39m | [39m2.9279757[39m | [39m2.3946339[39m | [39m0.6240745[39m |
BO eval masks=[1, 0, 3, 2, 3] proxy_loss=1.5532e+01
| [35m2        [39m | [35m-15.53187[39m | [35m0.6239780[39m | [35m0.2323344[39m | [35m3.4647045[39m | [35m2.4044600[39m | [35m2.8322903[39m |
BO eval masks=[0, 4, 3, 1, 1] proxy_loss=1.8442e+01
| [39m3        [39m | [39m-18.44156[39m | [39m0.0823379[39m | [39m3.8796394[39m | [39m3.3297705[39m | [39m0.8493564[39m | [39m0.7272998[39m |
BO eval masks=[1, 1, 2, 2, 1] proxy_loss=1.6568e+01
| [39m4        [39m | [39m-16.56807[39m | [39m0.7336180[39m | [39m1.2169689[39m | [39m2.0990257[39m | [39m1.7277800[39m | [39m1.1649165[39m |
BO eval masks=[0, 0, 2, 1, 3] proxy_loss=2.1385e+01
| [39m5        [39m | [39m-21.38493[39m | [39m0.0      [39m | [39m0.0      [39m | [39m2.2111686[39m | [39m1.3612022[39m | [39m2.8372582[39m |
BO eval masks=[3, 1, 3, 2, 0] proxy_loss=1.1154e+01
| [35m6        [39m | [35m-11.15449[39m | [35m2.5954691[39m | [35m0.6145504[39m | [35m3.0371981[39m | [35m2.3851270[39m | [35m0.1266270[39m |
BO eval masks=[0, 1, 1, 0, 3] proxy_loss=2.1103e+01
| [39m7        [39m | [39m-21.10266[39m | [39m0.3621292[39m | [39m1.2601570[39m | [39m0.9697724[39m | [39m0.0031010[39m | [39m2.5465360[39m |
BO eval masks=[0, 3, 1, 4, 2] proxy_loss=1.6442e+01
| [39m8        [39m | [39m-16.44184[39m | [39m0.4030493[39m | [39m2.5381758[39m | [39m1.1210886[39m | [39m3.5309164[39m | [39m1.8957613[39m |
BO eval masks=[3, 2, 0, 3, 4] proxy_loss=6.7083e+00
| [35m9        [39m | [35m-6.708290[39m | [35m3.1270438[39m | [35m1.6666627[39m | [35m0.4364208[39m | [35m3.0570021[39m | [35m3.8287733[39m |
BO eval masks=[4, 1, 1, 4, 3] proxy_loss=7.3397e+00
| [39m10       [39m | [39m-7.339697[39m | [39m3.9568045[39m | [39m0.8143435[39m | [39m1.2525490[39m | [39m3.5589053[39m | [39m2.9079869[39m |
BO eval masks=[4, 3, 0, 4, 4] proxy_loss=7.0926e+00
| [39m11       [39m | [39m-7.092624[39m | [39m4.0      [39m | [39m3.1822888[39m | [39m0.0      [39m | [39m4.0      [39m | [39m4.0      [39m |
BO eval masks=[4, 1, 4, 4, 4] proxy_loss=5.9480e+00
| [35m12       [39m | [35m-5.947990[39m | [35m4.0      [39m | [35m1.3301372[39m | [35m4.0      [39m | [35m4.0      [39m | [35m4.0      [39m |
BO eval masks=[4, 0, 4, 1, 4] proxy_loss=1.4304e+01
| [39m13       [39m | [39m-14.30408[39m | [39m4.0      [39m | [39m0.0      [39m | [39m4.0      [39m | [39m1.4605326[39m | [39m4.0      [39m |
BO eval masks=[4, 3, 3, 4, 4] proxy_loss=6.0105e+00
| [39m14       [39m | [39m-6.010493[39m | [39m4.0      [39m | [39m3.3824169[39m | [39m2.8285673[39m | [39m4.0      [39m | [39m4.0      [39m |
BO eval masks=[4, 0, 0, 4, 0] proxy_loss=5.3708e+00
| [35m15       [39m | [35m-5.370765[39m | [35m4.0      [39m | [35m0.0      [39m | [35m0.0      [39m | [35m4.0      [39m | [35m0.0      [39m |
BO eval masks=[4, 0, 0, 1, 0] proxy_loss=6.2838e+00
| [39m16       [39m | [39m-6.283839[39m | [39m4.0      [39m | [39m0.0      [39m | [39m0.0      [39m | [39m1.0221844[39m | [39m0.0      [39m |
=====================================================================================
Best mask selections: [4 0 0 4 0]
Adam [    0] loss: 9.8010e+01
Adam [ 2000] loss: 3.7291e-01
Adam [ 4000] loss: 9.2008e-02
Adam [ 6000] loss: 4.4831e-02
Adam [ 8000] loss: 2.5390e-02
Adam [10000] loss: 1.3560e-02
Adam [11999] loss: 1.5060e-02

L-BFGS refinement...
Saved plot: results/pipeline_runs/20260227_202723/artifacts/rep_01/poisson/bayesian/domain_rectangular/stage_lbfgs/poisson_bayesian_loss_curve.png

Relative L2 error (rectangular, grid 500x500): 3.2135e-03
Saved CSV: results/pipeline_runs/20260227_202723/artifacts/rep_01/poisson/bayesian/domain_rectangular/stage_lbfgs/results_summary.csv
Run time: 413.41 s
[RUN] bayesian/rectangular stage_pso (seed=42)
Using device: cuda
Starting Bayesian architecture search: domain=rectangular
|   iter    |  target   |    m0     |    m1     |    m2     |    m3     |    m4     |
-------------------------------------------------------------------------------------
BO eval masks=[1, 4, 3, 2, 1] proxy_loss=2.0880e+01
| [39m1        [39m | [39m-20.87989[39m | [39m1.4981604[39m | [39m3.8028572[39m | [39m2.9279757[39m | [39m2.3946339[39m | [39m0.6240745[39m |
BO eval masks=[1, 0, 3, 2, 3] proxy_loss=1.5532e+01
| [35m2        [39m | [35m-15.53187[39m | [35m0.6239780[39m | [35m0.2323344[39m | [35m3.4647045[39m | [35m2.4044600[39m | [35m2.8322903[39m |
BO eval masks=[0, 4, 3, 1, 1] proxy_loss=1.8442e+01
| [39m3        [39m | [39m-18.44156[39m | [39m0.0823379[39m | [39m3.8796394[39m | [39m3.3297705[39m | [39m0.8493564[39m | [39m0.7272998[39m |
BO eval masks=[1, 1, 2, 2, 1] proxy_loss=1.6568e+01
| [39m4        [39m | [39m-16.56807[39m | [39m0.7336180[39m | [39m1.2169689[39m | [39m2.0990257[39m | [39m1.7277800[39m | [39m1.1649165[39m |
BO eval masks=[0, 0, 2, 1, 3] proxy_loss=2.1385e+01
| [39m5        [39m | [39m-21.38493[39m | [39m0.0      [39m | [39m0.0      [39m | [39m2.2111686[39m | [39m1.3612022[39m | [39m2.8372582[39m |
BO eval masks=[3, 1, 3, 2, 0] proxy_loss=1.1154e+01
| [35m6        [39m | [35m-11.15449[39m | [35m2.5954691[39m | [35m0.6145504[39m | [35m3.0371981[39m | [35m2.3851270[39m | [35m0.1266270[39m |
BO eval masks=[0, 1, 1, 0, 3] proxy_loss=2.1103e+01
| [39m7        [39m | [39m-21.10266[39m | [39m0.3621292[39m | [39m1.2601570[39m | [39m0.9697724[39m | [39m0.0031010[39m | [39m2.5465360[39m |
BO eval masks=[0, 3, 1, 4, 2] proxy_loss=1.6442e+01
| [39m8        [39m | [39m-16.44184[39m | [39m0.4030493[39m | [39m2.5381758[39m | [39m1.1210886[39m | [39m3.5309164[39m | [39m1.8957613[39m |
BO eval masks=[3, 2, 0, 3, 4] proxy_loss=6.7083e+00
| [35m9        [39m | [35m-6.708290[39m | [35m3.1270438[39m | [35m1.6666627[39m | [35m0.4364208[39m | [35m3.0570021[39m | [35m3.8287733[39m |
BO eval masks=[4, 1, 1, 4, 3] proxy_loss=7.3397e+00
| [39m10       [39m | [39m-7.339697[39m | [39m3.9568045[39m | [39m0.8143435[39m | [39m1.2525490[39m | [39m3.5589053[39m | [39m2.9079869[39m |
BO eval masks=[4, 3, 0, 4, 4] proxy_loss=7.0926e+00
| [39m11       [39m | [39m-7.092624[39m | [39m4.0      [39m | [39m3.1822888[39m | [39m0.0      [39m | [39m4.0      [39m | [39m4.0      [39m |
BO eval masks=[4, 1, 4, 4, 4] proxy_loss=5.9480e+00
| [35m12       [39m | [35m-5.947990[39m | [35m4.0      [39m | [35m1.3301372[39m | [35m4.0      [39m | [35m4.0      [39m | [35m4.0      [39m |
BO eval masks=[4, 0, 4, 1, 4] proxy_loss=1.4304e+01
| [39m13       [39m | [39m-14.30408[39m | [39m4.0      [39m | [39m0.0      [39m | [39m4.0      [39m | [39m1.4605326[39m | [39m4.0      [39m |
BO eval masks=[4, 3, 3, 4, 4] proxy_loss=6.0105e+00
| [39m14       [39m | [39m-6.010493[39m | [39m4.0      [39m | [39m3.3824169[39m | [39m2.8285673[39m | [39m4.0      [39m | [39m4.0      [39m |
BO eval masks=[4, 0, 0, 4, 0] proxy_loss=5.3708e+00
| [35m15       [39m | [35m-5.370765[39m | [35m4.0      [39m | [35m0.0      [39m | [35m0.0      [39m | [35m4.0      [39m | [35m0.0      [39m |
BO eval masks=[4, 0, 0, 1, 0] proxy_loss=6.2838e+00
| [39m16       [39m | [39m-6.283839[39m | [39m4.0      [39m | [39m0.0      [39m | [39m0.0      [39m | [39m1.0221844[39m | [39m0.0      [39m |
=====================================================================================
Best mask selections: [4 0 0 4 0]
Adam [    0] loss: 9.8010e+01
Adam [ 2000] loss: 3.7291e-01
Adam [ 4000] loss: 9.2008e-02
Adam [ 6000] loss: 4.4831e-02
