[RUN] bayesian/lshape stage_adam (seed=44)
Using device: cuda
Starting Bayesian architecture search: domain=lshape
|   iter    |  target   |    m0     |    m1     |    m2     |    m3     |    m4     |
-------------------------------------------------------------------------------------
BO eval masks=[3, 0, 3, 1, 1] proxy_loss=6.3274e+01
| [39m1        [39m | [39m-63.27402[39m | [39m3.3393685[39m | [39m0.4191844[39m | [39m2.9785619[39m | [39m1.4420033[39m | [39m1.4372433[39m |
BO eval masks=[2, 2, 2, 2, 3] proxy_loss=6.4492e+01
| [39m2        [39m | [39m-64.49195[39m | [39m2.4369535[39m | [39m1.5751182[39m | [39m1.6362904[39m | [39m2.0396096[39m | [39m2.8405919[39m |
BO eval masks=[4, 2, 2, 0, 1] proxy_loss=2.9469e+01
| [35m3        [39m | [35m-29.46919[39m | [35m3.8421049[39m | [35m1.8264844[39m | [35m1.7106060[39m | [35m0.4538548[39m | [35m0.8715954[39m |
BO eval masks=[4, 4, 4, 3, 1] proxy_loss=5.0124e+01
| [39m4        [39m | [39m-50.12363[39m | [39m3.8298882[39m | [39m3.7734028[39m | [39m3.5272971[39m | [39m2.5856422[39m | [39m0.8552992[39m |
BO eval masks=[3, 2, 2, 2, 4] proxy_loss=1.7745e+01
| [35m5        [39m | [35m-17.74481[39m | [35m2.6594043[39m | [35m2.4130468[39m | [35m2.1208247[39m | [35m2.2639698[39m | [35m3.9212364[39m |
BO eval masks=[1, 2, 1, 0, 1] proxy_loss=6.3467e+01
| [39m6        [39m | [39m-63.46699[39m | [39m0.8169247[39m | [39m1.7152883[39m | [39m1.2984990[39m | [39m0.2715457[39m | [39m1.3982354[39m |
BO eval masks=[4, 2, 0, 3, 1] proxy_loss=7.1065e+01
| [39m7        [39m | [39m-71.06518[39m | [39m3.8691303[39m | [39m2.4739030[39m | [39m0.2957791[39m | [39m2.6155039[39m | [39m0.8663577[39m |
BO eval masks=[2, 1, 2, 0, 1] proxy_loss=6.1414e+01
| [39m8        [39m | [39m-61.41382[39m | [39m2.3949770[39m | [39m0.9809221[39m | [39m2.0659478[39m | [39m0.2637343[39m | [39m1.0523659[39m |
BO eval masks=[2, 3, 0, 1, 3] proxy_loss=6.8532e+01
| [39m9        [39m | [39m-68.53163[39m | [39m1.5738685[39m | [39m3.0708620[39m | [39m0.4969578[39m | [39m0.9517090[39m | [39m3.1818418[39m |
BO eval masks=[2, 2, 2, 0, 4] proxy_loss=6.4355e+01
| [39m10       [39m | [39m-64.35541[39m | [39m1.8936024[39m | [39m1.8370930[39m | [39m1.6606804[39m | [39m0.4730071[39m | [39m3.8314325[39m |
BO eval masks=[0, 4, 2, 3, 4] proxy_loss=6.6777e+01
| [39m11       [39m | [39m-66.77680[39m | [39m0.1924859[39m | [39m3.6922724[39m | [39m2.1754029[39m | [39m3.3632478[39m | [39m3.6993376[39m |
BO eval masks=[4, 3, 2, 4, 1] proxy_loss=6.3896e+01
| [39m12       [39m | [39m-63.89591[39m | [39m3.9481589[39m | [39m2.7283513[39m | [39m2.0170845[39m | [39m3.6643323[39m | [39m0.7259122[39m |
BO eval masks=[3, 2, 2, 2, 4] proxy_loss=1.1649e+01
| [35m13       [39m | [35m-11.64948[39m | [35m2.6547414[39m | [35m2.4543282[39m | [35m2.0991143[39m | [35m2.2934792[39m | [35m3.9306893[39m |
BO eval masks=[3, 3, 2, 2, 4] proxy_loss=6.6251e+01
| [39m14       [39m | [39m-66.25128[39m | [39m2.7099809[39m | [39m2.5905814[39m | [39m2.1857195[39m | [39m2.3521844[39m | [39m4.0      [39m |
BO eval masks=[4, 1, 2, 2, 2] proxy_loss=6.3897e+01
| [39m15       [39m | [39m-63.89658[39m | [39m3.9979479[39m | [39m1.3250604[39m | [39m2.1565514[39m | [39m2.0814250[39m | [39m1.7005289[39m |
BO eval masks=[3, 3, 2, 2, 1] proxy_loss=6.6463e+01
| [39m16       [39m | [39m-66.46269[39m | [39m2.5040333[39m | [39m2.8898503[39m | [39m1.7652952[39m | [39m1.8812104[39m | [39m0.5776592[39m |
=====================================================================================
Best mask selections: [3 2 2 2 4]
Adam [    0] loss: 9.5576e+01
Adam [ 2000] loss: 8.7609e-01
Adam [ 4000] loss: 2.6825e-01
Adam [ 6000] loss: 1.4216e-01
Adam [ 8000] loss: 6.6157e-02
Adam [10000] loss: 2.7550e-02
Adam [11999] loss: 1.4215e-02
Saved plot: results/pipeline_runs/20260227_202723/artifacts/rep_01/poisson/bayesian/domain_lshape/stage_adam/poisson_bayesian_loss_curve.png

Relative L2 error (lshape, grid 500x500): 1.2529e-01
Saved CSV: results/pipeline_runs/20260227_202723/artifacts/rep_01/poisson/bayesian/domain_lshape/stage_adam/results_summary.csv
Run time: 387.46 s
[RUN] bayesian/lshape stage_lbfgs (seed=44)
Using device: cuda
Starting Bayesian architecture search: domain=lshape
|   iter    |  target   |    m0     |    m1     |    m2     |    m3     |    m4     |
-------------------------------------------------------------------------------------
BO eval masks=[3, 0, 3, 1, 1] proxy_loss=6.3274e+01
| [39m1        [39m | [39m-63.27402[39m | [39m3.3393685[39m | [39m0.4191844[39m | [39m2.9785619[39m | [39m1.4420033[39m | [39m1.4372433[39m |
BO eval masks=[2, 2, 2, 2, 3] proxy_loss=6.4492e+01
| [39m2        [39m | [39m-64.49195[39m | [39m2.4369535[39m | [39m1.5751182[39m | [39m1.6362904[39m | [39m2.0396096[39m | [39m2.8405919[39m |
BO eval masks=[4, 2, 2, 0, 1] proxy_loss=2.9469e+01
| [35m3        [39m | [35m-29.46919[39m | [35m3.8421049[39m | [35m1.8264844[39m | [35m1.7106060[39m | [35m0.4538548[39m | [35m0.8715954[39m |
BO eval masks=[4, 4, 4, 3, 1] proxy_loss=5.0124e+01
| [39m4        [39m | [39m-50.12363[39m | [39m3.8298882[39m | [39m3.7734028[39m | [39m3.5272971[39m | [39m2.5856422[39m | [39m0.8552992[39m |
BO eval masks=[3, 2, 2, 2, 4] proxy_loss=1.7745e+01
| [35m5        [39m | [35m-17.74481[39m | [35m2.6594043[39m | [35m2.4130468[39m | [35m2.1208247[39m | [35m2.2639698[39m | [35m3.9212364[39m |
BO eval masks=[1, 2, 1, 0, 1] proxy_loss=6.3467e+01
| [39m6        [39m | [39m-63.46699[39m | [39m0.8169247[39m | [39m1.7152883[39m | [39m1.2984990[39m | [39m0.2715457[39m | [39m1.3982354[39m |
