[RUN] bayesian/annulus stage_adam (seed=46)
Using device: cuda
Starting Bayesian architecture search: domain=annulus
|   iter    |  target   |    m0     |    m1     |    m2     |    m3     |    m4     |
-------------------------------------------------------------------------------------
BO eval masks=[3, 3, 1, 3, 1] proxy_loss=1.3152e+01
| [39m1        [39m | [39m-13.15220[39m | [39m3.1353294[39m | [39m2.5393348[39m | [39m0.9961723[39m | [39m3.0323034[39m | [39m1.2523077[39m |
BO eval masks=[4, 0, 2, 4, 2] proxy_loss=1.7047e+01
| [39m2        [39m | [39m-17.04730[39m | [39m3.7489494[39m | [39m0.1714617[39m | [39m1.7634688[39m | [39m3.6508891[39m | [39m1.8200156[39m |
BO eval masks=[2, 0, 2, 3, 3] proxy_loss=2.7089e+01
| [39m3        [39m | [39m-27.08896[39m | [39m2.0317373[39m | [39m0.3396318[39m | [39m1.7053991[39m | [39m2.9828678[39m | [39m3.4683255[39m |
BO eval masks=[1, 0, 3, 2, 3] proxy_loss=3.5882e+01
| [39m4        [39m | [39m-35.88183[39m | [39m1.2946633[39m | [39m0.4162975[39m | [39m3.2084321[39m | [39m1.5793277[39m | [39m2.5110723[39m |
[WAIT] bayesian/annulus stage_adam is already running. Waiting...
BO eval masks=[4, 2, 0, 4, 0] proxy_loss=2.0597e+01
| [39m5        [39m | [39m-20.59715[39m | [39m4.0      [39m | [39m1.5365435[39m | [39m0.0      [39m | [39m4.0      [39m | [39m0.0      [39m |
BO eval masks=[4, 3, 2, 4, 2] proxy_loss=7.8594e+00
| [35m6        [39m | [35m-7.859428[39m | [35m4.0      [39m | [35m2.9581740[39m | [35m2.2890369[39m | [35m4.0      [39m | [35m1.5669059[39m |
BO eval masks=[4, 4, 1, 4, 4] proxy_loss=2.9351e+01
| [39m7        [39m | [39m-29.35062[39m | [39m4.0      [39m | [39m4.0      [39m | [39m1.0420084[39m | [39m4.0      [39m | [39m3.5059587[39m |
BO eval masks=[4, 2, 3, 3, 0] proxy_loss=8.5264e+00
| [39m8        [39m | [39m-8.526383[39m | [39m4.0      [39m | [39m2.4179350[39m | [39m2.5943405[39m | [39m3.4391559[39m | [39m0.4410334[39m |
BO eval masks=[3, 4, 3, 4, 0] proxy_loss=9.0431e+00
| [39m9        [39m | [39m-9.043145[39m | [39m2.8738395[39m | [39m4.0      [39m | [39m3.0182642[39m | [39m4.0      [39m | [39m0.2360673[39m |
BO eval masks=[4, 4, 4, 2, 1] proxy_loss=2.2344e+00
| [35m10       [39m | [35m-2.234424[39m | [35m4.0      [39m | [35m4.0      [39m | [35m4.0      [39m | [35m2.2783341[39m | [35m1.0004659[39m |
BO eval masks=[4, 4, 3, 0, 0] proxy_loss=8.2472e-01
| [35m11       [39m | [35m-0.824722[39m | [35m4.0      [39m | [35m4.0      [39m | [35m3.4304715[39m | [35m0.0794240[39m | [35m0.0      [39m |
BO eval masks=[4, 4, 1, 0, 0] proxy_loss=6.5293e-01
| [35m12       [39m | [35m-0.652928[39m | [35m4.0      [39m | [35m4.0      [39m | [35m0.8109701[39m | [35m0.0      [39m | [35m0.0      [39m |
BO eval masks=[1, 4, 0, 0, 0] proxy_loss=4.1713e+00
| [39m13       [39m | [39m-4.171334[39m | [39m0.9091602[39m | [39m4.0      [39m | [39m0.0      [39m | [39m0.0      [39m | [39m0.0      [39m |
BO eval masks=[1, 4, 3, 0, 0] proxy_loss=1.6357e+01
| [39m14       [39m | [39m-16.35696[39m | [39m1.2666657[39m | [39m4.0      [39m | [39m3.1386934[39m | [39m0.0      [39m | [39m0.0      [39m |
BO eval masks=[4, 4, 2, 0, 2] proxy_loss=1.1367e+00
| [39m15       [39m | [39m-1.136736[39m | [39m4.0      [39m | [39m4.0      [39m | [39m2.2838936[39m | [39m0.0      [39m | [39m2.0361272[39m |
BO eval masks=[4, 1, 0, 0, 0] proxy_loss=1.6119e+01
| [39m16       [39m | [39m-16.11883[39m | [39m4.0      [39m | [39m1.4212394[39m | [39m0.0      [39m | [39m0.0      [39m | [39m0.0      [39m |
=====================================================================================
Best mask selections: [4 4 1 0 0]
Adam [    0] loss: 7.3373e+01
Adam [ 2000] loss: 1.9030e-01
Adam [ 4000] loss: 2.3558e-02
Adam [ 6000] loss: 6.6968e-03
Adam [ 8000] loss: 1.9605e-03
Adam [10000] loss: 1.0453e-03
Adam [11999] loss: 5.3629e-04
Saved plot: results/pipeline_runs/20260227_202723/artifacts/rep_01/poisson/bayesian/domain_annulus/stage_adam/poisson_bayesian_loss_curve.png

Relative L2 error (annulus, grid 500x500): 2.1189e-02
Saved CSV: results/pipeline_runs/20260227_202723/artifacts/rep_01/poisson/bayesian/domain_annulus/stage_adam/results_summary.csv
Run time: 375.83 s
[RUN] bayesian/annulus stage_lbfgs (seed=46)
Using device: cuda
Starting Bayesian architecture search: domain=annulus
|   iter    |  target   |    m0     |    m1     |    m2     |    m3     |    m4     |
-------------------------------------------------------------------------------------
BO eval masks=[3, 3, 1, 3, 1] proxy_loss=1.3152e+01
| [39m1        [39m | [39m-13.15220[39m | [39m3.1353294[39m | [39m2.5393348[39m | [39m0.9961723[39m | [39m3.0323034[39m | [39m1.2523077[39m |
BO eval masks=[4, 0, 2, 4, 2] proxy_loss=1.7047e+01
| [39m2        [39m | [39m-17.04730[39m | [39m3.7489494[39m | [39m0.1714617[39m | [39m1.7634688[39m | [39m3.6508891[39m | [39m1.8200156[39m |
[DONE] bayesian/annulus stage_adam completed by existing process.
[WAIT] bayesian/annulus stage_lbfgs is already running. Waiting...
BO eval masks=[2, 0, 2, 3, 3] proxy_loss=2.7089e+01
| [39m3        [39m | [39m-27.08896[39m | [39m2.0317373[39m | [39m0.3396318[39m | [39m1.7053991[39m | [39m2.9828678[39m | [39m3.4683255[39m |
BO eval masks=[1, 0, 3, 2, 3] proxy_loss=3.5882e+01
| [39m4        [39m | [39m-35.88183[39m | [39m1.2946633[39m | [39m0.4162975[39m | [39m3.2084321[39m | [39m1.5793277[39m | [39m2.5110723[39m |
BO eval masks=[4, 2, 0, 4, 0] proxy_loss=2.0597e+01
| [39m5        [39m | [39m-20.59715[39m | [39m4.0      [39m | [39m1.5365435[39m | [39m0.0      [39m | [39m4.0      [39m | [39m0.0      [39m |
BO eval masks=[4, 3, 2, 4, 2] proxy_loss=7.8594e+00
| [35m6        [39m | [35m-7.859428[39m | [35m4.0      [39m | [35m2.9581740[39m | [35m2.2890369[39m | [35m4.0      [39m | [35m1.5669059[39m |
BO eval masks=[4, 4, 1, 4, 4] proxy_loss=2.9351e+01
| [39m7        [39m | [39m-29.35062[39m | [39m4.0      [39m | [39m4.0      [39m | [39m1.0420084[39m | [39m4.0      [39m | [39m3.5059587[39m |
BO eval masks=[4, 2, 3, 3, 0] proxy_loss=8.5264e+00
| [39m8        [39m | [39m-8.526383[39m | [39m4.0      [39m | [39m2.4179350[39m | [39m2.5943405[39m | [39m3.4391559[39m | [39m0.4410334[39m |
BO eval masks=[3, 4, 3, 4, 0] proxy_loss=9.0431e+00
| [39m9        [39m | [39m-9.043145[39m | [39m2.8738395[39m | [39m4.0      [39m | [39m3.0182642[39m | [39m4.0      [39m | [39m0.2360673[39m |
BO eval masks=[4, 4, 4, 2, 1] proxy_loss=2.2344e+00
| [35m10       [39m | [35m-2.234424[39m | [35m4.0      [39m | [35m4.0      [39m | [35m4.0      [39m | [35m2.2783341[39m | [35m1.0004659[39m |
BO eval masks=[4, 4, 3, 0, 0] proxy_loss=8.2472e-01
| [35m11       [39m | [35m-0.824722[39m | [35m4.0      [39m | [35m4.0      [39m | [35m3.4304715[39m | [35m0.0794240[39m | [35m0.0      [39m |
BO eval masks=[4, 4, 1, 0, 0] proxy_loss=6.5293e-01
| [35m12       [39m | [35m-0.652928[39m | [35m4.0      [39m | [35m4.0      [39m | [35m0.8109701[39m | [35m0.0      [39m | [35m0.0      [39m |
BO eval masks=[1, 4, 0, 0, 0] proxy_loss=4.1713e+00
| [39m13       [39m | [39m-4.171334[39m | [39m0.9091602[39m | [39m4.0      [39m | [39m0.0      [39m | [39m0.0      [39m | [39m0.0      [39m |
BO eval masks=[1, 4, 3, 0, 0] proxy_loss=1.6357e+01
| [39m14       [39m | [39m-16.35696[39m | [39m1.2666657[39m | [39m4.0      [39m | [39m3.1386934[39m | [39m0.0      [39m | [39m0.0      [39m |
BO eval masks=[4, 4, 2, 0, 2] proxy_loss=1.1367e+00
| [39m15       [39m | [39m-1.136736[39m | [39m4.0      [39m | [39m4.0      [39m | [39m2.2838936[39m | [39m0.0      [39m | [39m2.0361272[39m |
BO eval masks=[4, 1, 0, 0, 0] proxy_loss=1.6119e+01
| [39m16       [39m | [39m-16.11883[39m | [39m4.0      [39m | [39m1.4212394[39m | [39m0.0      [39m | [39m0.0      [39m | [39m0.0      [39m |
=====================================================================================
Best mask selections: [4 4 1 0 0]
Adam [    0] loss: 7.3373e+01
Adam [ 2000] loss: 1.9030e-01
Adam [ 4000] loss: 2.3558e-02
Adam [ 6000] loss: 6.6968e-03
Adam [ 8000] loss: 1.9605e-03
Adam [10000] loss: 1.0453e-03
Adam [11999] loss: 5.3629e-04

L-BFGS refinement...
Saved plot: results/pipeline_runs/20260227_202723/artifacts/rep_01/poisson/bayesian/domain_annulus/stage_lbfgs/poisson_bayesian_loss_curve.png

Relative L2 error (annulus, grid 500x500): 2.1889e-03
Saved CSV: results/pipeline_runs/20260227_202723/artifacts/rep_01/poisson/bayesian/domain_annulus/stage_lbfgs/results_summary.csv
Run time: 415.10 s
[RUN] bayesian/annulus stage_pso (seed=46)
Using device: cuda
Starting Bayesian architecture search: domain=annulus
|   iter    |  target   |    m0     |    m1     |    m2     |    m3     |    m4     |
-------------------------------------------------------------------------------------
BO eval masks=[3, 3, 1, 3, 1] proxy_loss=1.3152e+01
| [39m1        [39m | [39m-13.15220[39m | [39m3.1353294[39m | [39m2.5393348[39m | [39m0.9961723[39m | [39m3.0323034[39m | [39m1.2523077[39m |
BO eval masks=[4, 0, 2, 4, 2] proxy_loss=1.7047e+01
| [39m2        [39m | [39m-17.04730[39m | [39m3.7489494[39m | [39m0.1714617[39m | [39m1.7634688[39m | [39m3.6508891[39m | [39m1.8200156[39m |
[DONE] bayesian/annulus stage_lbfgs completed by existing process.
[WAIT] bayesian/annulus stage_pso is already running. Waiting...
BO eval masks=[2, 0, 2, 3, 3] proxy_loss=2.7089e+01
| [39m3        [39m | [39m-27.08896[39m | [39m2.0317373[39m | [39m0.3396318[39m | [39m1.7053991[39m | [39m2.9828678[39m | [39m3.4683255[39m |
BO eval masks=[1, 0, 3, 2, 3] proxy_loss=3.5882e+01
| [39m4        [39m | [39m-35.88183[39m | [39m1.2946633[39m | [39m0.4162975[39m | [39m3.2084321[39m | [39m1.5793277[39m | [39m2.5110723[39m |
BO eval masks=[4, 2, 0, 4, 0] proxy_loss=2.0597e+01
| [39m5        [39m | [39m-20.59715[39m | [39m4.0      [39m | [39m1.5365435[39m | [39m0.0      [39m | [39m4.0      [39m | [39m0.0      [39m |
BO eval masks=[4, 3, 2, 4, 2] proxy_loss=7.8594e+00
| [35m6        [39m | [35m-7.859428[39m | [35m4.0      [39m | [35m2.9581740[39m | [35m2.2890369[39m | [35m4.0      [39m | [35m1.5669059[39m |
BO eval masks=[4, 4, 1, 4, 4] proxy_loss=2.9351e+01
| [39m7        [39m | [39m-29.35062[39m | [39m4.0      [39m | [39m4.0      [39m | [39m1.0420084[39m | [39m4.0      [39m | [39m3.5059587[39m |
BO eval masks=[4, 2, 3, 3, 0] proxy_loss=8.5264e+00
| [39m8        [39m | [39m-8.526383[39m | [39m4.0      [39m | [39m2.4179350[39m | [39m2.5943405[39m | [39m3.4391559[39m | [39m0.4410334[39m |
BO eval masks=[3, 4, 3, 4, 0] proxy_loss=9.0431e+00
| [39m9        [39m | [39m-9.043145[39m | [39m2.8738395[39m | [39m4.0      [39m | [39m3.0182642[39m | [39m4.0      [39m | [39m0.2360673[39m |
BO eval masks=[4, 4, 4, 2, 1] proxy_loss=2.2344e+00
| [35m10       [39m | [35m-2.234424[39m | [35m4.0      [39m | [35m4.0      [39m | [35m4.0      [39m | [35m2.2783341[39m | [35m1.0004659[39m |
BO eval masks=[4, 4, 3, 0, 0] proxy_loss=8.2472e-01
| [35m11       [39m | [35m-0.824722[39m | [35m4.0      [39m | [35m4.0      [39m | [35m3.4304715[39m | [35m0.0794240[39m | [35m0.0      [39m |
BO eval masks=[4, 4, 1, 0, 0] proxy_loss=6.5293e-01
| [35m12       [39m | [35m-0.652928[39m | [35m4.0      [39m | [35m4.0      [39m | [35m0.8109701[39m | [35m0.0      [39m | [35m0.0      [39m |
BO eval masks=[1, 4, 0, 0, 0] proxy_loss=4.1713e+00
| [39m13       [39m | [39m-4.171334[39m | [39m0.9091602[39m | [39m4.0      [39m | [39m0.0      [39m | [39m0.0      [39m | [39m0.0      [39m |
BO eval masks=[1, 4, 3, 0, 0] proxy_loss=1.6357e+01
| [39m14       [39m | [39m-16.35696[39m | [39m1.2666657[39m | [39m4.0      [39m | [39m3.1386934[39m | [39m0.0      [39m | [39m0.0      [39m |
BO eval masks=[4, 4, 2, 0, 2] proxy_loss=1.1367e+00
| [39m15       [39m | [39m-1.136736[39m | [39m4.0      [39m | [39m4.0      [39m | [39m2.2838936[39m | [39m0.0      [39m | [39m2.0361272[39m |
BO eval masks=[4, 1, 0, 0, 0] proxy_loss=1.6119e+01
| [39m16       [39m | [39m-16.11883[39m | [39m4.0      [39m | [39m1.4212394[39m | [39m0.0      [39m | [39m0.0      [39m | [39m0.0      [39m |
=====================================================================================
Best mask selections: [4 4 1 0 0]
Adam [    0] loss: 7.3373e+01
Adam [ 2000] loss: 1.9030e-01
Adam [ 4000] loss: 2.3558e-02
Adam [ 6000] loss: 6.6968e-03
Adam [ 8000] loss: 1.9605e-03
Adam [10000] loss: 1.0453e-03
Adam [11999] loss: 5.3629e-04

L-BFGS refinement...

PSO refinement...
Stopping search: maximum iterations reached --> 8
PSO best objective: 1.9134e+01
Saved plot: results/pipeline_runs/20260227_202723/artifacts/rep_01/poisson/bayesian/domain_annulus/stage_pso/poisson_bayesian_loss_curve.png

Relative L2 error (annulus, grid 500x500): 7.5323e-01
Saved CSV: results/pipeline_runs/20260227_202723/artifacts/rep_01/poisson/bayesian/domain_annulus/stage_pso/results_summary.csv
Run time: 424.11 s
[OK ] bayesian/annulus best_stage=lbfgs
[DONE] bayesian/annulus stage_pso completed by existing process.
[OK ] bayesian/annulus best_stage=lbfgs
