[START] 2026-02-25T23:33:52.979616
COMMAND: /usr/bin/python -m poisson.main --domain rectangular

GPU belleği temizlendi.
Using device: cuda
Starting NAS-PINN training...
[    0] PDE: 9.7584e+01  BC: 4.8512e-01  Outer MSE: 2.5294e-01
[ 2000] PDE: 4.3588e-01  BC: 2.0256e-01  Outer MSE: 1.1730e-01
[ 4000] PDE: 9.9229e-02  BC: 8.0873e-02  Outer MSE: 3.6722e-02
[ 6000] PDE: 4.4866e-02  BC: 2.6384e-02  Outer MSE: 1.7101e-02
[ 8000] PDE: 2.6405e-02  BC: 9.4787e-03  Outer MSE: 6.3952e-03
[10000] PDE: 1.9226e-02  BC: 4.0023e-03  Outer MSE: 1.8584e-03
[11999] PDE: 3.5105e-02  BC: 2.7596e-03  Outer MSE: 2.2231e-03

Starting L-BFGS refinement...
Total time: 8.0 minutes

============================================================
DISCRETE ARCHITECTURE AFTER L-BFGS (most likely selections)
============================================================
Layer  1 → SKIP (identity)  |  neurons:  70  (prob: 0.2662, skip weight: 0.5624, active weight: 0.4929)
Layer  2 → ACTIVE (tanh)  |  neurons:  90  (prob: 0.2811, skip weight: 0.4456, active weight: 0.6087)
Layer  3 → ACTIVE (tanh)  |  neurons: 110  (prob: 0.3290, skip weight: 0.3570, active weight: 0.6243)
Layer  4 → ACTIVE (tanh)  |  neurons: 110  (prob: 0.5017, skip weight: 0.1623, active weight: 0.9779)
Layer  5 → ACTIVE (tanh)  |  neurons:  30  (prob: 0.2163, skip weight: 0.9759, active weight: 0.9822)
============================================================

Loss plot saved: results_baseline/loss_history.png

Relatif L² hata (grid 500×500): 3.8003e-03
Sonuçlar CSV'ye kaydedildi: results_baseline/results_summary.csv
GPU belleği temizlendi.
