+ PYTHONUNBUFFERED=1
+ python NAS_PINNs_poisson_nsga2.py --domain annulus --seed 46 --save-dir results/pipeline_runs/20260227_202723/artifacts/rep_01/poisson/nsga2/domain_annulus
Using device: cuda
Starting NSGA-II architecture search: domain=annulus
==========================================================
n_gen  |  n_eval  | n_nds  |      eps      |   indicator  
==========================================================
     1 |       30 |      1 |             - |             -
     2 |       60 |      1 |  0.8708159924 |         ideal
     3 |       90 |      1 |  0.000000E+00 |             f
     4 |      120 |      1 |  0.000000E+00 |             f
     5 |      150 |      1 |  0.000000E+00 |             f
     6 |      180 |      1 |  0.9248102903 |         ideal
     7 |      210 |      1 |  1.1074563265 |         ideal
     8 |      240 |      1 |  0.000000E+00 |             f
     9 |      270 |      1 |  0.000000E+00 |             f
    10 |      300 |      1 |  0.000000E+00 |             f
    11 |      330 |      1 |  0.000000E+00 |             f
    12 |      360 |      1 |  0.000000E+00 |             f
    13 |      390 |      1 |  0.000000E+00 |             f
    14 |      420 |      1 |  0.000000E+00 |             f
    15 |      450 |      1 |  0.000000E+00 |             f
    16 |      480 |      1 |  0.000000E+00 |             f
    17 |      510 |      1 |  0.000000E+00 |             f
    18 |      540 |      1 |  0.000000E+00 |             f
    19 |      570 |      1 |  0.000000E+00 |             f
    20 |      600 |      1 |  0.000000E+00 |             f
Best mask selections: [4 3 3 2 1]
Adam [    0] loss: 7.6080e+01
Adam [ 2000] loss: 4.6781e+00
Adam [ 4000] loss: 2.0901e-01
Adam [ 6000] loss: 8.6342e-02
Adam [ 8000] loss: 2.5224e-02
Adam [10000] loss: 1.8585e-02
Adam [11999] loss: 1.0225e-02

L-BFGS refinement...

PSO refinement...
PSO best objective: 1.7806e+01
Saved plot: results/pipeline_runs/20260227_202723/artifacts/rep_01/poisson/nsga2/domain_annulus/stage_adam/poisson_nsga2_loss_curve.png

Relative L2 error (annulus, grid 500x500): 6.7093e-02
Saved CSV: results/pipeline_runs/20260227_202723/artifacts/rep_01/poisson/nsga2/domain_annulus/stage_adam/results_summary.csv
Saved plot: results/pipeline_runs/20260227_202723/artifacts/rep_01/poisson/nsga2/domain_annulus/stage_lbfgs/poisson_nsga2_loss_curve.png

Relative L2 error (annulus, grid 500x500): 4.7324e-03
Saved CSV: results/pipeline_runs/20260227_202723/artifacts/rep_01/poisson/nsga2/domain_annulus/stage_lbfgs/results_summary.csv
Saved plot: results/pipeline_runs/20260227_202723/artifacts/rep_01/poisson/nsga2/domain_annulus/stage_pso/poisson_nsga2_loss_curve.png

Relative L2 error (annulus, grid 500x500): 4.1573e-01
Saved CSV: results/pipeline_runs/20260227_202723/artifacts/rep_01/poisson/nsga2/domain_annulus/stage_pso/results_summary.csv
Selected best stage: lbfgs (rel_l2=4.7324e-03)
Run time: 5596.01 s
