[RUN] nsga3/annulus stage_adam (seed=46)
Using device: cuda
Starting NSGA-III architecture search: domain=annulus
[WAIT] nsga3/annulus stage_adam is already running. Waiting...
==========================================================
n_gen  |  n_eval  | n_nds  |      eps      |   indicator  
==========================================================
     1 |       13 |      1 |             - |             -
     2 |       26 |      1 |  4.4137090445 |         ideal
     3 |       39 |      1 |  0.1308192015 |         ideal
     4 |       52 |      1 |  0.5687975883 |         ideal
     5 |       65 |      1 |  0.000000E+00 |             f
     6 |       78 |      1 |  0.000000E+00 |             f
     7 |       91 |      1 |  0.000000E+00 |             f
     8 |      104 |      1 |  0.000000E+00 |             f
     9 |      117 |      1 |  0.000000E+00 |             f
    10 |      130 |      1 |  0.000000E+00 |             f
    11 |      143 |      1 |  0.000000E+00 |             f
    12 |      156 |      1 |  0.000000E+00 |             f
    13 |      169 |      1 |  0.000000E+00 |             f
    14 |      182 |      1 |  0.000000E+00 |             f
    15 |      195 |      1 |  0.000000E+00 |             f
    16 |      208 |      1 |  0.000000E+00 |             f
    17 |      221 |      1 |  0.000000E+00 |             f
    18 |      234 |      1 |  0.000000E+00 |             f
    19 |      247 |      1 |  0.000000E+00 |             f
    20 |      260 |      1 |  0.000000E+00 |             f
Best mask selections: [4 2 2 2 3]
Adam [    0] loss: 7.5303e+01
Adam [ 2000] loss: 3.9843e+00
Adam [ 4000] loss: 6.3375e-01
Adam [ 6000] loss: 2.8628e-01
Adam [ 8000] loss: 1.6044e-01
Adam [10000] loss: 9.5633e-02
Adam [11999] loss: 7.0406e-02
Saved plot: results/pipeline_runs/20260227_202723/artifacts/rep_01/poisson/nsga3/domain_annulus/stage_adam/poisson_nsga3_loss_curve.png

Relative L2 error (annulus, grid 500x500): 3.9493e-01
Saved CSV: results/pipeline_runs/20260227_202723/artifacts/rep_01/poisson/nsga3/domain_annulus/stage_adam/results_summary.csv
Run time: 2512.20 s
[RUN] nsga3/annulus stage_lbfgs (seed=46)
Using device: cuda
Starting NSGA-III architecture search: domain=annulus
[DONE] nsga3/annulus stage_adam completed by existing process.
[WAIT] nsga3/annulus stage_lbfgs is already running. Waiting...
==========================================================
n_gen  |  n_eval  | n_nds  |      eps      |   indicator  
==========================================================
     1 |       13 |      1 |             - |             -
     2 |       26 |      1 |  4.4137090445 |         ideal
     3 |       39 |      1 |  0.1308192015 |         ideal
     4 |       52 |      1 |  0.5687975883 |         ideal
     5 |       65 |      1 |  0.000000E+00 |             f
     6 |       78 |      1 |  0.000000E+00 |             f
     7 |       91 |      1 |  0.000000E+00 |             f
     8 |      104 |      1 |  0.000000E+00 |             f
     9 |      117 |      1 |  0.000000E+00 |             f
    10 |      130 |      1 |  0.000000E+00 |             f
    11 |      143 |      1 |  0.000000E+00 |             f
    12 |      156 |      1 |  0.000000E+00 |             f
    13 |      169 |      1 |  0.000000E+00 |             f
    14 |      182 |      1 |  0.000000E+00 |             f
    15 |      195 |      1 |  0.000000E+00 |             f
    16 |      208 |      1 |  0.000000E+00 |             f
    17 |      221 |      1 |  0.000000E+00 |             f
    18 |      234 |      1 |  0.000000E+00 |             f
    19 |      247 |      1 |  0.000000E+00 |             f
    20 |      260 |      1 |  0.000000E+00 |             f
Best mask selections: [4 2 2 2 3]
Adam [    0] loss: 7.5303e+01
Adam [ 2000] loss: 3.9843e+00
Adam [ 4000] loss: 6.3375e-01
Adam [ 6000] loss: 2.8628e-01
Adam [ 8000] loss: 1.6044e-01
Adam [10000] loss: 9.5633e-02
Adam [11999] loss: 7.0406e-02

L-BFGS refinement...
Saved plot: results/pipeline_runs/20260227_202723/artifacts/rep_01/poisson/nsga3/domain_annulus/stage_lbfgs/poisson_nsga3_loss_curve.png

Relative L2 error (annulus, grid 500x500): 7.3296e-03
Saved CSV: results/pipeline_runs/20260227_202723/artifacts/rep_01/poisson/nsga3/domain_annulus/stage_lbfgs/results_summary.csv
Run time: 2592.63 s
[RUN] nsga3/annulus stage_pso (seed=46)
Using device: cuda
Starting NSGA-III architecture search: domain=annulus
[DONE] nsga3/annulus stage_lbfgs completed by existing process.
[WAIT] nsga3/annulus stage_pso is already running. Waiting...
==========================================================
n_gen  |  n_eval  | n_nds  |      eps      |   indicator  
==========================================================
     1 |       13 |      1 |             - |             -
     2 |       26 |      1 |  4.4137090445 |         ideal
     3 |       39 |      1 |  0.1308192015 |         ideal
     4 |       52 |      1 |  0.5687975883 |         ideal
     5 |       65 |      1 |  0.000000E+00 |             f
     6 |       78 |      1 |  0.000000E+00 |             f
     7 |       91 |      1 |  0.000000E+00 |             f
     8 |      104 |      1 |  0.000000E+00 |             f
     9 |      117 |      1 |  0.000000E+00 |             f
    10 |      130 |      1 |  0.000000E+00 |             f
    11 |      143 |      1 |  0.000000E+00 |             f
    12 |      156 |      1 |  0.000000E+00 |             f
    13 |      169 |      1 |  0.000000E+00 |             f
    14 |      182 |      1 |  0.000000E+00 |             f
    15 |      195 |      1 |  0.000000E+00 |             f
    16 |      208 |      1 |  0.000000E+00 |             f
    17 |      221 |      1 |  0.000000E+00 |             f
    18 |      234 |      1 |  0.000000E+00 |             f
    19 |      247 |      1 |  0.000000E+00 |             f
    20 |      260 |      1 |  0.000000E+00 |             f
Best mask selections: [4 2 2 2 3]
Adam [    0] loss: 7.5303e+01
Adam [ 2000] loss: 3.9843e+00
Adam [ 4000] loss: 6.3375e-01
Adam [ 6000] loss: 2.8628e-01
Adam [ 8000] loss: 1.6044e-01
Adam [10000] loss: 9.5633e-02
Adam [11999] loss: 7.0406e-02

L-BFGS refinement...

PSO refinement...
Stopping search: maximum iterations reached --> 8
PSO best objective: 3.5552e+01
Saved plot: results/pipeline_runs/20260227_202723/artifacts/rep_01/poisson/nsga3/domain_annulus/stage_pso/poisson_nsga3_loss_curve.png

Relative L2 error (annulus, grid 500x500): 9.8728e-01
Saved CSV: results/pipeline_runs/20260227_202723/artifacts/rep_01/poisson/nsga3/domain_annulus/stage_pso/results_summary.csv
Run time: 2555.51 s
[OK ] nsga3/annulus best_stage=lbfgs
[DONE] nsga3/annulus stage_pso completed by existing process.
[OK ] nsga3/annulus best_stage=lbfgs
