  [Fig TH1-3D] rectangular/bayesian/k=1 — volumetric render …
    → fig_th1_3d_rectangular_bayesian_k1_v2.png
  3D Progress: 1/60
  [Fig TH1-3D] rectangular/bayesian/k=2 — volumetric render …
    → fig_th1_3d_rectangular_bayesian_k2_v2.png
  3D Progress: 2/60
  [Fig TH1-3D] rectangular/bayesian/k=3 — volumetric render …
    → fig_th1_3d_rectangular_bayesian_k3_v2.png
  3D Progress: 3/60
  [Fig TH1-3D] rectangular/bayesian/k=4 — volumetric render …
    → fig_th1_3d_rectangular_bayesian_k4_v2.png
  3D Progress: 4/60
  [Fig TH1-3D] rectangular/bayesian/k=5 — volumetric render …
    → fig_th1_3d_rectangular_bayesian_k5_v2.png
  3D Progress: 5/60
  [Fig TH1-3D] cylinder/bayesian/k=1 — volumetric render …
    → fig_th1_3d_cylinder_bayesian_k1_v2.png
  3D Progress: 6/60
  [Fig TH1-3D] cylinder/bayesian/k=2 — volumetric render …
    → fig_th1_3d_cylinder_bayesian_k2_v2.png
  3D Progress: 7/60
  [Fig TH1-3D] cylinder/bayesian/k=3 — volumetric render …
    → fig_th1_3d_cylinder_bayesian_k3_v2.png
  3D Progress: 8/60
  [Fig TH1-3D] cylinder/bayesian/k=4 — volumetric render …
    → fig_th1_3d_cylinder_bayesian_k4_v2.png
  3D Progress: 9/60
  [Fig TH1-3D] cylinder/bayesian/k=5 — volumetric render …
    → fig_th1_3d_cylinder_bayesian_k5_v2.png
  3D Progress: 10/60
  [Fig TH1-3D] stacked/bayesian/k=1 — volumetric render …
    → fig_th1_3d_stacked_bayesian_k1_v2.png
  3D Progress: 11/60
  [Fig TH1-3D] stacked/bayesian/k=2 — volumetric render …
    → fig_th1_3d_stacked_bayesian_k2_v2.png
  3D Progress: 12/60
  [Fig TH1-3D] stacked/bayesian/k=3 — volumetric render …
    → fig_th1_3d_stacked_bayesian_k3_v2.png
  3D Progress: 13/60
  [Fig TH1-3D] stacked/bayesian/k=4 — volumetric render …
    → fig_th1_3d_stacked_bayesian_k4_v2.png
  3D Progress: 14/60
  [Fig TH1-3D] stacked/bayesian/k=5 — volumetric render …
    → fig_th1_3d_stacked_bayesian_k5_v2.png
  3D Progress: 15/60
  [Fig TH1-3D] lshape/bayesian/k=1 — volumetric render …
  LShape3D: running FD solver (20×20×10 grid)…
  LShape3D: FD solver done.
    → fig_th1_3d_lshape_bayesian_k1_v2.png
  3D Progress: 16/60
  [Fig TH1-3D] lshape/bayesian/k=2 — volumetric render …
  LShape3D: running FD solver (20×20×10 grid)…
  LShape3D: FD solver done.
    → fig_th1_3d_lshape_bayesian_k2_v2.png
  3D Progress: 17/60
  [Fig TH1-3D] lshape/bayesian/k=3 — volumetric render …
  LShape3D: running FD solver (20×20×10 grid)…
  LShape3D: FD solver done.
    → fig_th1_3d_lshape_bayesian_k3_v2.png
  3D Progress: 18/60
  [Fig TH1-3D] lshape/bayesian/k=4 — volumetric render …
  LShape3D: running FD solver (20×20×10 grid)…
  LShape3D: FD solver done.
    → fig_th1_3d_lshape_bayesian_k4_v2.png
  3D Progress: 19/60
  [Fig TH1-3D] lshape/bayesian/k=5 — volumetric render …
  LShape3D: running FD solver (20×20×10 grid)…
  LShape3D: FD solver done.
    → fig_th1_3d_lshape_bayesian_k5_v2.png
  3D Progress: 20/60
  [Fig TH1-3D] rectangular/nsga2/k=1 — volumetric render …
    → fig_th1_3d_rectangular_nsga2_k1_v2.png
  3D Progress: 21/60
  [Fig TH1-3D] rectangular/nsga2/k=2 — volumetric render …
    → fig_th1_3d_rectangular_nsga2_k2_v2.png
  3D Progress: 22/60
  [Fig TH1-3D] rectangular/nsga2/k=3 — volumetric render …
    → fig_th1_3d_rectangular_nsga2_k3_v2.png
  3D Progress: 23/60
  [Fig TH1-3D] rectangular/nsga2/k=4 — volumetric render …
    → fig_th1_3d_rectangular_nsga2_k4_v2.png
  3D Progress: 24/60
  [Fig TH1-3D] rectangular/nsga2/k=5 — volumetric render …
    → fig_th1_3d_rectangular_nsga2_k5_v2.png
  3D Progress: 25/60
  [Fig TH1-3D] cylinder/nsga2/k=1 — volumetric render …
    → fig_th1_3d_cylinder_nsga2_k1_v2.png
  3D Progress: 26/60
  [Fig TH1-3D] cylinder/nsga2/k=2 — volumetric render …
    → fig_th1_3d_cylinder_nsga2_k2_v2.png
  3D Progress: 27/60
  [Fig TH1-3D] cylinder/nsga2/k=3 — volumetric render …
    → fig_th1_3d_cylinder_nsga2_k3_v2.png
  3D Progress: 28/60
  [Fig TH1-3D] cylinder/nsga2/k=4 — volumetric render …
    → fig_th1_3d_cylinder_nsga2_k4_v2.png
  3D Progress: 29/60
  [Fig TH1-3D] cylinder/nsga2/k=5 — volumetric render …
    → fig_th1_3d_cylinder_nsga2_k5_v2.png
  3D Progress: 30/60
  [Fig TH1-3D] stacked/nsga2/k=1 — volumetric render …
    → fig_th1_3d_stacked_nsga2_k1_v2.png
  3D Progress: 31/60
  [Fig TH1-3D] stacked/nsga2/k=2 — volumetric render …
    → fig_th1_3d_stacked_nsga2_k2_v2.png
  3D Progress: 32/60
  [Fig TH1-3D] stacked/nsga2/k=3 — volumetric render …
    → fig_th1_3d_stacked_nsga2_k3_v2.png
  3D Progress: 33/60
  [Fig TH1-3D] stacked/nsga2/k=4 — volumetric render …
    → fig_th1_3d_stacked_nsga2_k4_v2.png
  3D Progress: 34/60
  [Fig TH1-3D] stacked/nsga2/k=5 — volumetric render …
    → fig_th1_3d_stacked_nsga2_k5_v2.png
  3D Progress: 35/60
  [Fig TH1-3D] lshape/nsga2/k=1 — volumetric render …
  LShape3D: running FD solver (20×20×10 grid)…
  LShape3D: FD solver done.
    → fig_th1_3d_lshape_nsga2_k1_v2.png
  3D Progress: 36/60
  [Fig TH1-3D] lshape/nsga2/k=2 — volumetric render …
  LShape3D: running FD solver (20×20×10 grid)…
  LShape3D: FD solver done.
    → fig_th1_3d_lshape_nsga2_k2_v2.png
  3D Progress: 37/60
  [Fig TH1-3D] lshape/nsga2/k=3 — volumetric render …
  LShape3D: running FD solver (20×20×10 grid)…
  LShape3D: FD solver done.
    → fig_th1_3d_lshape_nsga2_k3_v2.png
  3D Progress: 38/60
  [Fig TH1-3D] lshape/nsga2/k=4 — volumetric render …
  LShape3D: running FD solver (20×20×10 grid)…
  LShape3D: FD solver done.
    → fig_th1_3d_lshape_nsga2_k4_v2.png
  3D Progress: 39/60
  [Fig TH1-3D] lshape/nsga2/k=5 — volumetric render …
  LShape3D: running FD solver (20×20×10 grid)…
  LShape3D: FD solver done.
    → fig_th1_3d_lshape_nsga2_k5_v2.png
  3D Progress: 40/60
  [Fig TH1-3D] rectangular/nsga3/k=1 — volumetric render …
    → fig_th1_3d_rectangular_nsga3_k1_v2.png
  3D Progress: 41/60
  [Fig TH1-3D] rectangular/nsga3/k=2 — volumetric render …
    → fig_th1_3d_rectangular_nsga3_k2_v2.png
  3D Progress: 42/60
  [Fig TH1-3D] rectangular/nsga3/k=3 — volumetric render …
    → fig_th1_3d_rectangular_nsga3_k3_v2.png
  3D Progress: 43/60
  [Fig TH1-3D] rectangular/nsga3/k=4 — volumetric render …
    → fig_th1_3d_rectangular_nsga3_k4_v2.png
  3D Progress: 44/60
  [Fig TH1-3D] rectangular/nsga3/k=5 — volumetric render …
    → fig_th1_3d_rectangular_nsga3_k5_v2.png
  3D Progress: 45/60
  [Fig TH1-3D] cylinder/nsga3/k=1 — volumetric render …
    → fig_th1_3d_cylinder_nsga3_k1_v2.png
  3D Progress: 46/60
  [Fig TH1-3D] cylinder/nsga3/k=2 — volumetric render …
    → fig_th1_3d_cylinder_nsga3_k2_v2.png
  3D Progress: 47/60
  [Fig TH1-3D] cylinder/nsga3/k=3 — volumetric render …
    → fig_th1_3d_cylinder_nsga3_k3_v2.png
  3D Progress: 48/60
  [Fig TH1-3D] cylinder/nsga3/k=4 — volumetric render …
    → fig_th1_3d_cylinder_nsga3_k4_v2.png
  3D Progress: 49/60
  [Fig TH1-3D] cylinder/nsga3/k=5 — volumetric render …
    → fig_th1_3d_cylinder_nsga3_k5_v2.png
  3D Progress: 50/60
  [Fig TH1-3D] stacked/nsga3/k=1 — volumetric render …
    → fig_th1_3d_stacked_nsga3_k1_v2.png
  3D Progress: 51/60
  [Fig TH1-3D] stacked/nsga3/k=2 — volumetric render …
    → fig_th1_3d_stacked_nsga3_k2_v2.png
  3D Progress: 52/60
  [Fig TH1-3D] stacked/nsga3/k=3 — volumetric render …
    → fig_th1_3d_stacked_nsga3_k3_v2.png
  3D Progress: 53/60
  [Fig TH1-3D] stacked/nsga3/k=4 — volumetric render …
    → fig_th1_3d_stacked_nsga3_k4_v2.png
  3D Progress: 54/60
  [Fig TH1-3D] stacked/nsga3/k=5 — volumetric render …
    → fig_th1_3d_stacked_nsga3_k5_v2.png
  3D Progress: 55/60
  [Fig TH1-3D] lshape/nsga3/k=1 — volumetric render …
  LShape3D: running FD solver (20×20×10 grid)…
  LShape3D: FD solver done.
    → fig_th1_3d_lshape_nsga3_k1_v2.png
  3D Progress: 56/60
  [Fig TH1-3D] lshape/nsga3/k=2 — volumetric render …
  LShape3D: running FD solver (20×20×10 grid)…
  LShape3D: FD solver done.
    → fig_th1_3d_lshape_nsga3_k2_v2.png
  3D Progress: 57/60
  [Fig TH1-3D] lshape/nsga3/k=3 — volumetric render …
  LShape3D: running FD solver (20×20×10 grid)…
  LShape3D: FD solver done.
    → fig_th1_3d_lshape_nsga3_k3_v2.png
  3D Progress: 58/60
  [Fig TH1-3D] lshape/nsga3/k=4 — volumetric render …
  LShape3D: running FD solver (20×20×10 grid)…
  LShape3D: FD solver done.
    → fig_th1_3d_lshape_nsga3_k4_v2.png
  3D Progress: 59/60
  [Fig TH1-3D] lshape/nsga3/k=5 — volumetric render …
  LShape3D: running FD solver (20×20×10 grid)…
  LShape3D: FD solver done.
    → fig_th1_3d_lshape_nsga3_k5_v2.png
  3D Progress: 60/60

Thesis figures done.
  Heatmaps: /home/coder/NAS-PINNS1/thermal_pinn/results_v2/{arch}/{domain}/
  Summary:  /home/coder/NAS-PINNS1/thermal_pinn/results_v2/summary/
