  [Fig TH1] rectangle/bayesian/k=1 — evaluating …
    → fig_th1_2d_rectangle_bayesian_k1_v2.png
  2D Progress: 1/60
  [Fig TH1] rectangle/bayesian/k=2 — evaluating …
    → fig_th1_2d_rectangle_bayesian_k2_v2.png
  2D Progress: 2/60
  [Fig TH1] rectangle/bayesian/k=3 — evaluating …
    → fig_th1_2d_rectangle_bayesian_k3_v2.png
  2D Progress: 3/60
  [Fig TH1] rectangle/bayesian/k=4 — evaluating …
    → fig_th1_2d_rectangle_bayesian_k4_v2.png
  2D Progress: 4/60
  [Fig TH1] rectangle/bayesian/k=5 — evaluating …
    → fig_th1_2d_rectangle_bayesian_k5_v2.png
  2D Progress: 5/60
  [Fig TH1] circle/bayesian/k=1 — evaluating …
    → fig_th1_2d_circle_bayesian_k1_v2.png
  2D Progress: 6/60
  [Fig TH1] circle/bayesian/k=2 — evaluating …
    → fig_th1_2d_circle_bayesian_k2_v2.png
  2D Progress: 7/60
  [Fig TH1] circle/bayesian/k=3 — evaluating …
    → fig_th1_2d_circle_bayesian_k3_v2.png
  2D Progress: 8/60
  [Fig TH1] circle/bayesian/k=4 — evaluating …
    → fig_th1_2d_circle_bayesian_k4_v2.png
  2D Progress: 9/60
  [Fig TH1] circle/bayesian/k=5 — evaluating …
    → fig_th1_2d_circle_bayesian_k5_v2.png
  2D Progress: 10/60
  [Fig TH1] annulus/bayesian/k=1 — evaluating …
    → fig_th1_2d_annulus_bayesian_k1_v2.png
  2D Progress: 11/60
  [Fig TH1] annulus/bayesian/k=2 — evaluating …
    → fig_th1_2d_annulus_bayesian_k2_v2.png
  2D Progress: 12/60
  [Fig TH1] annulus/bayesian/k=3 — evaluating …
    → fig_th1_2d_annulus_bayesian_k3_v2.png
  2D Progress: 13/60
  [Fig TH1] annulus/bayesian/k=4 — evaluating …
    → fig_th1_2d_annulus_bayesian_k4_v2.png
  2D Progress: 14/60
  [Fig TH1] annulus/bayesian/k=5 — evaluating …
    → fig_th1_2d_annulus_bayesian_k5_v2.png
  2D Progress: 15/60
  [Fig TH1] lshape/bayesian/k=1 — evaluating …
  LShape2D: solving FD reference on 40×40 grid…
    → fig_th1_2d_lshape_bayesian_k1_v2.png
  2D Progress: 16/60
  [Fig TH1] lshape/bayesian/k=2 — evaluating …
  LShape2D: solving FD reference on 40×40 grid…
    → fig_th1_2d_lshape_bayesian_k2_v2.png
  2D Progress: 17/60
  [Fig TH1] lshape/bayesian/k=3 — evaluating …
  LShape2D: solving FD reference on 40×40 grid…
    → fig_th1_2d_lshape_bayesian_k3_v2.png
  2D Progress: 18/60
  [Fig TH1] lshape/bayesian/k=4 — evaluating …
  LShape2D: solving FD reference on 40×40 grid…
    → fig_th1_2d_lshape_bayesian_k4_v2.png
  2D Progress: 19/60
  [Fig TH1] lshape/bayesian/k=5 — evaluating …
  LShape2D: solving FD reference on 40×40 grid…
    → fig_th1_2d_lshape_bayesian_k5_v2.png
  2D Progress: 20/60
  [Fig TH1] rectangle/nsga2/k=1 — evaluating …
    → fig_th1_2d_rectangle_nsga2_k1_v2.png
  2D Progress: 21/60
  [Fig TH1] rectangle/nsga2/k=2 — evaluating …
    → fig_th1_2d_rectangle_nsga2_k2_v2.png
  2D Progress: 22/60
  [Fig TH1] rectangle/nsga2/k=3 — evaluating …
    → fig_th1_2d_rectangle_nsga2_k3_v2.png
  2D Progress: 23/60
  [Fig TH1] rectangle/nsga2/k=4 — evaluating …
    → fig_th1_2d_rectangle_nsga2_k4_v2.png
  2D Progress: 24/60
  [Fig TH1] rectangle/nsga2/k=5 — evaluating …
    → fig_th1_2d_rectangle_nsga2_k5_v2.png
  2D Progress: 25/60
  [Fig TH1] circle/nsga2/k=1 — evaluating …
    → fig_th1_2d_circle_nsga2_k1_v2.png
  2D Progress: 26/60
  [Fig TH1] circle/nsga2/k=2 — evaluating …
    → fig_th1_2d_circle_nsga2_k2_v2.png
  2D Progress: 27/60
  [Fig TH1] circle/nsga2/k=3 — evaluating …
    → fig_th1_2d_circle_nsga2_k3_v2.png
  2D Progress: 28/60
  [Fig TH1] circle/nsga2/k=4 — evaluating …
    → fig_th1_2d_circle_nsga2_k4_v2.png
  2D Progress: 29/60
  [Fig TH1] circle/nsga2/k=5 — evaluating …
    → fig_th1_2d_circle_nsga2_k5_v2.png
  2D Progress: 30/60
  [Fig TH1] annulus/nsga2/k=1 — evaluating …
    → fig_th1_2d_annulus_nsga2_k1_v2.png
  2D Progress: 31/60
  [Fig TH1] annulus/nsga2/k=2 — evaluating …
    → fig_th1_2d_annulus_nsga2_k2_v2.png
  2D Progress: 32/60
  [Fig TH1] annulus/nsga2/k=3 — evaluating …
    → fig_th1_2d_annulus_nsga2_k3_v2.png
  2D Progress: 33/60
  [Fig TH1] annulus/nsga2/k=4 — evaluating …
    → fig_th1_2d_annulus_nsga2_k4_v2.png
  2D Progress: 34/60
  [Fig TH1] annulus/nsga2/k=5 — evaluating …
    → fig_th1_2d_annulus_nsga2_k5_v2.png
  2D Progress: 35/60
  [Fig TH1] lshape/nsga2/k=1 — evaluating …
  LShape2D: solving FD reference on 40×40 grid…
    → fig_th1_2d_lshape_nsga2_k1_v2.png
  2D Progress: 36/60
  [Fig TH1] lshape/nsga2/k=2 — evaluating …
  LShape2D: solving FD reference on 40×40 grid…
    → fig_th1_2d_lshape_nsga2_k2_v2.png
  2D Progress: 37/60
  [Fig TH1] lshape/nsga2/k=3 — evaluating …
  LShape2D: solving FD reference on 40×40 grid…
    → fig_th1_2d_lshape_nsga2_k3_v2.png
  2D Progress: 38/60
  [Fig TH1] lshape/nsga2/k=4 — evaluating …
  LShape2D: solving FD reference on 40×40 grid…
    → fig_th1_2d_lshape_nsga2_k4_v2.png
  2D Progress: 39/60
  [Fig TH1] lshape/nsga2/k=5 — evaluating …
  LShape2D: solving FD reference on 40×40 grid…
    → fig_th1_2d_lshape_nsga2_k5_v2.png
  2D Progress: 40/60
  [Fig TH1] rectangle/nsga3/k=1 — evaluating …
    → fig_th1_2d_rectangle_nsga3_k1_v2.png
  2D Progress: 41/60
  [Fig TH1] rectangle/nsga3/k=2 — evaluating …
    → fig_th1_2d_rectangle_nsga3_k2_v2.png
  2D Progress: 42/60
  [Fig TH1] rectangle/nsga3/k=3 — evaluating …
    → fig_th1_2d_rectangle_nsga3_k3_v2.png
  2D Progress: 43/60
  [Fig TH1] rectangle/nsga3/k=4 — evaluating …
    → fig_th1_2d_rectangle_nsga3_k4_v2.png
  2D Progress: 44/60
  [Fig TH1] rectangle/nsga3/k=5 — evaluating …
    → fig_th1_2d_rectangle_nsga3_k5_v2.png
  2D Progress: 45/60
  [Fig TH1] circle/nsga3/k=1 — evaluating …
    → fig_th1_2d_circle_nsga3_k1_v2.png
  2D Progress: 46/60
  [Fig TH1] circle/nsga3/k=2 — evaluating …
    → fig_th1_2d_circle_nsga3_k2_v2.png
  2D Progress: 47/60
  [Fig TH1] circle/nsga3/k=3 — evaluating …
    → fig_th1_2d_circle_nsga3_k3_v2.png
  2D Progress: 48/60
  [Fig TH1] circle/nsga3/k=4 — evaluating …
    → fig_th1_2d_circle_nsga3_k4_v2.png
  2D Progress: 49/60
  [Fig TH1] circle/nsga3/k=5 — evaluating …
    → fig_th1_2d_circle_nsga3_k5_v2.png
  2D Progress: 50/60
  [Fig TH1] annulus/nsga3/k=1 — evaluating …
    → fig_th1_2d_annulus_nsga3_k1_v2.png
  2D Progress: 51/60
  [Fig TH1] annulus/nsga3/k=2 — evaluating …
    → fig_th1_2d_annulus_nsga3_k2_v2.png
  2D Progress: 52/60
  [Fig TH1] annulus/nsga3/k=3 — evaluating …
    → fig_th1_2d_annulus_nsga3_k3_v2.png
  2D Progress: 53/60
  [Fig TH1] annulus/nsga3/k=4 — evaluating …
    → fig_th1_2d_annulus_nsga3_k4_v2.png
  2D Progress: 54/60
  [Fig TH1] annulus/nsga3/k=5 — evaluating …
    → fig_th1_2d_annulus_nsga3_k5_v2.png
  2D Progress: 55/60
  [Fig TH1] lshape/nsga3/k=1 — evaluating …
  LShape2D: solving FD reference on 40×40 grid…
    → fig_th1_2d_lshape_nsga3_k1_v2.png
  2D Progress: 56/60
  [Fig TH1] lshape/nsga3/k=2 — evaluating …
  LShape2D: solving FD reference on 40×40 grid…
    → fig_th1_2d_lshape_nsga3_k2_v2.png
  2D Progress: 57/60
  [Fig TH1] lshape/nsga3/k=3 — evaluating …
  LShape2D: solving FD reference on 40×40 grid…
    → fig_th1_2d_lshape_nsga3_k3_v2.png
  2D Progress: 58/60
  [Fig TH1] lshape/nsga3/k=4 — evaluating …
  LShape2D: solving FD reference on 40×40 grid…
    → fig_th1_2d_lshape_nsga3_k4_v2.png
  2D Progress: 59/60
  [Fig TH1] lshape/nsga3/k=5 — evaluating …
  LShape2D: solving FD reference on 40×40 grid…
    → fig_th1_2d_lshape_nsga3_k5_v2.png
  2D Progress: 60/60

Thesis figures done.
  Heatmaps: /home/coder/NAS-PINNS1/thermal_pinn/results_v2/{arch}/{domain}/
  Summary:  /home/coder/NAS-PINNS1/thermal_pinn/results_v2/summary/
