Device: cuda

=================================================================
  [v2] K-SWEEP  domain=rectangular  arch=bayesian  dim=3D
  k values: [1, 2, 3, 4, 5]
=================================================================

  [v2] rectangular/bayesian/k=1/dim=3D  model=FourierPINN(dim=3, arch=bayesian, fourier=64×2=128, layers=5×151, act=relu, params=111,439)
    [1/20] [0.0→1.5s]  MAE=65.20°C  L2=0.2375  (14s)  λ=[0.98,4.98,9.99]
    [2/20] [1.5→3.0s]  MAE=62.04°C  L2=0.2346  (13s)  λ=[0.98,4.96,9.98]
    [3/20] [3.0→4.5s]  MAE=58.79°C  L2=0.2298  (14s)  λ=[0.97,4.95,9.98]
    [4/20] [4.5→6.0s]  MAE=58.66°C  L2=0.2243  (13s)  λ=[0.96,4.93,9.97]
    [5/20] [6.0→7.5s]  MAE=55.08°C  L2=0.2161  (13s)  λ=[0.96,4.91,9.97]
    [6/20] [7.5→9.0s]  MAE=51.71°C  L2=0.1915  (13s)  λ=[0.95,4.89,9.96]
    [7/20] [9.0→10.5s]  MAE=50.22°C  L2=0.2057  (13s)  λ=[0.94,4.88,9.96]
    [8/20] [10.5→12.0s]  MAE=43.50°C  L2=0.1729  (14s)  λ=[0.94,4.86,9.95]
    [9/20] [12.0→13.5s]  MAE=38.63°C  L2=0.1663  (14s)  λ=[0.93,4.85,9.94]
    [10/20] [13.5→15.0s]  MAE=36.85°C  L2=0.1781  (14s)  λ=[0.93,4.83,9.94]
    [11/20] [15.0→16.5s]  MAE=27.00°C  L2=0.1422  (14s)  λ=[0.92,4.82,9.93]
    [12/20] [16.5→18.0s]  MAE=31.03°C  L2=0.1629  (14s)  λ=[0.92,4.81,9.92]
    [13/20] [18.0→19.5s]  MAE=17.10°C  L2=0.1108  (13s)  λ=[0.91,4.80,9.92]
    [14/20] [19.5→21.0s]  MAE=22.49°C  L2=0.1455  (13s)  λ=[0.91,4.78,9.91]
    [15/20] [21.0→22.5s]  MAE=22.05°C  L2=0.1437  (14s)  λ=[0.90,4.77,9.90]
    [16/20] [22.5→24.0s]  MAE=29.00°C  L2=0.1738  (13s)  λ=[0.90,4.75,9.90]
    [17/20] [24.0→25.5s]  MAE=17.52°C  L2=0.1187  (13s)  λ=[0.89,4.74,9.89]
    [18/20] [25.5→27.0s]  MAE=16.12°C  L2=0.1172  (13s)  λ=[0.89,4.72,9.89]
    [19/20] [27.0→28.5s]  MAE=14.01°C  L2=0.0935  (13s)  λ=[0.89,4.71,9.88]
    [20/20] [28.5→30.0s]  MAE=16.50°C  L2=0.1317  (14s)  λ=[0.88,4.69,9.87]
  → Mean MAE=36.67°C  Mean L2=0.1698  saved: rectangular_bayesian_k1_dim3_v2.pt

  [v2] rectangular/bayesian/k=2/dim=3D  model=FourierPINN(dim=3, arch=bayesian, fourier=64×2=128, layers=5×151, act=relu, params=111,439)
    [1/10] [0.0→3.0s]  MAE=63.84°C  L2=0.2319  (13s)  λ=[0.98,4.98,9.99]
    [2/10] [3.0→6.0s]  MAE=52.87°C  L2=0.1984  (14s)  λ=[0.98,4.96,9.98]
    [3/10] [6.0→9.0s]  MAE=51.79°C  L2=0.1993  (13s)  λ=[0.97,4.94,9.98]
    [4/10] [9.0→12.0s]  MAE=48.82°C  L2=0.1844  (14s)  λ=[0.96,4.93,9.97]
    [5/10] [12.0→15.0s]  MAE=43.87°C  L2=0.1794  (14s)  λ=[0.96,4.91,9.97]
    [6/10] [15.0→18.0s]  MAE=38.63°C  L2=0.1723  (14s)  λ=[0.95,4.90,9.96]
    [7/10] [18.0→21.0s]  MAE=31.08°C  L2=0.1595  (14s)  λ=[0.94,4.88,9.96]
    [8/10] [21.0→24.0s]  MAE=27.39°C  L2=0.1512  (16s)  λ=[0.94,4.87,9.95]
    [9/10] [24.0→27.0s]  MAE=23.57°C  L2=0.1440  (14s)  λ=[0.93,4.86,9.94]
    [10/10] [27.0→30.0s]  MAE=20.10°C  L2=0.1341  (14s)  λ=[0.93,4.84,9.94]
  → Mean MAE=40.20°C  Mean L2=0.1755  saved: rectangular_bayesian_k2_dim3_v2.pt

  [v2] rectangular/bayesian/k=3/dim=3D  model=FourierPINN(dim=3, arch=bayesian, fourier=64×2=128, layers=5×151, act=relu, params=111,439)
    [1/7] [0.0→4.5s]  MAE=69.67°C  L2=0.2486  (13s)  λ=[0.98,4.98,9.99]
    [2/7] [4.5→9.0s]  MAE=53.20°C  L2=0.2007  (13s)  λ=[0.98,4.96,9.99]
    [3/7] [9.0→13.5s]  MAE=57.68°C  L2=0.2108  (13s)  λ=[0.97,4.94,9.98]
    [4/7] [13.5→18.0s]  MAE=44.09°C  L2=0.1711  (14s)  λ=[0.96,4.93,9.98]
    [5/7] [18.0→22.5s]  MAE=37.67°C  L2=0.1657  (14s)  λ=[0.95,4.91,9.97]
    [6/7] [22.5→27.0s]  MAE=33.09°C  L2=0.1531  (14s)  λ=[0.95,4.89,9.96]
    [7/7] [27.0→30.0s]  MAE=29.01°C  L2=0.1527  (14s)  λ=[0.94,4.88,9.96]
  → Mean MAE=46.34°C  Mean L2=0.1861  saved: rectangular_bayesian_k3_dim3_v2.pt

  [v2] rectangular/bayesian/k=4/dim=3D  model=FourierPINN(dim=3, arch=bayesian, fourier=64×2=128, layers=5×151, act=relu, params=111,439)
    [1/5] [0.0→6.0s]  MAE=65.08°C  L2=0.2307  (14s)  λ=[0.98,4.98,9.99]
    [2/5] [6.0→12.0s]  MAE=51.67°C  L2=0.1869  (14s)  λ=[0.98,4.96,9.99]
    [3/5] [12.0→18.0s]  MAE=44.86°C  L2=0.1715  (14s)  λ=[0.97,4.94,9.98]
    [4/5] [18.0→24.0s]  MAE=35.00°C  L2=0.1422  (13s)  λ=[0.96,4.93,9.98]
    [5/5] [24.0→30.0s]  MAE=32.03°C  L2=0.1453  (14s)  λ=[0.96,4.91,9.97]
  → Mean MAE=45.73°C  Mean L2=0.1753  saved: rectangular_bayesian_k4_dim3_v2.pt

  [v2] rectangular/bayesian/k=5/dim=3D  model=FourierPINN(dim=3, arch=bayesian, fourier=64×2=128, layers=5×151, act=relu, params=111,439)
    [1/4] [0.0→7.5s]  MAE=70.07°C  L2=0.2533  (14s)  λ=[0.98,4.98,9.99]
    [2/4] [7.5→15.0s]  MAE=48.53°C  L2=0.1769  (13s)  λ=[0.98,4.96,9.99]
    [3/4] [15.0→22.5s]  MAE=43.95°C  L2=0.1633  (13s)  λ=[0.97,4.95,9.98]
    [4/4] [22.5→30.0s]  MAE=35.28°C  L2=0.1375  (13s)  λ=[0.96,4.93,9.98]
  → Mean MAE=49.46°C  Mean L2=0.1828  saved: rectangular_bayesian_k5_dim3_v2.pt

  K-SWEEP RESULT  domain=rectangular  arch=bayesian
     k    mean MAE    mean L2
     1       36.67°C     0.1698 ← best
     2       40.20°C     0.1755
     3       46.34°C     0.1861
     4       45.73°C     0.1753
     5       49.46°C     0.1828
  Registry updated: registry_v2.json

=================================================================
  [v2] K-SWEEP  domain=rectangular  arch=nsga2  dim=3D
  k values: [1, 2, 3, 4, 5]
=================================================================

  [v2] rectangular/nsga2/k=1/dim=3D  model=FourierPINN(dim=3, arch=nsga2, fourier=64×2=128, layers=3×153, act=tanh, params=67,015)
    [1/20] [0.0→1.5s]  MAE=74.70°C  L2=0.2860  (12s)  λ=[1.00,4.99,9.99]
    [2/20] [1.5→3.0s]  MAE=68.22°C  L2=0.2518  (13s)  λ=[1.00,4.96,9.98]
    [3/20] [3.0→4.5s]  MAE=66.02°C  L2=0.2479  (13s)  λ=[0.99,4.94,9.96]
    [4/20] [4.5→6.0s]  MAE=61.54°C  L2=0.2321  (13s)  λ=[0.99,4.92,9.94]
    [5/20] [6.0→7.5s]  MAE=62.91°C  L2=0.2347  (15s)  λ=[0.99,4.90,9.93]
    [6/20] [7.5→9.0s]  MAE=55.53°C  L2=0.2033  (13s)  λ=[0.99,4.87,9.91]
    [7/20] [9.0→10.5s]  MAE=68.15°C  L2=0.2438  (13s)  λ=[0.99,4.86,9.88]
    [8/20] [10.5→12.0s]  MAE=61.26°C  L2=0.2259  (13s)  λ=[0.99,4.83,9.86]
    [9/20] [12.0→13.5s]  MAE=68.40°C  L2=0.2453  (13s)  λ=[0.99,4.81,9.84]
    [10/20] [13.5→15.0s]  MAE=63.35°C  L2=0.2223  (12s)  λ=[0.98,4.79,9.82]
    [11/20] [15.0→16.5s]  MAE=62.57°C  L2=0.2242  (12s)  λ=[0.98,4.77,9.80]
    [12/20] [16.5→18.0s]  MAE=67.55°C  L2=0.2367  (13s)  λ=[0.98,4.75,9.78]
    [13/20] [18.0→19.5s]  MAE=68.70°C  L2=0.2358  (13s)  λ=[0.98,4.72,9.76]
    [14/20] [19.5→21.0s]  MAE=61.93°C  L2=0.2137  (12s)  λ=[0.98,4.70,9.73]
    [15/20] [21.0→22.5s]  MAE=65.84°C  L2=0.2266  (13s)  λ=[0.98,4.68,9.71]
    [16/20] [22.5→24.0s]  MAE=68.63°C  L2=0.2324  (12s)  λ=[0.98,4.65,9.69]
    [17/20] [24.0→25.5s]  MAE=60.52°C  L2=0.2071  (12s)  λ=[0.97,4.63,9.66]
    [18/20] [25.5→27.0s]  MAE=62.53°C  L2=0.2115  (13s)  λ=[0.97,4.61,9.64]
    [19/20] [27.0→28.5s]  MAE=55.46°C  L2=0.1887  (12s)  λ=[0.97,4.59,9.62]
    [20/20] [28.5→30.0s]  MAE=60.44°C  L2=0.2071  (12s)  λ=[0.97,4.56,9.60]
  → Mean MAE=64.21°C  Mean L2=0.2288  saved: rectangular_nsga2_k1_dim3_v2.pt

  [v2] rectangular/nsga2/k=2/dim=3D  model=FourierPINN(dim=3, arch=nsga2, fourier=64×2=128, layers=3×153, act=tanh, params=67,015)
    [1/10] [0.0→3.0s]  MAE=87.00°C  L2=0.3095  (13s)  λ=[1.00,4.98,9.99]
    [2/10] [3.0→6.0s]  MAE=67.58°C  L2=0.2506  (12s)  λ=[1.00,4.96,9.98]
    [3/10] [6.0→9.0s]  MAE=65.49°C  L2=0.2386  (12s)  λ=[0.99,4.94,9.96]
    [4/10] [9.0→12.0s]  MAE=57.18°C  L2=0.2125  (12s)  λ=[0.99,4.91,9.95]
    [5/10] [12.0→15.0s]  MAE=67.85°C  L2=0.2348  (13s)  λ=[0.99,4.90,9.93]
    [6/10] [15.0→18.0s]  MAE=60.77°C  L2=0.2110  (13s)  λ=[0.99,4.87,9.91]
    [7/10] [18.0→21.0s]  MAE=63.94°C  L2=0.2198  (13s)  λ=[0.99,4.85,9.89]
    [8/10] [21.0→24.0s]  MAE=63.56°C  L2=0.2212  (14s)  λ=[0.99,4.83,9.87]
    [9/10] [24.0→27.0s]  MAE=65.04°C  L2=0.2261  (14s)  λ=[0.99,4.80,9.85]
    [10/10] [27.0→30.0s]  MAE=66.06°C  L2=0.2340  (13s)  λ=[0.99,4.78,9.83]
  → Mean MAE=66.45°C  Mean L2=0.2358  saved: rectangular_nsga2_k2_dim3_v2.pt

  [v2] rectangular/nsga2/k=3/dim=3D  model=FourierPINN(dim=3, arch=nsga2, fourier=64×2=128, layers=3×153, act=tanh, params=67,015)
    [1/7] [0.0→4.5s]  MAE=78.69°C  L2=0.2961  (14s)  λ=[1.00,4.98,9.99]
    [2/7] [4.5→9.0s]  MAE=55.70°C  L2=0.2046  (14s)  λ=[1.00,4.96,9.98]
    [3/7] [9.0→13.5s]  MAE=63.83°C  L2=0.2254  (13s)  λ=[0.99,4.94,9.97]
    [4/7] [13.5→18.0s]  MAE=65.75°C  L2=0.2279  (13s)  λ=[0.99,4.91,9.95]
    [5/7] [18.0→22.5s]  MAE=61.83°C  L2=0.2120  (13s)  λ=[0.99,4.89,9.93]
    [6/7] [22.5→27.0s]  MAE=61.48°C  L2=0.2164  (13s)  λ=[0.99,4.87,9.91]
    [7/7] [27.0→30.0s]  MAE=67.64°C  L2=0.2315  (12s)  λ=[0.99,4.85,9.89]
  → Mean MAE=64.99°C  Mean L2=0.2306  saved: rectangular_nsga2_k3_dim3_v2.pt

  [v2] rectangular/nsga2/k=4/dim=3D  model=FourierPINN(dim=3, arch=nsga2, fourier=64×2=128, layers=3×153, act=tanh, params=67,015)
    [1/5] [0.0→6.0s]  MAE=88.61°C  L2=0.3239  (13s)  λ=[1.00,4.99,9.99]
    [2/5] [6.0→12.0s]  MAE=65.46°C  L2=0.2355  (13s)  λ=[1.00,4.96,9.98]
    [3/5] [12.0→18.0s]  MAE=66.31°C  L2=0.2331  (13s)  λ=[0.99,4.94,9.96]
    [4/5] [18.0→24.0s]  MAE=77.43°C  L2=0.2654  (13s)  λ=[0.99,4.91,9.94]
    [5/5] [24.0→30.0s]  MAE=77.87°C  L2=0.2649  (13s)  λ=[0.99,4.89,9.92]
  → Mean MAE=75.14°C  Mean L2=0.2646  saved: rectangular_nsga2_k4_dim3_v2.pt

  [v2] rectangular/nsga2/k=5/dim=3D  model=FourierPINN(dim=3, arch=nsga2, fourier=64×2=128, layers=3×153, act=tanh, params=67,015)
    [1/4] [0.0→7.5s]  MAE=98.19°C  L2=0.3440  (13s)  λ=[1.00,4.98,9.99]
    [2/4] [7.5→15.0s]  MAE=61.24°C  L2=0.2131  (13s)  λ=[1.00,4.96,9.98]
    [3/4] [15.0→22.5s]  MAE=62.78°C  L2=0.2254  (12s)  λ=[0.99,4.94,9.96]
    [4/4] [22.5→30.0s]  MAE=62.63°C  L2=0.2159  (13s)  λ=[0.99,4.91,9.95]
  → Mean MAE=71.21°C  Mean L2=0.2496  saved: rectangular_nsga2_k5_dim3_v2.pt

  K-SWEEP RESULT  domain=rectangular  arch=nsga2
     k    mean MAE    mean L2
     1       64.21°C     0.2288 ← best
     2       66.45°C     0.2358
     3       64.99°C     0.2306
     4       75.14°C     0.2646
     5       71.21°C     0.2496
  Registry updated: registry_v2.json

=================================================================
  [v2] K-SWEEP  domain=rectangular  arch=nsga3  dim=3D
  k values: [1, 2, 3, 4, 5]
=================================================================

  [v2] rectangular/nsga3/k=1/dim=3D  model=FourierPINN(dim=3, arch=nsga3, fourier=64×2=128, layers=3×75, act=tanh, params=21,151)
    [1/20] [0.0→1.5s]  MAE=62.31°C  L2=0.2440  (12s)  λ=[1.00,4.98,9.99]
    [2/20] [1.5→3.0s]  MAE=56.66°C  L2=0.2114  (13s)  λ=[1.00,4.95,9.97]
    [3/20] [3.0→4.5s]  MAE=57.81°C  L2=0.2212  (12s)  λ=[0.99,4.93,9.96]
    [4/20] [4.5→6.0s]  MAE=58.68°C  L2=0.2252  (13s)  λ=[0.99,4.90,9.94]
    [5/20] [6.0→7.5s]  MAE=60.54°C  L2=0.2231  (12s)  λ=[0.99,4.88,9.92]
    [6/20] [7.5→9.0s]  MAE=53.96°C  L2=0.2044  (13s)  λ=[0.99,4.86,9.90]
    [7/20] [9.0→10.5s]  MAE=62.12°C  L2=0.2395  (13s)  λ=[0.99,4.84,9.88]
    [8/20] [10.5→12.0s]  MAE=59.24°C  L2=0.2154  (13s)  λ=[0.98,4.81,9.86]
    [9/20] [12.0→13.5s]  MAE=60.65°C  L2=0.2168  (13s)  λ=[0.98,4.79,9.84]
    [10/20] [13.5→15.0s]  MAE=60.82°C  L2=0.2137  (12s)  λ=[0.98,4.76,9.82]
    [11/20] [15.0→16.5s]  MAE=63.76°C  L2=0.2197  (13s)  λ=[0.98,4.74,9.80]
    [12/20] [16.5→18.0s]  MAE=67.76°C  L2=0.2337  (13s)  λ=[0.98,4.71,9.78]
    [13/20] [18.0→19.5s]  MAE=61.25°C  L2=0.2172  (14s)  λ=[0.98,4.69,9.76]
    [14/20] [19.5→21.0s]  MAE=56.30°C  L2=0.1947  (14s)  λ=[0.97,4.66,9.74]
    [15/20] [21.0→22.5s]  MAE=59.26°C  L2=0.2016  (12s)  λ=[0.97,4.64,9.72]
    [16/20] [22.5→24.0s]  MAE=64.41°C  L2=0.2181  (13s)  λ=[0.97,4.61,9.70]
    [17/20] [24.0→25.5s]  MAE=57.19°C  L2=0.1938  (13s)  λ=[0.97,4.59,9.68]
    [18/20] [25.5→27.0s]  MAE=57.80°C  L2=0.2015  (12s)  λ=[0.97,4.56,9.67]
    [19/20] [27.0→28.5s]  MAE=54.12°C  L2=0.1821  (13s)  λ=[0.97,4.54,9.65]
    [20/20] [28.5→30.0s]  MAE=62.15°C  L2=0.2146  (13s)  λ=[0.96,4.52,9.63]
  → Mean MAE=59.84°C  Mean L2=0.2146  saved: rectangular_nsga3_k1_dim3_v2.pt

  [v2] rectangular/nsga3/k=2/dim=3D  model=FourierPINN(dim=3, arch=nsga3, fourier=64×2=128, layers=3×75, act=tanh, params=21,151)
    [1/10] [0.0→3.0s]  MAE=80.32°C  L2=0.2822  (13s)  λ=[1.00,4.98,9.99]
    [2/10] [3.0→6.0s]  MAE=62.50°C  L2=0.2216  (12s)  λ=[1.00,4.95,9.97]
    [3/10] [6.0→9.0s]  MAE=64.34°C  L2=0.2372  (12s)  λ=[0.99,4.93,9.96]
    [4/10] [9.0→12.0s]  MAE=59.52°C  L2=0.2167  (13s)  λ=[0.99,4.90,9.94]
    [5/10] [12.0→15.0s]  MAE=66.08°C  L2=0.2299  (13s)  λ=[0.99,4.88,9.93]
    [6/10] [15.0→18.0s]  MAE=60.63°C  L2=0.2135  (13s)  λ=[0.99,4.86,9.91]
    [7/10] [18.0→21.0s]  MAE=67.56°C  L2=0.2326  (13s)  λ=[0.99,4.83,9.89]
    [8/10] [21.0→24.0s]  MAE=57.19°C  L2=0.1964  (13s)  λ=[0.99,4.81,9.87]
    [9/10] [24.0→27.0s]  MAE=75.09°C  L2=0.2616  (14s)  λ=[0.98,4.79,9.85]
    [10/10] [27.0→30.0s]  MAE=67.89°C  L2=0.2346  (13s)  λ=[0.98,4.76,9.84]
  → Mean MAE=66.11°C  Mean L2=0.2326  saved: rectangular_nsga3_k2_dim3_v2.pt

  [v2] rectangular/nsga3/k=3/dim=3D  model=FourierPINN(dim=3, arch=nsga3, fourier=64×2=128, layers=3×75, act=tanh, params=21,151)
    [1/7] [0.0→4.5s]  MAE=87.88°C  L2=0.3186  (13s)  λ=[1.00,4.98,9.99]
    [2/7] [4.5→9.0s]  MAE=66.59°C  L2=0.2391  (13s)  λ=[0.99,4.95,9.97]
    [3/7] [9.0→13.5s]  MAE=59.65°C  L2=0.2073  (13s)  λ=[0.99,4.93,9.95]
    [4/7] [13.5→18.0s]  MAE=63.43°C  L2=0.2177  (13s)  λ=[0.99,4.91,9.93]
    [5/7] [18.0→22.5s]  MAE=70.98°C  L2=0.2381  (13s)  λ=[0.99,4.88,9.92]
    [6/7] [22.5→27.0s]  MAE=64.41°C  L2=0.2223  (13s)  λ=[0.99,4.86,9.90]
    [7/7] [27.0→30.0s]  MAE=64.43°C  L2=0.2220  (13s)  λ=[0.99,4.83,9.88]
  → Mean MAE=68.20°C  Mean L2=0.2379  saved: rectangular_nsga3_k3_dim3_v2.pt

  [v2] rectangular/nsga3/k=4/dim=3D  model=FourierPINN(dim=3, arch=nsga3, fourier=64×2=128, layers=3×75, act=tanh, params=21,151)
    [1/5] [0.0→6.0s]  MAE=79.21°C  L2=0.2887  (12s)  λ=[1.00,4.98,9.99]
    [2/5] [6.0→12.0s]  MAE=64.82°C  L2=0.2384  (13s)  λ=[1.00,4.96,9.97]
    [3/5] [12.0→18.0s]  MAE=70.26°C  L2=0.2467  (13s)  λ=[0.99,4.93,9.95]
    [4/5] [18.0→24.0s]  MAE=74.79°C  L2=0.2552  (13s)  λ=[0.99,4.91,9.93]
    [5/5] [24.0→30.0s]  MAE=65.81°C  L2=0.2338  (12s)  λ=[0.99,4.88,9.92]
  → Mean MAE=70.98°C  Mean L2=0.2526  saved: rectangular_nsga3_k4_dim3_v2.pt

  [v2] rectangular/nsga3/k=5/dim=3D  model=FourierPINN(dim=3, arch=nsga3, fourier=64×2=128, layers=3×75, act=tanh, params=21,151)
    [1/4] [0.0→7.5s]  MAE=85.63°C  L2=0.3097  (12s)  λ=[1.00,4.98,9.99]
    [2/4] [7.5→15.0s]  MAE=57.34°C  L2=0.2032  (13s)  λ=[1.00,4.96,9.97]
    [3/4] [15.0→22.5s]  MAE=56.96°C  L2=0.2031  (12s)  λ=[0.99,4.93,9.96]
    [4/4] [22.5→30.0s]  MAE=59.38°C  L2=0.1982  (12s)  λ=[0.99,4.90,9.94]
  → Mean MAE=64.83°C  Mean L2=0.2285  saved: rectangular_nsga3_k5_dim3_v2.pt

  K-SWEEP RESULT  domain=rectangular  arch=nsga3
     k    mean MAE    mean L2
     1       59.84°C     0.2146 ← best
     2       66.11°C     0.2326
     3       68.20°C     0.2379
     4       70.98°C     0.2526
     5       64.83°C     0.2285
  Registry updated: registry_v2.json

=================================================================
  [v2] K-SWEEP  domain=cylinder  arch=bayesian  dim=3D
  k values: [1, 2, 3, 4, 5]
=================================================================

  [v2] cylinder/bayesian/k=1/dim=3D  model=FourierPINN(dim=3, arch=bayesian, fourier=64×2=128, layers=5×151, act=relu, params=111,439)
    [1/20] [0.0→1.5s]  MAE=40.53°C  L2=0.1770  (13s)  λ=[0.98,4.98,9.99]
    [2/20] [1.5→3.0s]  MAE=45.79°C  L2=0.1913  (13s)  λ=[0.98,4.96,9.98]
    [3/20] [3.0→4.5s]  MAE=46.08°C  L2=0.1925  (14s)  λ=[0.97,4.95,9.98]
    [4/20] [4.5→6.0s]  MAE=46.90°C  L2=0.1992  (14s)  λ=[0.96,4.92,9.97]
    [5/20] [6.0→7.5s]  MAE=41.12°C  L2=0.1907  (13s)  λ=[0.96,4.91,9.97]
    [6/20] [7.5→9.0s]  MAE=25.18°C  L2=0.1256  (14s)  λ=[0.95,4.89,9.97]
    [7/20] [9.0→10.5s]  MAE=35.26°C  L2=0.1830  (14s)  λ=[0.94,4.88,9.96]
    [8/20] [10.5→12.0s]  MAE=23.47°C  L2=0.1394  (14s)  λ=[0.94,4.86,9.96]
    [9/20] [12.0→13.5s]  MAE=19.60°C  L2=0.1269  (14s)  λ=[0.93,4.85,9.95]
    [10/20] [13.5→15.0s]  MAE=21.42°C  L2=0.1512  (14s)  λ=[0.93,4.83,9.95]
    [11/20] [15.0→16.5s]  MAE=17.91°C  L2=0.1121  (13s)  λ=[0.92,4.81,9.94]
    [12/20] [16.5→18.0s]  MAE=17.30°C  L2=0.1322  (13s)  λ=[0.92,4.79,9.94]
    [13/20] [18.0→19.5s]  MAE=16.75°C  L2=0.1287  (13s)  λ=[0.91,4.78,9.93]
    [14/20] [19.5→21.0s]  MAE=10.36°C  L2=0.0770  (14s)  λ=[0.91,4.77,9.93]
    [15/20] [21.0→22.5s]  MAE=13.45°C  L2=0.1039  (13s)  λ=[0.90,4.75,9.92]
    [16/20] [22.5→24.0s]  MAE=12.72°C  L2=0.1095  (14s)  λ=[0.90,4.73,9.92]
    [17/20] [24.0→25.5s]  MAE=8.16°C  L2=0.0789  (13s)  λ=[0.89,4.73,9.91]
    [18/20] [25.5→27.0s]  MAE=8.60°C  L2=0.0790  (13s)  λ=[0.89,4.71,9.91]
    [19/20] [27.0→28.5s]  MAE=8.92°C  L2=0.0893  (13s)  λ=[0.88,4.70,9.90]
    [20/20] [28.5→30.0s]  MAE=10.18°C  L2=0.1029  (13s)  λ=[0.88,4.68,9.90]
  → Mean MAE=23.49°C  Mean L2=0.1345  saved: cylinder_bayesian_k1_dim3_v2.pt

  [v2] cylinder/bayesian/k=2/dim=3D  model=FourierPINN(dim=3, arch=bayesian, fourier=64×2=128, layers=5×151, act=relu, params=111,439)
    [1/10] [0.0→3.0s]  MAE=46.41°C  L2=0.1869  (14s)  λ=[0.98,4.98,9.99]
    [2/10] [3.0→6.0s]  MAE=55.13°C  L2=0.2073  (14s)  λ=[0.98,4.96,9.99]
    [3/10] [6.0→9.0s]  MAE=46.09°C  L2=0.1891  (14s)  λ=[0.97,4.94,9.98]
    [4/10] [9.0→12.0s]  MAE=35.02°C  L2=0.1492  (14s)  λ=[0.96,4.92,9.98]
    [5/10] [12.0→15.0s]  MAE=25.10°C  L2=0.1256  (13s)  λ=[0.96,4.91,9.97]
    [6/10] [15.0→18.0s]  MAE=24.11°C  L2=0.1379  (15s)  λ=[0.95,4.89,9.97]
    [7/10] [18.0→21.0s]  MAE=19.22°C  L2=0.1187  (14s)  λ=[0.94,4.88,9.96]
    [8/10] [21.0→24.0s]  MAE=17.84°C  L2=0.1198  (13s)  λ=[0.94,4.87,9.96]
    [9/10] [24.0→27.0s]  MAE=12.08°C  L2=0.0968  (13s)  λ=[0.93,4.85,9.95]
    [10/10] [27.0→30.0s]  MAE=15.01°C  L2=0.1279  (14s)  λ=[0.92,4.84,9.95]
  → Mean MAE=29.60°C  Mean L2=0.1459  saved: cylinder_bayesian_k2_dim3_v2.pt

  [v2] cylinder/bayesian/k=3/dim=3D  model=FourierPINN(dim=3, arch=bayesian, fourier=64×2=128, layers=5×151, act=relu, params=111,439)
    [1/7] [0.0→4.5s]  MAE=48.42°C  L2=0.1841  (13s)  λ=[0.98,4.98,9.99]
    [2/7] [4.5→9.0s]  MAE=44.97°C  L2=0.1791  (14s)  λ=[0.98,4.96,9.99]
    [3/7] [9.0→13.5s]  MAE=37.28°C  L2=0.1649  (13s)  λ=[0.97,4.94,9.98]
    [4/7] [13.5→18.0s]  MAE=33.00°C  L2=0.1553  (14s)  λ=[0.96,4.92,9.98]
    [5/7] [18.0→22.5s]  MAE=23.13°C  L2=0.1310  (14s)  λ=[0.95,4.91,9.97]
    [6/7] [22.5→27.0s]  MAE=18.69°C  L2=0.1135  (13s)  λ=[0.95,4.89,9.97]
    [7/7] [27.0→30.0s]  MAE=14.71°C  L2=0.1281  (13s)  λ=[0.94,4.88,9.96]
  → Mean MAE=31.46°C  Mean L2=0.1508  saved: cylinder_bayesian_k3_dim3_v2.pt

  [v2] cylinder/bayesian/k=4/dim=3D  model=FourierPINN(dim=3, arch=bayesian, fourier=64×2=128, layers=5×151, act=relu, params=111,439)
    [1/5] [0.0→6.0s]  MAE=49.67°C  L2=0.1886  (13s)  λ=[0.98,4.98,9.99]
    [2/5] [6.0→12.0s]  MAE=52.10°C  L2=0.2025  (14s)  λ=[0.98,4.96,9.99]
    [3/5] [12.0→18.0s]  MAE=33.67°C  L2=0.1500  (14s)  λ=[0.97,4.94,9.98]
    [4/5] [18.0→24.0s]  MAE=28.62°C  L2=0.1416  (14s)  λ=[0.96,4.92,9.98]
    [5/5] [24.0→30.0s]  MAE=20.68°C  L2=0.1278  (14s)  λ=[0.95,4.91,9.97]
  → Mean MAE=36.95°C  Mean L2=0.1621  saved: cylinder_bayesian_k4_dim3_v2.pt

  [v2] cylinder/bayesian/k=5/dim=3D  model=FourierPINN(dim=3, arch=bayesian, fourier=64×2=128, layers=5×151, act=relu, params=111,439)
    [1/4] [0.0→7.5s]  MAE=48.64°C  L2=0.1868  (13s)  λ=[0.98,4.98,9.99]
    [2/4] [7.5→15.0s]  MAE=46.35°C  L2=0.1907  (13s)  λ=[0.98,4.96,9.99]
    [3/4] [15.0→22.5s]  MAE=33.05°C  L2=0.1606  (14s)  λ=[0.97,4.94,9.98]
    [4/4] [22.5→30.0s]  MAE=22.61°C  L2=0.1181  (14s)  λ=[0.96,4.92,9.98]
  → Mean MAE=37.66°C  Mean L2=0.1641  saved: cylinder_bayesian_k5_dim3_v2.pt

  K-SWEEP RESULT  domain=cylinder  arch=bayesian
     k    mean MAE    mean L2
     1       23.49°C     0.1345 ← best
     2       29.60°C     0.1459
     3       31.46°C     0.1508
     4       36.95°C     0.1621
     5       37.66°C     0.1641
  Registry updated: registry_v2.json

=================================================================
  [v2] K-SWEEP  domain=cylinder  arch=nsga2  dim=3D
  k values: [1, 2, 3, 4, 5]
=================================================================

  [v2] cylinder/nsga2/k=1/dim=3D  model=FourierPINN(dim=3, arch=nsga2, fourier=64×2=128, layers=3×153, act=tanh, params=67,015)
    [1/20] [0.0→1.5s]  MAE=63.59°C  L2=0.2734  (12s)  λ=[1.00,4.98,9.99]
    [2/20] [1.5→3.0s]  MAE=65.57°C  L2=0.2631  (13s)  λ=[1.00,4.96,9.98]
    [3/20] [3.0→4.5s]  MAE=58.14°C  L2=0.2196  (13s)  λ=[0.99,4.93,9.95]
    [4/20] [4.5→6.0s]  MAE=71.34°C  L2=0.2559  (13s)  λ=[0.99,4.91,9.93]
    [5/20] [6.0→7.5s]  MAE=67.65°C  L2=0.2367  (13s)  λ=[0.99,4.89,9.91]
    [6/20] [7.5→9.0s]  MAE=72.72°C  L2=0.2463  (13s)  λ=[0.99,4.86,9.89]
    [7/20] [9.0→10.5s]  MAE=73.56°C  L2=0.2487  (12s)  λ=[0.99,4.84,9.87]
    [8/20] [10.5→12.0s]  MAE=67.86°C  L2=0.2334  (12s)  λ=[0.99,4.82,9.85]
    [9/20] [12.0→13.5s]  MAE=69.08°C  L2=0.2313  (13s)  λ=[0.99,4.79,9.83]
    [10/20] [13.5→15.0s]  MAE=78.20°C  L2=0.2671  (13s)  λ=[0.98,4.77,9.82]
    [11/20] [15.0→16.5s]  MAE=84.56°C  L2=0.2898  (13s)  λ=[0.98,4.75,9.80]
    [12/20] [16.5→18.0s]  MAE=69.86°C  L2=0.2481  (13s)  λ=[0.98,4.72,9.78]
    [13/20] [18.0→19.5s]  MAE=83.50°C  L2=0.2971  (13s)  λ=[0.98,4.70,9.76]
    [14/20] [19.5→21.0s]  MAE=76.89°C  L2=0.2775  (13s)  λ=[0.98,4.68,9.74]
    [15/20] [21.0→22.5s]  MAE=68.49°C  L2=0.2499  (13s)  λ=[0.98,4.65,9.72]
    [16/20] [22.5→24.0s]  MAE=64.91°C  L2=0.2471  (13s)  λ=[0.98,4.63,9.71]
    [17/20] [24.0→25.5s]  MAE=64.71°C  L2=0.2508  (13s)  λ=[0.97,4.61,9.69]
    [18/20] [25.5→27.0s]  MAE=61.90°C  L2=0.2422  (12s)  λ=[0.97,4.59,9.68]
    [19/20] [27.0→28.5s]  MAE=58.55°C  L2=0.2241  (13s)  λ=[0.97,4.56,9.66]
    [20/20] [28.5→30.0s]  MAE=57.70°C  L2=0.2308  (13s)  λ=[0.97,4.54,9.65]
  → Mean MAE=68.94°C  Mean L2=0.2516  saved: cylinder_nsga2_k1_dim3_v2.pt

  [v2] cylinder/nsga2/k=2/dim=3D  model=FourierPINN(dim=3, arch=nsga2, fourier=64×2=128, layers=3×153, act=tanh, params=67,015)
    [1/10] [0.0→3.0s]  MAE=74.21°C  L2=0.2815  (12s)  λ=[1.00,4.98,9.99]
    [2/10] [3.0→6.0s]  MAE=80.15°C  L2=0.2817  (13s)  λ=[1.00,4.96,9.98]
    [3/10] [6.0→9.0s]  MAE=70.26°C  L2=0.2420  (13s)  λ=[0.99,4.93,9.96]
    [4/10] [9.0→12.0s]  MAE=87.09°C  L2=0.2943  (13s)  λ=[0.99,4.91,9.94]
    [5/10] [12.0→15.0s]  MAE=84.20°C  L2=0.2839  (13s)  λ=[0.99,4.89,9.92]
    [6/10] [15.0→18.0s]  MAE=75.82°C  L2=0.2638  (13s)  λ=[0.99,4.87,9.90]
    [7/10] [18.0→21.0s]  MAE=81.56°C  L2=0.2854  (13s)  λ=[0.99,4.84,9.89]
    [8/10] [21.0→24.0s]  MAE=80.40°C  L2=0.2992  (13s)  λ=[0.99,4.82,9.87]
    [9/10] [24.0→27.0s]  MAE=81.65°C  L2=0.3113  (13s)  λ=[0.99,4.80,9.85]
    [10/10] [27.0→30.0s]  MAE=85.27°C  L2=0.3336  (14s)  λ=[0.98,4.77,9.84]
  → Mean MAE=80.06°C  Mean L2=0.2877  saved: cylinder_nsga2_k2_dim3_v2.pt

  [v2] cylinder/nsga2/k=3/dim=3D  model=FourierPINN(dim=3, arch=nsga2, fourier=64×2=128, layers=3×153, act=tanh, params=67,015)
    [1/7] [0.0→4.5s]  MAE=78.27°C  L2=0.2789  (13s)  λ=[1.00,4.98,9.99]
    [2/7] [4.5→9.0s]  MAE=71.63°C  L2=0.2490  (13s)  λ=[1.00,4.96,9.98]
    [3/7] [9.0→13.5s]  MAE=94.64°C  L2=0.3249  (13s)  λ=[0.99,4.93,9.96]
    [4/7] [13.5→18.0s]  MAE=82.93°C  L2=0.2929  (13s)  λ=[0.99,4.91,9.94]
    [5/7] [18.0→22.5s]  MAE=86.95°C  L2=0.3165  (13s)  λ=[0.99,4.89,9.93]
    [6/7] [22.5→27.0s]  MAE=83.88°C  L2=0.3261  (13s)  λ=[0.99,4.87,9.91]
    [7/7] [27.0→30.0s]  MAE=70.81°C  L2=0.2891  (12s)  λ=[0.99,4.85,9.90]
  → Mean MAE=81.30°C  Mean L2=0.2968  saved: cylinder_nsga2_k3_dim3_v2.pt

  [v2] cylinder/nsga2/k=4/dim=3D  model=FourierPINN(dim=3, arch=nsga2, fourier=64×2=128, layers=3×153, act=tanh, params=67,015)
    [1/5] [0.0→6.0s]  MAE=81.90°C  L2=0.2865  (12s)  λ=[1.00,4.98,9.99]
    [2/5] [6.0→12.0s]  MAE=95.52°C  L2=0.3207  (14s)  λ=[1.00,4.96,9.98]
    [3/5] [12.0→18.0s]  MAE=89.55°C  L2=0.3167  (13s)  λ=[0.99,4.93,9.96]
    [4/5] [18.0→24.0s]  MAE=75.69°C  L2=0.2723  (12s)  λ=[0.99,4.91,9.95]
    [5/5] [24.0→30.0s]  MAE=75.00°C  L2=0.3104  (13s)  λ=[0.99,4.89,9.93]
  → Mean MAE=83.53°C  Mean L2=0.3013  saved: cylinder_nsga2_k4_dim3_v2.pt

  [v2] cylinder/nsga2/k=5/dim=3D  model=FourierPINN(dim=3, arch=nsga2, fourier=64×2=128, layers=3×153, act=tanh, params=67,015)
    [1/4] [0.0→7.5s]  MAE=82.59°C  L2=0.2833  (12s)  λ=[1.00,4.98,9.99]
    [2/4] [7.5→15.0s]  MAE=93.62°C  L2=0.3239  (13s)  λ=[1.00,4.96,9.98]
    [3/4] [15.0→22.5s]  MAE=92.79°C  L2=0.3370  (13s)  λ=[0.99,4.93,9.96]
    [4/4] [22.5→30.0s]  MAE=71.36°C  L2=0.2852  (13s)  λ=[0.99,4.90,9.95]
  → Mean MAE=85.09°C  Mean L2=0.3074  saved: cylinder_nsga2_k5_dim3_v2.pt

  K-SWEEP RESULT  domain=cylinder  arch=nsga2
     k    mean MAE    mean L2
     1       68.94°C     0.2516 ← best
     2       80.06°C     0.2877
     3       81.30°C     0.2968
     4       83.53°C     0.3013
     5       85.09°C     0.3074
  Registry updated: registry_v2.json

=================================================================
  [v2] K-SWEEP  domain=cylinder  arch=nsga3  dim=3D
  k values: [1, 2, 3, 4, 5]
=================================================================

  [v2] cylinder/nsga3/k=1/dim=3D  model=FourierPINN(dim=3, arch=nsga3, fourier=64×2=128, layers=3×75, act=tanh, params=21,151)
    [1/20] [0.0→1.5s]  MAE=52.42°C  L2=0.2244  (13s)  λ=[1.00,4.98,9.99]
    [2/20] [1.5→3.0s]  MAE=60.18°C  L2=0.2360  (13s)  λ=[0.99,4.95,9.97]
    [3/20] [3.0→4.5s]  MAE=55.02°C  L2=0.2038  (14s)  λ=[0.99,4.93,9.96]
    [4/20] [4.5→6.0s]  MAE=64.96°C  L2=0.2345  (13s)  λ=[0.99,4.90,9.94]
    [5/20] [6.0→7.5s]  MAE=64.74°C  L2=0.2239  (14s)  λ=[0.99,4.87,9.92]
    [6/20] [7.5→9.0s]  MAE=63.93°C  L2=0.2208  (13s)  λ=[0.99,4.85,9.90]
    [7/20] [9.0→10.5s]  MAE=68.27°C  L2=0.2321  (13s)  λ=[0.99,4.83,9.88]
    [8/20] [10.5→12.0s]  MAE=85.64°C  L2=0.2850  (13s)  λ=[0.98,4.80,9.86]
    [9/20] [12.0→13.5s]  MAE=78.29°C  L2=0.2694  (13s)  λ=[0.98,4.77,9.84]
    [10/20] [13.5→15.0s]  MAE=83.93°C  L2=0.2881  (13s)  λ=[0.98,4.75,9.82]
    [11/20] [15.0→16.5s]  MAE=76.80°C  L2=0.2641  (13s)  λ=[0.98,4.72,9.80]
    [12/20] [16.5→18.0s]  MAE=74.77°C  L2=0.2629  (13s)  λ=[0.98,4.70,9.78]
    [13/20] [18.0→19.5s]  MAE=71.09°C  L2=0.2506  (13s)  λ=[0.98,4.67,9.76]
    [14/20] [19.5→21.0s]  MAE=62.78°C  L2=0.2217  (13s)  λ=[0.97,4.65,9.75]
    [15/20] [21.0→22.5s]  MAE=60.37°C  L2=0.2241  (13s)  λ=[0.97,4.63,9.73]
    [16/20] [22.5→24.0s]  MAE=56.50°C  L2=0.2105  (13s)  λ=[0.97,4.60,9.72]
    [17/20] [24.0→25.5s]  MAE=52.18°C  L2=0.2016  (13s)  λ=[0.97,4.58,9.71]
    [18/20] [25.5→27.0s]  MAE=64.44°C  L2=0.2476  (13s)  λ=[0.97,4.55,9.69]
    [19/20] [27.0→28.5s]  MAE=54.03°C  L2=0.2139  (13s)  λ=[0.97,4.53,9.68]
    [20/20] [28.5→30.0s]  MAE=59.20°C  L2=0.2496  (13s)  λ=[0.96,4.50,9.67]
  → Mean MAE=65.48°C  Mean L2=0.2382  saved: cylinder_nsga3_k1_dim3_v2.pt

  [v2] cylinder/nsga3/k=2/dim=3D  model=FourierPINN(dim=3, arch=nsga3, fourier=64×2=128, layers=3×75, act=tanh, params=21,151)
    [1/10] [0.0→3.0s]  MAE=59.19°C  L2=0.2260  (12s)  λ=[1.00,4.98,9.99]
    [2/10] [3.0→6.0s]  MAE=71.96°C  L2=0.2565  (13s)  λ=[0.99,4.95,9.97]
    [3/10] [6.0→9.0s]  MAE=67.57°C  L2=0.2267  (13s)  λ=[0.99,4.92,9.96]
    [4/10] [9.0→12.0s]  MAE=74.02°C  L2=0.2493  (13s)  λ=[0.99,4.90,9.94]
    [5/10] [12.0→15.0s]  MAE=82.39°C  L2=0.2793  (13s)  λ=[0.99,4.87,9.93]
    [6/10] [15.0→18.0s]  MAE=79.27°C  L2=0.2719  (13s)  λ=[0.99,4.85,9.91]
    [7/10] [18.0→21.0s]  MAE=67.01°C  L2=0.2428  (13s)  λ=[0.99,4.82,9.90]
    [8/10] [21.0→24.0s]  MAE=63.35°C  L2=0.2385  (13s)  λ=[0.98,4.80,9.88]
    [9/10] [24.0→27.0s]  MAE=72.14°C  L2=0.2765  (13s)  λ=[0.98,4.77,9.87]
    [10/10] [27.0→30.0s]  MAE=58.82°C  L2=0.2389  (13s)  λ=[0.98,4.74,9.86]
  → Mean MAE=69.57°C  Mean L2=0.2506  saved: cylinder_nsga3_k2_dim3_v2.pt

  [v2] cylinder/nsga3/k=3/dim=3D  model=FourierPINN(dim=3, arch=nsga3, fourier=64×2=128, layers=3×75, act=tanh, params=21,151)
    [1/7] [0.0→4.5s]  MAE=71.30°C  L2=0.2615  (13s)  λ=[1.00,4.98,9.99]
    [2/7] [4.5→9.0s]  MAE=72.07°C  L2=0.2511  (14s)  λ=[0.99,4.95,9.97]
    [3/7] [9.0→13.5s]  MAE=64.50°C  L2=0.2216  (12s)  λ=[0.99,4.92,9.95]
    [4/7] [13.5→18.0s]  MAE=69.48°C  L2=0.2428  (13s)  λ=[0.99,4.90,9.94]
    [5/7] [18.0→22.5s]  MAE=74.90°C  L2=0.2718  (13s)  λ=[0.99,4.87,9.93]
    [6/7] [22.5→27.0s]  MAE=75.54°C  L2=0.2949  (13s)  λ=[0.99,4.85,9.91]
    [7/7] [27.0→30.0s]  MAE=60.39°C  L2=0.2443  (12s)  λ=[0.99,4.82,9.90]
  → Mean MAE=69.74°C  Mean L2=0.2554  saved: cylinder_nsga3_k3_dim3_v2.pt

  [v2] cylinder/nsga3/k=4/dim=3D  model=FourierPINN(dim=3, arch=nsga3, fourier=64×2=128, layers=3×75, act=tanh, params=21,151)
    [1/5] [0.0→6.0s]  MAE=74.54°C  L2=0.2650  (12s)  λ=[1.00,4.98,9.99]
    [2/5] [6.0→12.0s]  MAE=90.15°C  L2=0.3157  (13s)  λ=[1.00,4.95,9.97]
    [3/5] [12.0→18.0s]  MAE=75.11°C  L2=0.2643  (13s)  λ=[0.99,4.92,9.96]
    [4/5] [18.0→24.0s]  MAE=77.00°C  L2=0.2834  (13s)  λ=[0.99,4.90,9.94]
    [5/5] [24.0→30.0s]  MAE=68.62°C  L2=0.2812  (13s)  λ=[0.99,4.87,9.93]
  → Mean MAE=77.08°C  Mean L2=0.2819  saved: cylinder_nsga3_k4_dim3_v2.pt

  [v2] cylinder/nsga3/k=5/dim=3D  model=FourierPINN(dim=3, arch=nsga3, fourier=64×2=128, layers=3×75, act=tanh, params=21,151)
    [1/4] [0.0→7.5s]  MAE=81.31°C  L2=0.2759  (13s)  λ=[1.00,4.98,9.98]
    [2/4] [7.5→15.0s]  MAE=83.39°C  L2=0.2916  (13s)  λ=[0.99,4.95,9.97]
    [3/4] [15.0→22.5s]  MAE=62.84°C  L2=0.2345  (13s)  λ=[0.99,4.92,9.96]
    [4/4] [22.5→30.0s]  MAE=71.20°C  L2=0.2855  (13s)  λ=[0.99,4.89,9.94]
  → Mean MAE=74.69°C  Mean L2=0.2719  saved: cylinder_nsga3_k5_dim3_v2.pt

  K-SWEEP RESULT  domain=cylinder  arch=nsga3
     k    mean MAE    mean L2
     1       65.48°C     0.2382 ← best
     2       69.57°C     0.2506
     3       69.74°C     0.2554
     4       77.08°C     0.2819
     5       74.69°C     0.2719
  Registry updated: registry_v2.json

=================================================================
  [v2] K-SWEEP  domain=stacked  arch=bayesian  dim=3D
  k values: [1, 2, 3, 4, 5]
=================================================================

  [v2] stacked/bayesian/k=1/dim=3D  model=FourierPINN(dim=3, arch=bayesian, fourier=64×2=128, layers=5×151, act=relu, params=111,439)
    [1/20] [0.0→1.5s]  MAE=68.48°C  L2=0.2623  (14s)  λ=[0.98,4.98,9.99]
    [2/20] [1.5→3.0s]  MAE=64.68°C  L2=0.2558  (14s)  λ=[0.98,4.96,9.98]
    [3/20] [3.0→4.5s]  MAE=61.86°C  L2=0.2432  (13s)  λ=[0.97,4.95,9.98]
    [4/20] [4.5→6.0s]  MAE=52.81°C  L2=0.2145  (13s)  λ=[0.96,4.93,9.98]
    [5/20] [6.0→7.5s]  MAE=49.50°C  L2=0.2014  (14s)  λ=[0.96,4.91,9.97]
    [6/20] [7.5→9.0s]  MAE=48.39°C  L2=0.2032  (13s)  λ=[0.95,4.89,9.96]
    [7/20] [9.0→10.5s]  MAE=52.56°C  L2=0.2123  (14s)  λ=[0.94,4.88,9.96]
    [8/20] [10.5→12.0s]  MAE=40.77°C  L2=0.1670  (14s)  λ=[0.94,4.87,9.95]
    [9/20] [12.0→13.5s]  MAE=44.22°C  L2=0.1854  (14s)  λ=[0.93,4.85,9.95]
    [10/20] [13.5→15.0s]  MAE=42.34°C  L2=0.1800  (13s)  λ=[0.92,4.84,9.94]
    [11/20] [15.0→16.5s]  MAE=34.02°C  L2=0.1612  (13s)  λ=[0.92,4.82,9.94]
    [12/20] [16.5→18.0s]  MAE=35.82°C  L2=0.1833  (13s)  λ=[0.91,4.81,9.93]
    [13/20] [18.0→19.5s]  MAE=18.49°C  L2=0.1174  (13s)  λ=[0.91,4.80,9.92]
    [14/20] [19.5→21.0s]  MAE=23.41°C  L2=0.1305  (14s)  λ=[0.90,4.78,9.92]
    [15/20] [21.0→22.5s]  MAE=23.91°C  L2=0.1457  (13s)  λ=[0.90,4.77,9.91]
    [16/20] [22.5→24.0s]  MAE=14.26°C  L2=0.1047  (13s)  λ=[0.89,4.76,9.91]
    [17/20] [24.0→25.5s]  MAE=17.41°C  L2=0.1114  (13s)  λ=[0.89,4.74,9.90]
    [18/20] [25.5→27.0s]  MAE=18.23°C  L2=0.1431  (14s)  λ=[0.88,4.73,9.90]
    [19/20] [27.0→28.5s]  MAE=13.81°C  L2=0.1047  (13s)  λ=[0.88,4.72,9.89]
    [20/20] [28.5→30.0s]  MAE=15.52°C  L2=0.1164  (14s)  λ=[0.88,4.70,9.89]
  → Mean MAE=37.03°C  Mean L2=0.1722  saved: stacked_bayesian_k1_dim3_v2.pt

  [v2] stacked/bayesian/k=2/dim=3D  model=FourierPINN(dim=3, arch=bayesian, fourier=64×2=128, layers=5×151, act=relu, params=111,439)
    [1/10] [0.0→3.0s]  MAE=69.25°C  L2=0.2566  (14s)  λ=[0.98,4.98,9.99]
    [2/10] [3.0→6.0s]  MAE=56.91°C  L2=0.2231  (14s)  λ=[0.97,4.96,9.98]
    [3/10] [6.0→9.0s]  MAE=56.73°C  L2=0.2148  (14s)  λ=[0.97,4.94,9.98]
    [4/10] [9.0→12.0s]  MAE=48.06°C  L2=0.1910  (14s)  λ=[0.96,4.92,9.97]
    [5/10] [12.0→15.0s]  MAE=45.45°C  L2=0.1843  (13s)  λ=[0.96,4.91,9.97]
    [6/10] [15.0→18.0s]  MAE=39.73°C  L2=0.1720  (14s)  λ=[0.95,4.89,9.96]
    [7/10] [18.0→21.0s]  MAE=34.62°C  L2=0.1546  (13s)  λ=[0.94,4.88,9.96]
    [8/10] [21.0→24.0s]  MAE=22.83°C  L2=0.1121  (13s)  λ=[0.94,4.87,9.95]
    [9/10] [24.0→27.0s]  MAE=29.82°C  L2=0.1584  (14s)  λ=[0.93,4.85,9.94]
    [10/10] [27.0→30.0s]  MAE=21.33°C  L2=0.1347  (14s)  λ=[0.92,4.84,9.94]
  → Mean MAE=42.47°C  Mean L2=0.1802  saved: stacked_bayesian_k2_dim3_v2.pt

  [v2] stacked/bayesian/k=3/dim=3D  model=FourierPINN(dim=3, arch=bayesian, fourier=64×2=128, layers=5×151, act=relu, params=111,439)
    [1/7] [0.0→4.5s]  MAE=73.65°C  L2=0.2735  (14s)  λ=[0.98,4.98,9.99]
    [2/7] [4.5→9.0s]  MAE=49.36°C  L2=0.1860  (14s)  λ=[0.98,4.96,9.99]
    [3/7] [9.0→13.5s]  MAE=59.12°C  L2=0.2181  (13s)  λ=[0.97,4.94,9.98]
    [4/7] [13.5→18.0s]  MAE=48.01°C  L2=0.1823  (13s)  λ=[0.96,4.92,9.98]
    [5/7] [18.0→22.5s]  MAE=40.74°C  L2=0.1659  (13s)  λ=[0.96,4.91,9.98]
    [6/7] [22.5→27.0s]  MAE=33.64°C  L2=0.1486  (14s)  λ=[0.95,4.89,9.97]
    [7/7] [27.0→30.0s]  MAE=30.82°C  L2=0.1419  (13s)  λ=[0.94,4.88,9.97]
  → Mean MAE=47.91°C  Mean L2=0.1880  saved: stacked_bayesian_k3_dim3_v2.pt

  [v2] stacked/bayesian/k=4/dim=3D  model=FourierPINN(dim=3, arch=bayesian, fourier=64×2=128, layers=5×151, act=relu, params=111,439)
    [1/5] [0.0→6.0s]  MAE=75.48°C  L2=0.2758  (14s)  λ=[0.98,4.98,9.99]
    [2/5] [6.0→12.0s]  MAE=54.52°C  L2=0.2086  (14s)  λ=[0.98,4.96,9.99]
    [3/5] [12.0→18.0s]  MAE=53.45°C  L2=0.2038  (14s)  λ=[0.97,4.94,9.98]
    [4/5] [18.0→24.0s]  MAE=37.83°C  L2=0.1494  (14s)  λ=[0.96,4.93,9.98]
    [5/5] [24.0→30.0s]  MAE=30.51°C  L2=0.1287  (13s)  λ=[0.95,4.91,9.97]
  → Mean MAE=50.36°C  Mean L2=0.1932  saved: stacked_bayesian_k4_dim3_v2.pt

  [v2] stacked/bayesian/k=5/dim=3D  model=FourierPINN(dim=3, arch=bayesian, fourier=64×2=128, layers=5×151, act=relu, params=111,439)
    [1/4] [0.0→7.5s]  MAE=72.94°C  L2=0.2667  (14s)  λ=[0.98,4.98,9.99]
    [2/4] [7.5→15.0s]  MAE=51.92°C  L2=0.1976  (14s)  λ=[0.98,4.96,9.98]
    [3/4] [15.0→22.5s]  MAE=48.75°C  L2=0.1838  (13s)  λ=[0.97,4.95,9.98]
    [4/4] [22.5→30.0s]  MAE=35.97°C  L2=0.1553  (14s)  λ=[0.96,4.93,9.98]
  → Mean MAE=52.40°C  Mean L2=0.2009  saved: stacked_bayesian_k5_dim3_v2.pt

  K-SWEEP RESULT  domain=stacked  arch=bayesian
     k    mean MAE    mean L2
     1       37.03°C     0.1722 ← best
     2       42.47°C     0.1802
     3       47.91°C     0.1880
     4       50.36°C     0.1932
     5       52.40°C     0.2009
  Registry updated: registry_v2.json

=================================================================
  [v2] K-SWEEP  domain=stacked  arch=nsga2  dim=3D
  k values: [1, 2, 3, 4, 5]
=================================================================

  [v2] stacked/nsga2/k=1/dim=3D  model=FourierPINN(dim=3, arch=nsga2, fourier=64×2=128, layers=3×153, act=tanh, params=67,015)
    [1/20] [0.0→1.5s]  MAE=79.56°C  L2=0.3000  (13s)  λ=[1.00,4.98,9.99]
    [2/20] [1.5→3.0s]  MAE=55.02°C  L2=0.2303  (13s)  λ=[1.00,4.96,9.98]
    [3/20] [3.0→4.5s]  MAE=56.30°C  L2=0.2340  (13s)  λ=[0.99,4.94,9.96]
    [4/20] [4.5→6.0s]  MAE=52.45°C  L2=0.2099  (13s)  λ=[0.99,4.92,9.94]
    [5/20] [6.0→7.5s]  MAE=52.40°C  L2=0.2067  (13s)  λ=[0.99,4.90,9.92]
    [6/20] [7.5→9.0s]  MAE=67.24°C  L2=0.2540  (13s)  λ=[0.99,4.87,9.90]
    [7/20] [9.0→10.5s]  MAE=62.07°C  L2=0.2329  (13s)  λ=[0.99,4.85,9.88]
    [8/20] [10.5→12.0s]  MAE=59.07°C  L2=0.2110  (13s)  λ=[0.99,4.83,9.86]
    [9/20] [12.0→13.5s]  MAE=67.53°C  L2=0.2389  (12s)  λ=[0.99,4.81,9.84]
    [10/20] [13.5→15.0s]  MAE=60.91°C  L2=0.2195  (13s)  λ=[0.98,4.78,9.81]
    [11/20] [15.0→16.5s]  MAE=66.32°C  L2=0.2356  (12s)  λ=[0.98,4.77,9.79]
    [12/20] [16.5→18.0s]  MAE=67.69°C  L2=0.2413  (13s)  λ=[0.98,4.74,9.77]
    [13/20] [18.0→19.5s]  MAE=70.78°C  L2=0.2466  (13s)  λ=[0.98,4.72,9.75]
    [14/20] [19.5→21.0s]  MAE=66.88°C  L2=0.2382  (12s)  λ=[0.98,4.70,9.72]
    [15/20] [21.0→22.5s]  MAE=75.78°C  L2=0.2639  (13s)  λ=[0.98,4.68,9.69]
    [16/20] [22.5→24.0s]  MAE=72.95°C  L2=0.2530  (13s)  λ=[0.98,4.66,9.67]
    [17/20] [24.0→25.5s]  MAE=66.68°C  L2=0.2288  (13s)  λ=[0.97,4.63,9.64]
    [18/20] [25.5→27.0s]  MAE=69.15°C  L2=0.2448  (13s)  λ=[0.97,4.61,9.62]
    [19/20] [27.0→28.5s]  MAE=69.80°C  L2=0.2448  (14s)  λ=[0.97,4.59,9.60]
    [20/20] [28.5→30.0s]  MAE=67.99°C  L2=0.2307  (13s)  λ=[0.97,4.57,9.58]
  → Mean MAE=65.33°C  Mean L2=0.2382  saved: stacked_nsga2_k1_dim3_v2.pt

  [v2] stacked/nsga2/k=2/dim=3D  model=FourierPINN(dim=3, arch=nsga2, fourier=64×2=128, layers=3×153, act=tanh, params=67,015)
    [1/10] [0.0→3.0s]  MAE=77.09°C  L2=0.3002  (13s)  λ=[1.00,4.99,9.99]
    [2/10] [3.0→6.0s]  MAE=52.18°C  L2=0.2086  (13s)  λ=[1.00,4.96,9.98]
    [3/10] [6.0→9.0s]  MAE=70.41°C  L2=0.2706  (13s)  λ=[0.99,4.94,9.97]
    [4/10] [9.0→12.0s]  MAE=58.06°C  L2=0.2158  (13s)  λ=[0.99,4.91,9.95]
    [5/10] [12.0→15.0s]  MAE=57.36°C  L2=0.1996  (13s)  λ=[0.99,4.90,9.93]
    [6/10] [15.0→18.0s]  MAE=62.19°C  L2=0.2203  (13s)  λ=[0.99,4.87,9.90]
    [7/10] [18.0→21.0s]  MAE=66.99°C  L2=0.2361  (13s)  λ=[0.99,4.85,9.88]
    [8/10] [21.0→24.0s]  MAE=63.06°C  L2=0.2139  (13s)  λ=[0.99,4.83,9.87]
    [9/10] [24.0→27.0s]  MAE=66.67°C  L2=0.2315  (13s)  λ=[0.99,4.81,9.85]
    [10/10] [27.0→30.0s]  MAE=60.30°C  L2=0.2163  (12s)  λ=[0.98,4.78,9.84]
  → Mean MAE=63.43°C  Mean L2=0.2313  saved: stacked_nsga2_k2_dim3_v2.pt

  [v2] stacked/nsga2/k=3/dim=3D  model=FourierPINN(dim=3, arch=nsga2, fourier=64×2=128, layers=3×153, act=tanh, params=67,015)
    [1/7] [0.0→4.5s]  MAE=92.52°C  L2=0.3367  (12s)  λ=[1.00,4.98,9.99]
    [2/7] [4.5→9.0s]  MAE=60.52°C  L2=0.2282  (13s)  λ=[1.00,4.96,9.98]
    [3/7] [9.0→13.5s]  MAE=65.88°C  L2=0.2427  (14s)  λ=[0.99,4.94,9.96]
    [4/7] [13.5→18.0s]  MAE=62.41°C  L2=0.2150  (12s)  λ=[0.99,4.91,9.95]
    [5/7] [18.0→22.5s]  MAE=65.58°C  L2=0.2309  (13s)  λ=[0.99,4.89,9.93]
    [6/7] [22.5→27.0s]  MAE=64.16°C  L2=0.2238  (12s)  λ=[0.99,4.87,9.91]
    [7/7] [27.0→30.0s]  MAE=64.84°C  L2=0.2206  (13s)  λ=[0.99,4.85,9.90]
  → Mean MAE=67.99°C  Mean L2=0.2425  saved: stacked_nsga2_k3_dim3_v2.pt

  [v2] stacked/nsga2/k=4/dim=3D  model=FourierPINN(dim=3, arch=nsga2, fourier=64×2=128, layers=3×153, act=tanh, params=67,015)
    [1/5] [0.0→6.0s]  MAE=86.75°C  L2=0.3152  (13s)  λ=[1.00,4.98,9.99]
    [2/5] [6.0→12.0s]  MAE=68.94°C  L2=0.2606  (13s)  λ=[1.00,4.96,9.98]
    [3/5] [12.0→18.0s]  MAE=79.19°C  L2=0.2794  (14s)  λ=[0.99,4.94,9.96]
    [4/5] [18.0→24.0s]  MAE=67.26°C  L2=0.2323  (12s)  λ=[0.99,4.92,9.94]
    [5/5] [24.0→30.0s]  MAE=68.52°C  L2=0.2357  (12s)  λ=[0.99,4.90,9.93]
  → Mean MAE=74.13°C  Mean L2=0.2646  saved: stacked_nsga2_k4_dim3_v2.pt

  [v2] stacked/nsga2/k=5/dim=3D  model=FourierPINN(dim=3, arch=nsga2, fourier=64×2=128, layers=3×153, act=tanh, params=67,015)
    [1/4] [0.0→7.5s]  MAE=86.38°C  L2=0.3132  (13s)  λ=[1.00,4.98,9.99]
    [2/4] [7.5→15.0s]  MAE=68.97°C  L2=0.2486  (13s)  λ=[1.00,4.96,9.98]
    [3/4] [15.0→22.5s]  MAE=69.94°C  L2=0.2460  (13s)  λ=[0.99,4.94,9.96]
    [4/4] [22.5→30.0s]  MAE=67.64°C  L2=0.2386  (13s)  λ=[0.99,4.91,9.95]
  → Mean MAE=73.23°C  Mean L2=0.2616  saved: stacked_nsga2_k5_dim3_v2.pt

  K-SWEEP RESULT  domain=stacked  arch=nsga2
     k    mean MAE    mean L2
     1       65.33°C     0.2382
     2       63.43°C     0.2313 ← best
     3       67.99°C     0.2425
     4       74.13°C     0.2646
     5       73.23°C     0.2616
  Registry updated: registry_v2.json

=================================================================
  [v2] K-SWEEP  domain=stacked  arch=nsga3  dim=3D
  k values: [1, 2, 3, 4, 5]
=================================================================

  [v2] stacked/nsga3/k=1/dim=3D  model=FourierPINN(dim=3, arch=nsga3, fourier=64×2=128, layers=3×75, act=tanh, params=21,151)
    [1/20] [0.0→1.5s]  MAE=79.31°C  L2=0.3040  (13s)  λ=[1.00,4.98,9.99]
    [2/20] [1.5→3.0s]  MAE=55.58°C  L2=0.2124  (12s)  λ=[1.00,4.95,9.97]
    [3/20] [3.0→4.5s]  MAE=58.27°C  L2=0.2285  (12s)  λ=[0.99,4.93,9.95]
    [4/20] [4.5→6.0s]  MAE=51.55°C  L2=0.2015  (13s)  λ=[0.99,4.90,9.93]
    [5/20] [6.0→7.5s]  MAE=55.05°C  L2=0.2212  (12s)  λ=[0.99,4.88,9.92]
    [6/20] [7.5→9.0s]  MAE=60.25°C  L2=0.2284  (13s)  λ=[0.99,4.85,9.90]
    [7/20] [9.0→10.5s]  MAE=65.42°C  L2=0.2461  (13s)  λ=[0.99,4.83,9.88]
    [8/20] [10.5→12.0s]  MAE=62.95°C  L2=0.2319  (13s)  λ=[0.98,4.81,9.86]
    [9/20] [12.0→13.5s]  MAE=63.56°C  L2=0.2295  (12s)  λ=[0.98,4.79,9.84]
    [10/20] [13.5→15.0s]  MAE=61.10°C  L2=0.2221  (13s)  λ=[0.98,4.76,9.82]
    [11/20] [15.0→16.5s]  MAE=64.40°C  L2=0.2318  (12s)  λ=[0.98,4.74,9.80]
    [12/20] [16.5→18.0s]  MAE=63.80°C  L2=0.2280  (12s)  λ=[0.98,4.71,9.78]
    [13/20] [18.0→19.5s]  MAE=60.04°C  L2=0.2088  (12s)  λ=[0.98,4.69,9.76]
    [14/20] [19.5→21.0s]  MAE=59.33°C  L2=0.2047  (13s)  λ=[0.97,4.66,9.74]
    [15/20] [21.0→22.5s]  MAE=62.62°C  L2=0.2182  (13s)  λ=[0.97,4.64,9.72]
    [16/20] [22.5→24.0s]  MAE=64.35°C  L2=0.2231  (12s)  λ=[0.97,4.61,9.70]
    [17/20] [24.0→25.5s]  MAE=61.13°C  L2=0.2135  (12s)  λ=[0.97,4.58,9.68]
    [18/20] [25.5→27.0s]  MAE=59.33°C  L2=0.2069  (12s)  λ=[0.97,4.56,9.66]
    [19/20] [27.0→28.5s]  MAE=61.17°C  L2=0.2103  (13s)  λ=[0.97,4.54,9.65]
    [20/20] [28.5→30.0s]  MAE=55.38°C  L2=0.1975  (12s)  λ=[0.97,4.51,9.63]
  → Mean MAE=61.23°C  Mean L2=0.2234  saved: stacked_nsga3_k1_dim3_v2.pt

  [v2] stacked/nsga3/k=2/dim=3D  model=FourierPINN(dim=3, arch=nsga3, fourier=64×2=128, layers=3×75, act=tanh, params=21,151)
    [1/10] [0.0→3.0s]  MAE=80.42°C  L2=0.2986  (13s)  λ=[1.00,4.98,9.99]
    [2/10] [3.0→6.0s]  MAE=59.52°C  L2=0.2266  (12s)  λ=[0.99,4.96,9.97]
    [3/10] [6.0→9.0s]  MAE=65.33°C  L2=0.2514  (14s)  λ=[0.99,4.93,9.96]
    [4/10] [9.0→12.0s]  MAE=57.66°C  L2=0.2141  (13s)  λ=[0.99,4.90,9.94]
    [5/10] [12.0→15.0s]  MAE=61.00°C  L2=0.2239  (13s)  λ=[0.99,4.88,9.92]
    [6/10] [15.0→18.0s]  MAE=64.15°C  L2=0.2288  (13s)  λ=[0.99,4.86,9.91]
    [7/10] [18.0→21.0s]  MAE=67.07°C  L2=0.2320  (13s)  λ=[0.99,4.83,9.89]
    [8/10] [21.0→24.0s]  MAE=60.20°C  L2=0.2087  (13s)  λ=[0.98,4.81,9.88]
    [9/10] [24.0→27.0s]  MAE=64.31°C  L2=0.2238  (13s)  λ=[0.98,4.79,9.86]
    [10/10] [27.0→30.0s]  MAE=67.01°C  L2=0.2293  (13s)  λ=[0.98,4.76,9.85]
  → Mean MAE=64.67°C  Mean L2=0.2337  saved: stacked_nsga3_k2_dim3_v2.pt

  [v2] stacked/nsga3/k=3/dim=3D  model=FourierPINN(dim=3, arch=nsga3, fourier=64×2=128, layers=3×75, act=tanh, params=21,151)
    [1/7] [0.0→4.5s]  MAE=84.77°C  L2=0.3167  (13s)  λ=[1.00,4.98,9.99]
    [2/7] [4.5→9.0s]  MAE=54.59°C  L2=0.2078  (13s)  λ=[0.99,4.95,9.97]
    [3/7] [9.0→13.5s]  MAE=66.45°C  L2=0.2507  (13s)  λ=[0.99,4.93,9.96]
    [4/7] [13.5→18.0s]  MAE=67.44°C  L2=0.2354  (14s)  λ=[0.99,4.90,9.94]
    [5/7] [18.0→22.5s]  MAE=62.02°C  L2=0.2142  (12s)  λ=[0.99,4.88,9.92]
    [6/7] [22.5→27.0s]  MAE=67.66°C  L2=0.2383  (13s)  λ=[0.99,4.85,9.90]
    [7/7] [27.0→30.0s]  MAE=60.30°C  L2=0.2070  (13s)  λ=[0.99,4.83,9.88]
  → Mean MAE=66.18°C  Mean L2=0.2386  saved: stacked_nsga3_k3_dim3_v2.pt

  [v2] stacked/nsga3/k=4/dim=3D  model=FourierPINN(dim=3, arch=nsga3, fourier=64×2=128, layers=3×75, act=tanh, params=21,151)
    [1/5] [0.0→6.0s]  MAE=77.77°C  L2=0.2805  (12s)  λ=[1.00,4.98,9.99]
    [2/5] [6.0→12.0s]  MAE=69.63°C  L2=0.2542  (13s)  λ=[1.00,4.95,9.97]
    [3/5] [12.0→18.0s]  MAE=64.98°C  L2=0.2259  (14s)  λ=[0.99,4.93,9.95]
    [4/5] [18.0→24.0s]  MAE=68.58°C  L2=0.2344  (13s)  λ=[0.99,4.90,9.94]
    [5/5] [24.0→30.0s]  MAE=74.80°C  L2=0.2624  (13s)  λ=[0.99,4.88,9.92]
  → Mean MAE=71.15°C  Mean L2=0.2515  saved: stacked_nsga3_k4_dim3_v2.pt

  [v2] stacked/nsga3/k=5/dim=3D  model=FourierPINN(dim=3, arch=nsga3, fourier=64×2=128, layers=3×75, act=tanh, params=21,151)
    [1/4] [0.0→7.5s]  MAE=85.03°C  L2=0.3098  (12s)  λ=[1.00,4.98,9.99]
    [2/4] [7.5→15.0s]  MAE=73.45°C  L2=0.2566  (13s)  λ=[1.00,4.95,9.97]
    [3/4] [15.0→22.5s]  MAE=66.16°C  L2=0.2290  (13s)  λ=[0.99,4.93,9.96]
    [4/4] [22.5→30.0s]  MAE=75.64°C  L2=0.2631  (13s)  λ=[0.99,4.90,9.94]
  → Mean MAE=75.07°C  Mean L2=0.2646  saved: stacked_nsga3_k5_dim3_v2.pt

  K-SWEEP RESULT  domain=stacked  arch=nsga3
     k    mean MAE    mean L2
     1       61.23°C     0.2234 ← best
     2       64.67°C     0.2337
     3       66.18°C     0.2386
     4       71.15°C     0.2515
     5       75.07°C     0.2646
  Registry updated: registry_v2.json

=================================================================
  [v2] K-SWEEP  domain=lshape  arch=bayesian  dim=3D
  k values: [1, 2, 3, 4, 5]
=================================================================
  LShape3D: running FD solver (20×20×10 grid)…
  LShape3D: FD solver done.

  [v2] lshape/bayesian/k=1/dim=3D  model=FourierPINN(dim=3, arch=bayesian, fourier=64×2=128, layers=5×151, act=relu, params=111,439)
    [1/20] [0.0→1.5s]  MAE=19.07°C  L2=0.0816  (13s)  λ=[0.98,4.98,9.99]
    [2/20] [1.5→3.0s]  MAE=20.17°C  L2=0.0835  (13s)  λ=[0.98,4.97,9.98]
    [3/20] [3.0→4.5s]  MAE=21.20°C  L2=0.0956  (14s)  λ=[0.97,4.95,9.98]
    [4/20] [4.5→6.0s]  MAE=20.51°C  L2=0.1180  (14s)  λ=[0.96,4.94,9.97]
    [5/20] [6.0→7.5s]  MAE=18.28°C  L2=0.1074  (13s)  λ=[0.96,4.92,9.96]
    [6/20] [7.5→9.0s]  MAE=14.16°C  L2=0.1219  (14s)  λ=[0.95,4.90,9.96]
    [7/20] [9.0→10.5s]  MAE=13.65°C  L2=0.1039  (14s)  λ=[0.95,4.89,9.95]
    [8/20] [10.5→12.0s]  MAE=11.73°C  L2=0.1001  (14s)  λ=[0.94,4.88,9.95]
    [9/20] [12.0→13.5s]  MAE=10.45°C  L2=0.0820  (14s)  λ=[0.94,4.86,9.94]
    [10/20] [13.5→15.0s]  MAE=16.00°C  L2=0.1146  (13s)  λ=[0.93,4.85,9.94]
    [11/20] [15.0→16.5s]  MAE=12.47°C  L2=0.1217  (14s)  λ=[0.93,4.84,9.93]
    [12/20] [16.5→18.0s]  MAE=12.02°C  L2=0.1004  (14s)  λ=[0.92,4.83,9.93]
    [13/20] [18.0→19.5s]  MAE=14.55°C  L2=0.1196  (14s)  λ=[0.92,4.81,9.92]
    [14/20] [19.5→21.0s]  MAE=11.29°C  L2=0.1045  (14s)  λ=[0.91,4.80,9.91]
    [15/20] [21.0→22.5s]  MAE=9.14°C  L2=0.0791  (13s)  λ=[0.91,4.78,9.91]
    [16/20] [22.5→24.0s]  MAE=8.21°C  L2=0.0805  (13s)  λ=[0.90,4.77,9.90]
    [17/20] [24.0→25.5s]  MAE=8.48°C  L2=0.0772  (14s)  λ=[0.90,4.76,9.89]
    [18/20] [25.5→27.0s]  MAE=8.49°C  L2=0.0776  (13s)  λ=[0.89,4.75,9.89]
    [19/20] [27.0→28.5s]  MAE=6.05°C  L2=0.0666  (13s)  λ=[0.89,4.74,9.88]
    [20/20] [28.5→30.0s]  MAE=5.82°C  L2=0.0544  (14s)  λ=[0.88,4.73,9.88]
  → Mean MAE=13.09°C  Mean L2=0.0945  saved: lshape_bayesian_k1_dim3_v2.pt
  LShape3D: running FD solver (20×20×10 grid)…
  LShape3D: FD solver done.

  [v2] lshape/bayesian/k=2/dim=3D  model=FourierPINN(dim=3, arch=bayesian, fourier=64×2=128, layers=5×151, act=relu, params=111,439)
    [1/10] [0.0→3.0s]  MAE=23.06°C  L2=0.0864  (14s)  λ=[0.98,4.98,9.99]
    [2/10] [3.0→6.0s]  MAE=27.46°C  L2=0.1113  (14s)  λ=[0.98,4.96,9.98]
    [3/10] [6.0→9.0s]  MAE=24.05°C  L2=0.1138  (14s)  λ=[0.97,4.95,9.98]
    [4/10] [9.0→12.0s]  MAE=18.73°C  L2=0.0964  (13s)  λ=[0.96,4.94,9.97]
    [5/10] [12.0→15.0s]  MAE=17.87°C  L2=0.1220  (14s)  λ=[0.95,4.92,9.97]
    [6/10] [15.0→18.0s]  MAE=12.27°C  L2=0.0933  (13s)  λ=[0.95,4.90,9.96]
    [7/10] [18.0→21.0s]  MAE=12.02°C  L2=0.0876  (14s)  λ=[0.94,4.89,9.95]
    [8/10] [21.0→24.0s]  MAE=11.25°C  L2=0.1124  (13s)  λ=[0.94,4.88,9.95]
    [9/10] [24.0→27.0s]  MAE=11.40°C  L2=0.0937  (13s)  λ=[0.93,4.87,9.94]
    [10/10] [27.0→30.0s]  MAE=8.87°C  L2=0.0782  (13s)  λ=[0.93,4.85,9.94]
  → Mean MAE=16.70°C  Mean L2=0.0995  saved: lshape_bayesian_k2_dim3_v2.pt
  LShape3D: running FD solver (20×20×10 grid)…
  LShape3D: FD solver done.

  [v2] lshape/bayesian/k=3/dim=3D  model=FourierPINN(dim=3, arch=bayesian, fourier=64×2=128, layers=5×151, act=relu, params=111,439)
    [1/7] [0.0→4.5s]  MAE=23.93°C  L2=0.0815  (13s)  λ=[0.98,4.98,9.99]
    [2/7] [4.5→9.0s]  MAE=33.11°C  L2=0.1348  (13s)  λ=[0.98,4.96,9.99]
    [3/7] [9.0→13.5s]  MAE=23.72°C  L2=0.1071  (14s)  λ=[0.97,4.95,9.98]
    [4/7] [13.5→18.0s]  MAE=21.06°C  L2=0.1270  (13s)  λ=[0.96,4.94,9.98]
    [5/7] [18.0→22.5s]  MAE=15.43°C  L2=0.0880  (14s)  λ=[0.96,4.92,9.97]
    [6/7] [22.5→27.0s]  MAE=10.34°C  L2=0.0852  (13s)  λ=[0.95,4.90,9.96]
    [7/7] [27.0→30.0s]  MAE=11.23°C  L2=0.0802  (14s)  λ=[0.94,4.89,9.96]
  → Mean MAE=19.83°C  Mean L2=0.1005  saved: lshape_bayesian_k3_dim3_v2.pt
  LShape3D: running FD solver (20×20×10 grid)…
  LShape3D: FD solver done.

  [v2] lshape/bayesian/k=4/dim=3D  model=FourierPINN(dim=3, arch=bayesian, fourier=64×2=128, layers=5×151, act=relu, params=111,439)
    [1/5] [0.0→6.0s]  MAE=29.49°C  L2=0.1200  (13s)  λ=[0.98,4.98,9.99]
    [2/5] [6.0→12.0s]  MAE=29.21°C  L2=0.1226  (14s)  λ=[0.98,4.96,9.99]
    [3/5] [12.0→18.0s]  MAE=23.07°C  L2=0.0961  (13s)  λ=[0.97,4.95,9.98]
    [4/5] [18.0→24.0s]  MAE=19.55°C  L2=0.1203  (14s)  λ=[0.96,4.93,9.98]
    [5/5] [24.0→30.0s]  MAE=18.05°C  L2=0.1181  (14s)  λ=[0.96,4.92,9.97]
  → Mean MAE=23.88°C  Mean L2=0.1154  saved: lshape_bayesian_k4_dim3_v2.pt
  LShape3D: running FD solver (20×20×10 grid)…
  LShape3D: FD solver done.

  [v2] lshape/bayesian/k=5/dim=3D  model=FourierPINN(dim=3, arch=bayesian, fourier=64×2=128, layers=5×151, act=relu, params=111,439)
    [1/4] [0.0→7.5s]  MAE=26.40°C  L2=0.0985  (14s)  λ=[0.98,4.98,9.99]
    [2/4] [7.5→15.0s]  MAE=31.74°C  L2=0.1347  (13s)  λ=[0.98,4.96,9.99]
    [3/4] [15.0→22.5s]  MAE=20.32°C  L2=0.1006  (14s)  λ=[0.97,4.95,9.98]
    [4/4] [22.5→30.0s]  MAE=16.96°C  L2=0.1055  (13s)  λ=[0.96,4.93,9.98]
  → Mean MAE=23.85°C  Mean L2=0.1098  saved: lshape_bayesian_k5_dim3_v2.pt

  K-SWEEP RESULT  domain=lshape  arch=bayesian
     k    mean MAE    mean L2
     1       13.09°C     0.0945 ← best
     2       16.70°C     0.0995
     3       19.83°C     0.1005
     4       23.88°C     0.1154
     5       23.85°C     0.1098
  Registry updated: registry_v2.json

=================================================================
  [v2] K-SWEEP  domain=lshape  arch=nsga2  dim=3D
  k values: [1, 2, 3, 4, 5]
=================================================================
  LShape3D: running FD solver (20×20×10 grid)…
  LShape3D: FD solver done.

  [v2] lshape/nsga2/k=1/dim=3D  model=FourierPINN(dim=3, arch=nsga2, fourier=64×2=128, layers=3×153, act=tanh, params=67,015)
    [1/20] [0.0→1.5s]  MAE=28.97°C  L2=0.1152  (13s)  λ=[1.00,4.97,9.99]
    [2/20] [1.5→3.0s]  MAE=39.67°C  L2=0.1437  (13s)  λ=[1.00,4.94,9.97]
    [3/20] [3.0→4.5s]  MAE=50.39°C  L2=0.1707  (13s)  λ=[0.99,4.93,9.96]
    [4/20] [4.5→6.0s]  MAE=58.27°C  L2=0.1975  (13s)  λ=[0.99,4.91,9.95]
    [5/20] [6.0→7.5s]  MAE=61.42°C  L2=0.2052  (13s)  λ=[0.99,4.88,9.93]
    [6/20] [7.5→9.0s]  MAE=61.36°C  L2=0.2051  (12s)  λ=[0.99,4.86,9.92]
    [7/20] [9.0→10.5s]  MAE=75.70°C  L2=0.2645  (13s)  λ=[0.99,4.84,9.91]
    [8/20] [10.5→12.0s]  MAE=74.49°C  L2=0.2607  (13s)  λ=[0.99,4.82,9.89]
    [9/20] [12.0→13.5s]  MAE=65.87°C  L2=0.2325  (12s)  λ=[0.98,4.79,9.88]
    [10/20] [13.5→15.0s]  MAE=66.67°C  L2=0.2261  (13s)  λ=[0.98,4.77,9.86]
    [11/20] [15.0→16.5s]  MAE=69.02°C  L2=0.2431  (13s)  λ=[0.98,4.75,9.85]
    [12/20] [16.5→18.0s]  MAE=67.87°C  L2=0.2414  (13s)  λ=[0.98,4.73,9.83]
    [13/20] [18.0→19.5s]  MAE=61.34°C  L2=0.2241  (13s)  λ=[0.98,4.71,9.81]
    [14/20] [19.5→21.0s]  MAE=62.32°C  L2=0.2266  (13s)  λ=[0.98,4.68,9.80]
    [15/20] [21.0→22.5s]  MAE=65.99°C  L2=0.2524  (14s)  λ=[0.98,4.66,9.78]
    [16/20] [22.5→24.0s]  MAE=59.34°C  L2=0.2219  (12s)  λ=[0.98,4.64,9.77]
    [17/20] [24.0→25.5s]  MAE=60.87°C  L2=0.2281  (13s)  λ=[0.97,4.62,9.75]
    [18/20] [25.5→27.0s]  MAE=55.63°C  L2=0.2060  (13s)  λ=[0.97,4.60,9.74]
    [19/20] [27.0→28.5s]  MAE=56.61°C  L2=0.2157  (13s)  λ=[0.97,4.58,9.73]
    [20/20] [28.5→30.0s]  MAE=51.20°C  L2=0.1976  (12s)  λ=[0.97,4.55,9.72]
  → Mean MAE=59.65°C  Mean L2=0.2139  saved: lshape_nsga2_k1_dim3_v2.pt
  LShape3D: running FD solver (20×20×10 grid)…
  LShape3D: FD solver done.

  [v2] lshape/nsga2/k=2/dim=3D  model=FourierPINN(dim=3, arch=nsga2, fourier=64×2=128, layers=3×153, act=tanh, params=67,015)
    [1/10] [0.0→3.0s]  MAE=44.08°C  L2=0.1651  (13s)  λ=[1.00,4.98,9.99]
    [2/10] [3.0→6.0s]  MAE=51.31°C  L2=0.1733  (12s)  λ=[1.00,4.95,9.98]
    [3/10] [6.0→9.0s]  MAE=55.67°C  L2=0.1916  (12s)  λ=[0.99,4.93,9.97]
    [4/10] [9.0→12.0s]  MAE=60.51°C  L2=0.2059  (13s)  λ=[0.99,4.91,9.96]
    [5/10] [12.0→15.0s]  MAE=65.89°C  L2=0.2277  (13s)  λ=[0.99,4.89,9.94]
    [6/10] [15.0→18.0s]  MAE=56.19°C  L2=0.2014  (13s)  λ=[0.99,4.86,9.93]
    [7/10] [18.0→21.0s]  MAE=63.71°C  L2=0.2316  (13s)  λ=[0.99,4.84,9.92]
    [8/10] [21.0→24.0s]  MAE=61.69°C  L2=0.2341  (13s)  λ=[0.99,4.82,9.91]
    [9/10] [24.0→27.0s]  MAE=53.06°C  L2=0.2010  (13s)  λ=[0.99,4.80,9.90]
    [10/10] [27.0→30.0s]  MAE=62.81°C  L2=0.2461  (14s)  λ=[0.98,4.77,9.89]
  → Mean MAE=57.49°C  Mean L2=0.2078  saved: lshape_nsga2_k2_dim3_v2.pt
  LShape3D: running FD solver (20×20×10 grid)…
  LShape3D: FD solver done.

  [v2] lshape/nsga2/k=3/dim=3D  model=FourierPINN(dim=3, arch=nsga2, fourier=64×2=128, layers=3×153, act=tanh, params=67,015)
    [1/7] [0.0→4.5s]  MAE=50.96°C  L2=0.1872  (12s)  λ=[1.00,4.98,9.99]
    [2/7] [4.5→9.0s]  MAE=51.36°C  L2=0.1794  (13s)  λ=[1.00,4.96,9.98]
    [3/7] [9.0→13.5s]  MAE=56.64°C  L2=0.2044  (12s)  λ=[0.99,4.94,9.98]
    [4/7] [13.5→18.0s]  MAE=63.46°C  L2=0.2232  (12s)  λ=[0.99,4.92,9.97]
    [5/7] [18.0→22.5s]  MAE=57.44°C  L2=0.2103  (12s)  λ=[0.99,4.89,9.95]
    [6/7] [22.5→27.0s]  MAE=55.10°C  L2=0.2075  (13s)  λ=[0.99,4.86,9.94]
    [7/7] [27.0→30.0s]  MAE=53.73°C  L2=0.2157  (12s)  λ=[0.99,4.84,9.93]
  → Mean MAE=55.53°C  Mean L2=0.2039  saved: lshape_nsga2_k3_dim3_v2.pt
  LShape3D: running FD solver (20×20×10 grid)…
  LShape3D: FD solver done.

  [v2] lshape/nsga2/k=4/dim=3D  model=FourierPINN(dim=3, arch=nsga2, fourier=64×2=128, layers=3×153, act=tanh, params=67,015)
    [1/5] [0.0→6.0s]  MAE=50.81°C  L2=0.1789  (12s)  λ=[1.00,4.98,9.99]
    [2/5] [6.0→12.0s]  MAE=61.95°C  L2=0.2118  (13s)  λ=[1.00,4.96,9.98]
    [3/5] [12.0→18.0s]  MAE=65.02°C  L2=0.2325  (14s)  λ=[0.99,4.94,9.97]
    [4/5] [18.0→24.0s]  MAE=65.31°C  L2=0.2413  (13s)  λ=[0.99,4.91,9.96]
    [5/5] [24.0→30.0s]  MAE=61.65°C  L2=0.2460  (14s)  λ=[0.99,4.89,9.95]
  → Mean MAE=60.95°C  Mean L2=0.2221  saved: lshape_nsga2_k4_dim3_v2.pt
  LShape3D: running FD solver (20×20×10 grid)…
  LShape3D: FD solver done.

  [v2] lshape/nsga2/k=5/dim=3D  model=FourierPINN(dim=3, arch=nsga2, fourier=64×2=128, layers=3×153, act=tanh, params=67,015)
    [1/4] [0.0→7.5s]  MAE=49.61°C  L2=0.1755  (12s)  λ=[1.00,4.98,9.99]
    [2/4] [7.5→15.0s]  MAE=57.82°C  L2=0.2042  (13s)  λ=[1.00,4.95,9.98]
    [3/4] [15.0→22.5s]  MAE=52.76°C  L2=0.1952  (12s)  λ=[0.99,4.93,9.97]
    [4/4] [22.5→30.0s]  MAE=50.67°C  L2=0.2032  (13s)  λ=[0.99,4.91,9.96]
  → Mean MAE=52.71°C  Mean L2=0.1945  saved: lshape_nsga2_k5_dim3_v2.pt

  K-SWEEP RESULT  domain=lshape  arch=nsga2
     k    mean MAE    mean L2
     1       59.65°C     0.2139
     2       57.49°C     0.2078
     3       55.53°C     0.2039
     4       60.95°C     0.2221
     5       52.71°C     0.1945 ← best
  Registry updated: registry_v2.json

=================================================================
  [v2] K-SWEEP  domain=lshape  arch=nsga3  dim=3D
  k values: [1, 2, 3, 4, 5]
=================================================================
  LShape3D: running FD solver (20×20×10 grid)…
  LShape3D: FD solver done.

  [v2] lshape/nsga3/k=1/dim=3D  model=FourierPINN(dim=3, arch=nsga3, fourier=64×2=128, layers=3×75, act=tanh, params=21,151)
    [1/20] [0.0→1.5s]  MAE=32.74°C  L2=0.1391  (12s)  λ=[1.00,4.98,9.99]
    [2/20] [1.5→3.0s]  MAE=42.56°C  L2=0.1610  (14s)  λ=[0.99,4.95,9.97]
    [3/20] [3.0→4.5s]  MAE=49.06°C  L2=0.1706  (13s)  λ=[0.99,4.93,9.96]
    [4/20] [4.5→6.0s]  MAE=61.07°C  L2=0.2128  (13s)  λ=[0.99,4.90,9.94]
    [5/20] [6.0→7.5s]  MAE=57.56°C  L2=0.1896  (12s)  λ=[0.99,4.88,9.92]
    [6/20] [7.5→9.0s]  MAE=60.44°C  L2=0.2060  (12s)  λ=[0.99,4.85,9.91]
    [7/20] [9.0→10.5s]  MAE=64.56°C  L2=0.2188  (12s)  λ=[0.98,4.83,9.89]
    [8/20] [10.5→12.0s]  MAE=56.70°C  L2=0.1932  (13s)  λ=[0.98,4.80,9.88]
    [9/20] [12.0→13.5s]  MAE=63.42°C  L2=0.2199  (14s)  λ=[0.98,4.78,9.86]
    [10/20] [13.5→15.0s]  MAE=60.48°C  L2=0.2107  (14s)  λ=[0.98,4.75,9.84]
    [11/20] [15.0→16.5s]  MAE=60.08°C  L2=0.2096  (13s)  λ=[0.98,4.73,9.83]
    [12/20] [16.5→18.0s]  MAE=65.77°C  L2=0.2350  (13s)  λ=[0.98,4.71,9.81]
    [13/20] [18.0→19.5s]  MAE=63.74°C  L2=0.2282  (13s)  λ=[0.97,4.68,9.80]
    [14/20] [19.5→21.0s]  MAE=63.08°C  L2=0.2357  (13s)  λ=[0.97,4.65,9.78]
    [15/20] [21.0→22.5s]  MAE=63.01°C  L2=0.2313  (12s)  λ=[0.97,4.63,9.77]
    [16/20] [22.5→24.0s]  MAE=68.94°C  L2=0.2546  (13s)  λ=[0.97,4.60,9.76]
    [17/20] [24.0→25.5s]  MAE=62.64°C  L2=0.2275  (13s)  λ=[0.97,4.58,9.74]
    [18/20] [25.5→27.0s]  MAE=57.32°C  L2=0.2129  (13s)  λ=[0.97,4.56,9.73]
    [19/20] [27.0→28.5s]  MAE=51.98°C  L2=0.2001  (14s)  λ=[0.97,4.54,9.71]
    [20/20] [28.5→30.0s]  MAE=50.01°C  L2=0.2004  (13s)  λ=[0.96,4.51,9.70]
  → Mean MAE=57.76°C  Mean L2=0.2078  saved: lshape_nsga3_k1_dim3_v2.pt
  LShape3D: running FD solver (20×20×10 grid)…
  LShape3D: FD solver done.

  [v2] lshape/nsga3/k=2/dim=3D  model=FourierPINN(dim=3, arch=nsga3, fourier=64×2=128, layers=3×75, act=tanh, params=21,151)
    [1/10] [0.0→3.0s]  MAE=36.22°C  L2=0.1277  (13s)  λ=[1.00,4.98,9.99]
    [2/10] [3.0→6.0s]  MAE=54.37°C  L2=0.1820  (14s)  λ=[1.00,4.95,9.97]
    [3/10] [6.0→9.0s]  MAE=59.84°C  L2=0.2037  (13s)  λ=[0.99,4.93,9.96]
    [4/10] [9.0→12.0s]  MAE=62.70°C  L2=0.2112  (13s)  λ=[0.99,4.91,9.95]
    [5/10] [12.0→15.0s]  MAE=57.48°C  L2=0.2000  (14s)  λ=[0.99,4.88,9.93]
    [6/10] [15.0→18.0s]  MAE=60.29°C  L2=0.2180  (14s)  λ=[0.99,4.85,9.92]
    [7/10] [18.0→21.0s]  MAE=61.79°C  L2=0.2211  (13s)  λ=[0.99,4.83,9.90]
    [8/10] [21.0→24.0s]  MAE=54.52°C  L2=0.2033  (13s)  λ=[0.98,4.81,9.89]
    [9/10] [24.0→27.0s]  MAE=49.12°C  L2=0.1867  (12s)  λ=[0.98,4.78,9.88]
    [10/10] [27.0→30.0s]  MAE=55.61°C  L2=0.2147  (12s)  λ=[0.98,4.76,9.86]
  → Mean MAE=55.20°C  Mean L2=0.1968  saved: lshape_nsga3_k2_dim3_v2.pt
  LShape3D: running FD solver (20×20×10 grid)…
  LShape3D: FD solver done.

  [v2] lshape/nsga3/k=3/dim=3D  model=FourierPINN(dim=3, arch=nsga3, fourier=64×2=128, layers=3×75, act=tanh, params=21,151)
    [1/7] [0.0→4.5s]  MAE=44.63°C  L2=0.1522  (13s)  λ=[1.00,4.98,9.99]
    [2/7] [4.5→9.0s]  MAE=55.30°C  L2=0.1898  (14s)  λ=[0.99,4.95,9.98]
    [3/7] [9.0→13.5s]  MAE=58.03°C  L2=0.2036  (12s)  λ=[0.99,4.92,9.96]
    [4/7] [13.5→18.0s]  MAE=60.12°C  L2=0.2109  (13s)  λ=[0.99,4.90,9.95]
    [5/7] [18.0→22.5s]  MAE=55.29°C  L2=0.2055  (14s)  λ=[0.99,4.88,9.94]
    [6/7] [22.5→27.0s]  MAE=50.45°C  L2=0.1932  (13s)  λ=[0.99,4.85,9.92]
    [7/7] [27.0→30.0s]  MAE=53.62°C  L2=0.2096  (13s)  λ=[0.99,4.83,9.91]
  → Mean MAE=53.92°C  Mean L2=0.1950  saved: lshape_nsga3_k3_dim3_v2.pt
  LShape3D: running FD solver (20×20×10 grid)…
  LShape3D: FD solver done.

  [v2] lshape/nsga3/k=4/dim=3D  model=FourierPINN(dim=3, arch=nsga3, fourier=64×2=128, layers=3×75, act=tanh, params=21,151)
    [1/5] [0.0→6.0s]  MAE=53.76°C  L2=0.1833  (13s)  λ=[1.00,4.98,9.99]
    [2/5] [6.0→12.0s]  MAE=59.36°C  L2=0.2046  (12s)  λ=[0.99,4.95,9.98]
    [3/5] [12.0→18.0s]  MAE=57.55°C  L2=0.2061  (13s)  λ=[0.99,4.93,9.96]
    [4/5] [18.0→24.0s]  MAE=63.34°C  L2=0.2389  (13s)  λ=[0.99,4.90,9.95]
    [5/5] [24.0→30.0s]  MAE=62.84°C  L2=0.2485  (13s)  λ=[0.99,4.88,9.94]
  → Mean MAE=59.37°C  Mean L2=0.2163  saved: lshape_nsga3_k4_dim3_v2.pt
  LShape3D: running FD solver (20×20×10 grid)…
  LShape3D: FD solver done.

  [v2] lshape/nsga3/k=5/dim=3D  model=FourierPINN(dim=3, arch=nsga3, fourier=64×2=128, layers=3×75, act=tanh, params=21,151)
    [1/4] [0.0→7.5s]  MAE=62.19°C  L2=0.2105  (13s)  λ=[1.00,4.98,9.99]
    [2/4] [7.5→15.0s]  MAE=70.32°C  L2=0.2445  (13s)  λ=[0.99,4.95,9.97]
    [3/4] [15.0→22.5s]  MAE=57.69°C  L2=0.2134  (12s)  λ=[0.99,4.93,9.96]
    [4/4] [22.5→30.0s]  MAE=61.44°C  L2=0.2400  (13s)  λ=[0.99,4.90,9.95]
  → Mean MAE=62.91°C  Mean L2=0.2271  saved: lshape_nsga3_k5_dim3_v2.pt

  K-SWEEP RESULT  domain=lshape  arch=nsga3
     k    mean MAE    mean L2
     1       57.76°C     0.2078
     2       55.20°C     0.1968
     3       53.92°C     0.1950 ← best
     4       59.37°C     0.2163
     5       62.91°C     0.2271
  Registry updated: registry_v2.json
