Device: cuda

=================================================================
  [v2] K-SWEEP  domain=rectangle  arch=bayesian  dim=2D
  k values: [1, 2, 3, 4, 5]
=================================================================

  [v2] rectangle/bayesian/k=1/dim=2D  model=FourierPINN(dim=2, arch=bayesian, fourier=64×2=128, layers=5×151, act=relu, params=111,439)
    [1/20] [0.0→1.5s]  MAE=5.40°C  L2=0.0467  (15s)  λ=[0.99,4.99,10.00]
    [2/20] [1.5→3.0s]  MAE=5.92°C  L2=0.0643  (15s)  λ=[0.99,4.97,9.99]
    [3/20] [3.0→4.5s]  MAE=2.44°C  L2=0.0218  (14s)  λ=[0.98,4.95,9.99]
    [4/20] [4.5→6.0s]  MAE=4.84°C  L2=0.0571  (13s)  λ=[0.98,4.94,9.98]
    [5/20] [6.0→7.5s]  MAE=3.32°C  L2=0.0393  (12s)  λ=[0.97,4.92,9.97]
    [6/20] [7.5→9.0s]  MAE=2.32°C  L2=0.0205  (12s)  λ=[0.97,4.90,9.96]
    [7/20] [9.0→10.5s]  MAE=1.50°C  L2=0.0108  (13s)  λ=[0.97,4.89,9.96]
    [8/20] [10.5→12.0s]  MAE=1.74°C  L2=0.0225  (13s)  λ=[0.96,4.88,9.95]
    [9/20] [12.0→13.5s]  MAE=2.18°C  L2=0.0280  (13s)  λ=[0.96,4.86,9.94]
    [10/20] [13.5→15.0s]  MAE=1.68°C  L2=0.0171  (12s)  λ=[0.96,4.86,9.93]
    [11/20] [15.0→16.5s]  MAE=0.99°C  L2=0.0088  (13s)  λ=[0.96,4.84,9.93]
    [12/20] [16.5→18.0s]  MAE=1.73°C  L2=0.0216  (12s)  λ=[0.95,4.84,9.91]
    [13/20] [18.0→19.5s]  MAE=1.81°C  L2=0.0231  (13s)  λ=[0.95,4.82,9.91]
    [14/20] [19.5→21.0s]  MAE=1.42°C  L2=0.0159  (12s)  λ=[0.95,4.80,9.90]
    [15/20] [21.0→22.5s]  MAE=1.21°C  L2=0.0110  (12s)  λ=[0.94,4.78,9.90]
    [16/20] [22.5→24.0s]  MAE=1.37°C  L2=0.0125  (12s)  λ=[0.94,4.77,9.89]
    [17/20] [24.0→25.5s]  MAE=1.40°C  L2=0.0130  (12s)  λ=[0.94,4.75,9.89]
    [18/20] [25.5→27.0s]  MAE=1.00°C  L2=0.0141  (12s)  λ=[0.93,4.74,9.89]
    [19/20] [27.0→28.5s]  MAE=1.24°C  L2=0.0124  (13s)  λ=[0.93,4.73,9.88]
    [20/20] [28.5→30.0s]  MAE=0.87°C  L2=0.0083  (12s)  λ=[0.93,4.71,9.88]
  → Mean MAE=2.22°C  Mean L2=0.0234  saved: rectangle_bayesian_k1_dim2_v2.pt

  [v2] rectangle/bayesian/k=2/dim=2D  model=FourierPINN(dim=2, arch=bayesian, fourier=64×2=128, layers=5×151, act=relu, params=111,439)
    [1/10] [0.0→3.0s]  MAE=6.09°C  L2=0.0539  (13s)  λ=[0.99,4.99,10.00]
    [2/10] [3.0→6.0s]  MAE=2.97°C  L2=0.0347  (13s)  λ=[0.99,4.98,9.99]
    [3/10] [6.0→9.0s]  MAE=3.17°C  L2=0.0226  (13s)  λ=[0.98,4.95,9.98]
    [4/10] [9.0→12.0s]  MAE=3.93°C  L2=0.0411  (12s)  λ=[0.98,4.94,9.98]
    [5/10] [12.0→15.0s]  MAE=2.93°C  L2=0.0343  (13s)  λ=[0.97,4.92,9.97]
    [6/10] [15.0→18.0s]  MAE=2.31°C  L2=0.0207  (12s)  λ=[0.97,4.90,9.96]
    [7/10] [18.0→21.0s]  MAE=1.67°C  L2=0.0128  (13s)  λ=[0.97,4.89,9.96]
    [8/10] [21.0→24.0s]  MAE=1.97°C  L2=0.0230  (13s)  λ=[0.97,4.87,9.96]
    [9/10] [24.0→27.0s]  MAE=1.34°C  L2=0.0127  (13s)  λ=[0.96,4.85,9.95]
    [10/10] [27.0→30.0s]  MAE=1.63°C  L2=0.0141  (12s)  λ=[0.96,4.85,9.94]
  → Mean MAE=2.80°C  Mean L2=0.0270  saved: rectangle_bayesian_k2_dim2_v2.pt

  [v2] rectangle/bayesian/k=3/dim=2D  model=FourierPINN(dim=2, arch=bayesian, fourier=64×2=128, layers=5×151, act=relu, params=111,439)
    [1/7] [0.0→4.5s]  MAE=5.72°C  L2=0.0482  (13s)  λ=[0.99,4.99,10.00]
    [2/7] [4.5→9.0s]  MAE=3.67°C  L2=0.0323  (15s)  λ=[0.99,4.97,9.99]
    [3/7] [9.0→13.5s]  MAE=3.69°C  L2=0.0342  (12s)  λ=[0.98,4.96,9.99]
    [4/7] [13.5→18.0s]  MAE=3.50°C  L2=0.0356  (12s)  λ=[0.98,4.95,9.98]
    [5/7] [18.0→22.5s]  MAE=2.32°C  L2=0.0289  (13s)  λ=[0.97,4.93,9.98]
    [6/7] [22.5→27.0s]  MAE=2.24°C  L2=0.0168  (13s)  λ=[0.97,4.92,9.97]
    [7/7] [27.0→30.0s]  MAE=1.49°C  L2=0.0143  (12s)  λ=[0.97,4.90,9.97]
  → Mean MAE=3.23°C  Mean L2=0.0300  saved: rectangle_bayesian_k3_dim2_v2.pt

  [v2] rectangle/bayesian/k=4/dim=2D  model=FourierPINN(dim=2, arch=bayesian, fourier=64×2=128, layers=5×151, act=relu, params=111,439)
    [1/5] [0.0→6.0s]  MAE=5.18°C  L2=0.0447  (13s)  λ=[0.99,4.99,10.00]
    [2/5] [6.0→12.0s]  MAE=4.45°C  L2=0.0382  (13s)  λ=[0.99,4.98,9.99]
    [3/5] [12.0→18.0s]  MAE=3.22°C  L2=0.0281  (13s)  λ=[0.98,4.96,9.99]
    [4/5] [18.0→24.0s]  MAE=3.70°C  L2=0.0386  (13s)  λ=[0.98,4.95,9.98]
    [5/5] [24.0→30.0s]  MAE=2.70°C  L2=0.0274  (14s)  λ=[0.98,4.93,9.96]
  → Mean MAE=3.85°C  Mean L2=0.0354  saved: rectangle_bayesian_k4_dim2_v2.pt

  [v2] rectangle/bayesian/k=5/dim=2D  model=FourierPINN(dim=2, arch=bayesian, fourier=64×2=128, layers=5×151, act=relu, params=111,439)
    [1/4] [0.0→7.5s]  MAE=5.38°C  L2=0.0293  (13s)  λ=[0.99,4.99,10.00]
    [2/4] [7.5→15.0s]  MAE=4.12°C  L2=0.0357  (12s)  λ=[0.99,4.98,9.99]
    [3/4] [15.0→22.5s]  MAE=3.36°C  L2=0.0319  (13s)  λ=[0.98,4.97,9.99]
    [4/4] [22.5→30.0s]  MAE=2.72°C  L2=0.0291  (13s)  λ=[0.98,4.96,9.98]
  → Mean MAE=3.90°C  Mean L2=0.0315  saved: rectangle_bayesian_k5_dim2_v2.pt

  K-SWEEP RESULT  domain=rectangle  arch=bayesian
     k    mean MAE    mean L2
     1        2.22°C     0.0234 ← best
     2        2.80°C     0.0270
     3        3.23°C     0.0300
     4        3.85°C     0.0354
     5        3.90°C     0.0315
  Registry updated: registry_v2.json

=================================================================
  [v2] K-SWEEP  domain=rectangle  arch=nsga2  dim=2D
  k values: [1, 2, 3, 4, 5]
=================================================================

  [v2] rectangle/nsga2/k=1/dim=2D  model=FourierPINN(dim=2, arch=nsga2, fourier=64×2=128, layers=3×153, act=tanh, params=67,015)
    [1/20] [0.0→1.5s]  MAE=7.96°C  L2=0.0564  (12s)  λ=[1.00,4.98,10.00]
    [2/20] [1.5→3.0s]  MAE=9.85°C  L2=0.0645  (11s)  λ=[0.99,4.96,9.98]
    [3/20] [3.0→4.5s]  MAE=8.90°C  L2=0.0545  (11s)  λ=[0.99,4.93,9.95]
    [4/20] [4.5→6.0s]  MAE=7.88°C  L2=0.0569  (12s)  λ=[0.99,4.90,9.94]
    [5/20] [6.0→7.5s]  MAE=7.32°C  L2=0.0498  (12s)  λ=[0.98,4.87,9.93]
    [6/20] [7.5→9.0s]  MAE=5.56°C  L2=0.0375  (12s)  λ=[0.98,4.84,9.92]
    [7/20] [9.0→10.5s]  MAE=4.19°C  L2=0.0241  (14s)  λ=[0.98,4.81,9.91]
    [8/20] [10.5→12.0s]  MAE=6.28°C  L2=0.0381  (13s)  λ=[0.98,4.77,9.90]
    [9/20] [12.0→13.5s]  MAE=4.21°C  L2=0.0271  (12s)  λ=[0.97,4.74,9.90]
    [10/20] [13.5→15.0s]  MAE=4.99°C  L2=0.0351  (12s)  λ=[0.97,4.72,9.89]
    [11/20] [15.0→16.5s]  MAE=4.50°C  L2=0.0268  (12s)  λ=[0.97,4.68,9.89]
    [12/20] [16.5→18.0s]  MAE=4.03°C  L2=0.0256  (12s)  λ=[0.97,4.66,9.88]
    [13/20] [18.0→19.5s]  MAE=3.74°C  L2=0.0246  (12s)  λ=[0.97,4.63,9.88]
    [14/20] [19.5→21.0s]  MAE=3.80°C  L2=0.0232  (12s)  λ=[0.96,4.60,9.88]
    [15/20] [21.0→22.5s]  MAE=3.90°C  L2=0.0211  (11s)  λ=[0.96,4.57,9.87]
    [16/20] [22.5→24.0s]  MAE=3.41°C  L2=0.0198  (12s)  λ=[0.96,4.54,9.87]
    [17/20] [24.0→25.5s]  MAE=2.98°C  L2=0.0168  (11s)  λ=[0.96,4.51,9.87]
    [18/20] [25.5→27.0s]  MAE=2.96°C  L2=0.0149  (11s)  λ=[0.96,4.49,9.86]
    [19/20] [27.0→28.5s]  MAE=2.79°C  L2=0.0136  (12s)  λ=[0.95,4.46,9.86]
    [20/20] [28.5→30.0s]  MAE=3.44°C  L2=0.0190  (12s)  λ=[0.95,4.44,9.85]
  → Mean MAE=5.13°C  Mean L2=0.0325  saved: rectangle_nsga2_k1_dim2_v2.pt

  [v2] rectangle/nsga2/k=2/dim=2D  model=FourierPINN(dim=2, arch=nsga2, fourier=64×2=128, layers=3×153, act=tanh, params=67,015)
    [1/10] [0.0→3.0s]  MAE=7.59°C  L2=0.0499  (11s)  λ=[1.00,4.98,9.99]
    [2/10] [3.0→6.0s]  MAE=8.90°C  L2=0.0552  (12s)  λ=[0.99,4.96,9.98]
    [3/10] [6.0→9.0s]  MAE=7.15°C  L2=0.0411  (12s)  λ=[0.99,4.93,9.97]
    [4/10] [9.0→12.0s]  MAE=5.63°C  L2=0.0389  (12s)  λ=[0.99,4.90,9.96]
    [5/10] [12.0→15.0s]  MAE=5.55°C  L2=0.0309  (12s)  λ=[0.98,4.86,9.94]
    [6/10] [15.0→18.0s]  MAE=4.55°C  L2=0.0240  (12s)  λ=[0.98,4.83,9.94]
    [7/10] [18.0→21.0s]  MAE=4.21°C  L2=0.0215  (11s)  λ=[0.98,4.79,9.93]
    [8/10] [21.0→24.0s]  MAE=4.15°C  L2=0.0231  (12s)  λ=[0.98,4.76,9.93]
    [9/10] [24.0→27.0s]  MAE=3.66°C  L2=0.0189  (12s)  λ=[0.97,4.73,9.93]
    [10/10] [27.0→30.0s]  MAE=4.05°C  L2=0.0217  (12s)  λ=[0.97,4.70,9.92]
  → Mean MAE=5.54°C  Mean L2=0.0325  saved: rectangle_nsga2_k2_dim2_v2.pt

  [v2] rectangle/nsga2/k=3/dim=2D  model=FourierPINN(dim=2, arch=nsga2, fourier=64×2=128, layers=3×153, act=tanh, params=67,015)
    [1/7] [0.0→4.5s]  MAE=8.14°C  L2=0.0538  (12s)  λ=[1.00,4.98,9.99]
    [2/7] [4.5→9.0s]  MAE=7.01°C  L2=0.0476  (12s)  λ=[0.99,4.96,9.98]
    [3/7] [9.0→13.5s]  MAE=6.12°C  L2=0.0387  (11s)  λ=[0.99,4.93,9.98]
    [4/7] [13.5→18.0s]  MAE=4.61°C  L2=0.0334  (12s)  λ=[0.99,4.90,9.97]
    [5/7] [18.0→22.5s]  MAE=4.72°C  L2=0.0225  (12s)  λ=[0.98,4.87,9.97]
    [6/7] [22.5→27.0s]  MAE=3.85°C  L2=0.0199  (12s)  λ=[0.98,4.83,9.96]
    [7/7] [27.0→30.0s]  MAE=4.55°C  L2=0.0223  (13s)  λ=[0.98,4.80,9.96]
  → Mean MAE=5.57°C  Mean L2=0.0340  saved: rectangle_nsga2_k3_dim2_v2.pt

  [v2] rectangle/nsga2/k=4/dim=2D  model=FourierPINN(dim=2, arch=nsga2, fourier=64×2=128, layers=3×153, act=tanh, params=67,015)
    [1/5] [0.0→6.0s]  MAE=8.45°C  L2=0.0495  (13s)  λ=[0.99,4.99,9.99]
    [2/5] [6.0→12.0s]  MAE=8.67°C  L2=0.0548  (12s)  λ=[0.99,4.96,9.98]
    [3/5] [12.0→18.0s]  MAE=6.51°C  L2=0.0431  (11s)  λ=[0.99,4.93,9.97]
    [4/5] [18.0→24.0s]  MAE=4.62°C  L2=0.0271  (12s)  λ=[0.99,4.90,9.96]
    [5/5] [24.0→30.0s]  MAE=4.77°C  L2=0.0297  (11s)  λ=[0.98,4.86,9.95]
  → Mean MAE=6.60°C  Mean L2=0.0408  saved: rectangle_nsga2_k4_dim2_v2.pt

  [v2] rectangle/nsga2/k=5/dim=2D  model=FourierPINN(dim=2, arch=nsga2, fourier=64×2=128, layers=3×153, act=tanh, params=67,015)
    [1/4] [0.0→7.5s]  MAE=7.45°C  L2=0.0455  (11s)  λ=[1.00,4.98,9.99]
    [2/4] [7.5→15.0s]  MAE=5.42°C  L2=0.0330  (12s)  λ=[0.99,4.96,9.98]
    [3/4] [15.0→22.5s]  MAE=4.99°C  L2=0.0277  (12s)  λ=[0.99,4.93,9.97]
    [4/4] [22.5→30.0s]  MAE=4.89°C  L2=0.0274  (11s)  λ=[0.99,4.90,9.97]
  → Mean MAE=5.69°C  Mean L2=0.0334  saved: rectangle_nsga2_k5_dim2_v2.pt

  K-SWEEP RESULT  domain=rectangle  arch=nsga2
     k    mean MAE    mean L2
     1        5.13°C     0.0325 ← best
     2        5.54°C     0.0325
     3        5.57°C     0.0340
     4        6.60°C     0.0408
     5        5.69°C     0.0334
  Registry updated: registry_v2.json

=================================================================
  [v2] K-SWEEP  domain=rectangle  arch=nsga3  dim=2D
  k values: [1, 2, 3, 4, 5]
=================================================================

  [v2] rectangle/nsga3/k=1/dim=2D  model=FourierPINN(dim=2, arch=nsga3, fourier=64×2=128, layers=3×75, act=tanh, params=21,151)
    [1/20] [0.0→1.5s]  MAE=5.95°C  L2=0.0368  (12s)  λ=[0.99,4.98,10.00]
    [2/20] [1.5→3.0s]  MAE=10.57°C  L2=0.0777  (11s)  λ=[0.99,4.95,9.97]
    [3/20] [3.0→4.5s]  MAE=11.24°C  L2=0.0717  (13s)  λ=[0.99,4.92,9.95]
    [4/20] [4.5→6.0s]  MAE=8.74°C  L2=0.0570  (12s)  λ=[0.98,4.89,9.93]
    [5/20] [6.0→7.5s]  MAE=7.35°C  L2=0.0499  (11s)  λ=[0.98,4.86,9.92]
    [6/20] [7.5→9.0s]  MAE=5.32°C  L2=0.0272  (12s)  λ=[0.98,4.83,9.90]
    [7/20] [9.0→10.5s]  MAE=6.10°C  L2=0.0377  (12s)  λ=[0.98,4.79,9.89]
    [8/20] [10.5→12.0s]  MAE=4.99°C  L2=0.0303  (11s)  λ=[0.97,4.76,9.89]
    [9/20] [12.0→13.5s]  MAE=5.51°C  L2=0.0312  (12s)  λ=[0.97,4.73,9.87]
    [10/20] [13.5→15.0s]  MAE=5.90°C  L2=0.0374  (12s)  λ=[0.97,4.70,9.85]
    [11/20] [15.0→16.5s]  MAE=4.50°C  L2=0.0252  (12s)  λ=[0.97,4.67,9.84]
    [12/20] [16.5→18.0s]  MAE=4.63°C  L2=0.0290  (11s)  λ=[0.97,4.65,9.83]
    [13/20] [18.0→19.5s]  MAE=4.30°C  L2=0.0325  (11s)  λ=[0.96,4.62,9.82]
    [14/20] [19.5→21.0s]  MAE=4.06°C  L2=0.0210  (11s)  λ=[0.96,4.59,9.81]
    [15/20] [21.0→22.5s]  MAE=3.64°C  L2=0.0260  (12s)  λ=[0.96,4.56,9.80]
    [16/20] [22.5→24.0s]  MAE=4.21°C  L2=0.0331  (12s)  λ=[0.96,4.53,9.79]
    [17/20] [24.0→25.5s]  MAE=2.97°C  L2=0.0172  (11s)  λ=[0.95,4.50,9.79]
    [18/20] [25.5→27.0s]  MAE=3.16°C  L2=0.0198  (11s)  λ=[0.95,4.48,9.78]
    [19/20] [27.0→28.5s]  MAE=3.41°C  L2=0.0228  (12s)  λ=[0.95,4.45,9.77]
    [20/20] [28.5→30.0s]  MAE=3.21°C  L2=0.0176  (12s)  λ=[0.95,4.42,9.77]
  → Mean MAE=5.49°C  Mean L2=0.0351  saved: rectangle_nsga3_k1_dim2_v2.pt

  [v2] rectangle/nsga3/k=2/dim=2D  model=FourierPINN(dim=2, arch=nsga3, fourier=64×2=128, layers=3×75, act=tanh, params=21,151)
    [1/10] [0.0→3.0s]  MAE=7.38°C  L2=0.0532  (11s)  λ=[1.00,4.98,9.99]
    [2/10] [3.0→6.0s]  MAE=8.81°C  L2=0.0609  (11s)  λ=[0.99,4.96,9.98]
    [3/10] [6.0→9.0s]  MAE=6.12°C  L2=0.0344  (11s)  λ=[0.99,4.93,9.97]
    [4/10] [9.0→12.0s]  MAE=6.68°C  L2=0.0497  (12s)  λ=[0.98,4.89,9.96]
    [5/10] [12.0→15.0s]  MAE=8.04°C  L2=0.0606  (11s)  λ=[0.98,4.86,9.94]
    [6/10] [15.0→18.0s]  MAE=4.91°C  L2=0.0262  (11s)  λ=[0.98,4.82,9.93]
    [7/10] [18.0→21.0s]  MAE=4.42°C  L2=0.0232  (11s)  λ=[0.98,4.79,9.93]
    [8/10] [21.0→24.0s]  MAE=4.41°C  L2=0.0238  (11s)  λ=[0.97,4.76,9.92]
    [9/10] [24.0→27.0s]  MAE=4.54°C  L2=0.0278  (11s)  λ=[0.97,4.72,9.90]
    [10/10] [27.0→30.0s]  MAE=5.11°C  L2=0.0325  (12s)  λ=[0.97,4.70,9.89]
  → Mean MAE=6.04°C  Mean L2=0.0392  saved: rectangle_nsga3_k2_dim2_v2.pt

  [v2] rectangle/nsga3/k=3/dim=2D  model=FourierPINN(dim=2, arch=nsga3, fourier=64×2=128, layers=3×75, act=tanh, params=21,151)
    [1/7] [0.0→4.5s]  MAE=7.28°C  L2=0.0436  (11s)  λ=[1.00,4.98,10.00]
    [2/7] [4.5→9.0s]  MAE=7.11°C  L2=0.0461  (12s)  λ=[0.99,4.96,9.99]
    [3/7] [9.0→13.5s]  MAE=8.45°C  L2=0.0570  (12s)  λ=[0.99,4.93,9.96]
    [4/7] [13.5→18.0s]  MAE=7.55°C  L2=0.0481  (12s)  λ=[0.99,4.89,9.95]
    [5/7] [18.0→22.5s]  MAE=6.05°C  L2=0.0381  (12s)  λ=[0.98,4.86,9.94]
    [6/7] [22.5→27.0s]  MAE=6.15°C  L2=0.0360  (11s)  λ=[0.98,4.82,9.93]
    [7/7] [27.0→30.0s]  MAE=4.89°C  L2=0.0228  (12s)  λ=[0.98,4.79,9.92]
  → Mean MAE=6.78°C  Mean L2=0.0417  saved: rectangle_nsga3_k3_dim2_v2.pt

  [v2] rectangle/nsga3/k=4/dim=2D  model=FourierPINN(dim=2, arch=nsga3, fourier=64×2=128, layers=3×75, act=tanh, params=21,151)
    [1/5] [0.0→6.0s]  MAE=7.86°C  L2=0.0506  (11s)  λ=[1.00,4.98,9.99]
    [2/5] [6.0→12.0s]  MAE=8.22°C  L2=0.0569  (11s)  λ=[0.99,4.96,9.98]
    [3/5] [12.0→18.0s]  MAE=7.99°C  L2=0.0493  (12s)  λ=[0.99,4.93,9.96]
    [4/5] [18.0→24.0s]  MAE=6.04°C  L2=0.0359  (11s)  λ=[0.99,4.89,9.95]
    [5/5] [24.0→30.0s]  MAE=4.86°C  L2=0.0257  (12s)  λ=[0.98,4.86,9.94]
  → Mean MAE=6.99°C  Mean L2=0.0437  saved: rectangle_nsga3_k4_dim2_v2.pt

  [v2] rectangle/nsga3/k=5/dim=2D  model=FourierPINN(dim=2, arch=nsga3, fourier=64×2=128, layers=3×75, act=tanh, params=21,151)
    [1/4] [0.0→7.5s]  MAE=9.96°C  L2=0.0541  (12s)  λ=[1.00,4.98,9.99]
    [2/4] [7.5→15.0s]  MAE=9.45°C  L2=0.0578  (12s)  λ=[0.99,4.96,9.98]
    [3/4] [15.0→22.5s]  MAE=6.48°C  L2=0.0325  (12s)  λ=[0.99,4.93,9.98]
    [4/4] [22.5→30.0s]  MAE=5.28°C  L2=0.0301  (12s)  λ=[0.99,4.90,9.96]
  → Mean MAE=7.79°C  Mean L2=0.0436  saved: rectangle_nsga3_k5_dim2_v2.pt

  K-SWEEP RESULT  domain=rectangle  arch=nsga3
     k    mean MAE    mean L2
     1        5.49°C     0.0351 ← best
     2        6.04°C     0.0392
     3        6.78°C     0.0417
     4        6.99°C     0.0437
     5        7.79°C     0.0436
  Registry updated: registry_v2.json

=================================================================
  [v2] K-SWEEP  domain=circle  arch=bayesian  dim=2D
  k values: [1, 2, 3, 4, 5]
=================================================================

  [v2] circle/bayesian/k=1/dim=2D  model=FourierPINN(dim=2, arch=bayesian, fourier=64×2=128, layers=5×151, act=relu, params=111,439)
    [1/20] [0.0→1.5s]  MAE=2.87°C  L2=0.0249  (13s)  λ=[0.99,4.99,10.00]
    [2/20] [1.5→3.0s]  MAE=1.35°C  L2=0.0117  (12s)  λ=[0.99,4.98,9.99]
    [3/20] [3.0→4.5s]  MAE=1.00°C  L2=0.0086  (13s)  λ=[0.99,4.97,9.99]
    [4/20] [4.5→6.0s]  MAE=2.17°C  L2=0.0259  (12s)  λ=[0.98,4.96,9.98]
    [5/20] [6.0→7.5s]  MAE=1.05°C  L2=0.0116  (12s)  λ=[0.98,4.95,9.98]
    [6/20] [7.5→9.0s]  MAE=1.39°C  L2=0.0119  (12s)  λ=[0.97,4.93,9.97]
    [7/20] [9.0→10.5s]  MAE=0.98°C  L2=0.0147  (13s)  λ=[0.97,4.91,9.97]
    [8/20] [10.5→12.0s]  MAE=0.70°C  L2=0.0064  (12s)  λ=[0.96,4.89,9.97]
    [9/20] [12.0→13.5s]  MAE=0.71°C  L2=0.0064  (13s)  λ=[0.96,4.88,9.96]
    [10/20] [13.5→15.0s]  MAE=0.81°C  L2=0.0061  (14s)  λ=[0.96,4.87,9.96]
    [11/20] [15.0→16.5s]  MAE=0.54°C  L2=0.0033  (15s)  λ=[0.96,4.86,9.95]
    [12/20] [16.5→18.0s]  MAE=0.83°C  L2=0.0098  (12s)  λ=[0.95,4.84,9.94]
    [13/20] [18.0→19.5s]  MAE=0.55°C  L2=0.0063  (13s)  λ=[0.95,4.83,9.94]
    [14/20] [19.5→21.0s]  MAE=0.75°C  L2=0.0072  (13s)  λ=[0.95,4.82,9.93]
    [15/20] [21.0→22.5s]  MAE=0.60°C  L2=0.0035  (12s)  λ=[0.95,4.80,9.93]
    [16/20] [22.5→24.0s]  MAE=0.67°C  L2=0.0049  (12s)  λ=[0.95,4.79,9.92]
    [17/20] [24.0→25.5s]  MAE=0.47°C  L2=0.0024  (13s)  λ=[0.94,4.79,9.92]
    [18/20] [25.5→27.0s]  MAE=0.54°C  L2=0.0043  (12s)  λ=[0.94,4.76,9.91]
    [19/20] [27.0→28.5s]  MAE=0.52°C  L2=0.0032  (13s)  λ=[0.94,4.76,9.91]
    [20/20] [28.5→30.0s]  MAE=0.52°C  L2=0.0046  (12s)  λ=[0.94,4.75,9.91]
  → Mean MAE=0.95°C  Mean L2=0.0089  saved: circle_bayesian_k1_dim2_v2.pt

  [v2] circle/bayesian/k=2/dim=2D  model=FourierPINN(dim=2, arch=bayesian, fourier=64×2=128, layers=5×151, act=relu, params=111,439)
    [1/10] [0.0→3.0s]  MAE=2.66°C  L2=0.0312  (13s)  λ=[0.99,4.99,10.00]
    [2/10] [3.0→6.0s]  MAE=2.11°C  L2=0.0136  (13s)  λ=[0.99,4.98,9.99]
    [3/10] [6.0→9.0s]  MAE=1.14°C  L2=0.0046  (12s)  λ=[0.99,4.97,9.99]
    [4/10] [9.0→12.0s]  MAE=1.95°C  L2=0.0179  (13s)  λ=[0.98,4.95,9.98]
    [5/10] [12.0→15.0s]  MAE=1.19°C  L2=0.0079  (13s)  λ=[0.98,4.94,9.98]
    [6/10] [15.0→18.0s]  MAE=1.06°C  L2=0.0063  (13s)  λ=[0.97,4.92,9.97]
    [7/10] [18.0→21.0s]  MAE=1.23°C  L2=0.0121  (12s)  λ=[0.97,4.91,9.97]
    [8/10] [21.0→24.0s]  MAE=0.70°C  L2=0.0056  (12s)  λ=[0.96,4.89,9.96]
    [9/10] [24.0→27.0s]  MAE=0.77°C  L2=0.0053  (13s)  λ=[0.96,4.88,9.96]
    [10/10] [27.0→30.0s]  MAE=0.96°C  L2=0.0072  (12s)  λ=[0.95,4.87,9.95]
  → Mean MAE=1.38°C  Mean L2=0.0112  saved: circle_bayesian_k2_dim2_v2.pt

  [v2] circle/bayesian/k=3/dim=2D  model=FourierPINN(dim=2, arch=bayesian, fourier=64×2=128, layers=5×151, act=relu, params=111,439)
    [1/7] [0.0→4.5s]  MAE=2.84°C  L2=0.0183  (12s)  λ=[0.99,4.99,10.00]
    [2/7] [4.5→9.0s]  MAE=1.81°C  L2=0.0128  (13s)  λ=[0.99,4.98,9.99]
    [3/7] [9.0→13.5s]  MAE=1.72°C  L2=0.0118  (13s)  λ=[0.99,4.97,9.99]
    [4/7] [13.5→18.0s]  MAE=1.74°C  L2=0.0152  (14s)  λ=[0.98,4.96,9.99]
    [5/7] [18.0→22.5s]  MAE=1.32°C  L2=0.0067  (13s)  λ=[0.98,4.96,9.98]
    [6/7] [22.5→27.0s]  MAE=1.25°C  L2=0.0061  (13s)  λ=[0.97,4.94,9.98]
    [7/7] [27.0→30.0s]  MAE=1.07°C  L2=0.0086  (13s)  λ=[0.97,4.92,9.97]
  → Mean MAE=1.68°C  Mean L2=0.0114  saved: circle_bayesian_k3_dim2_v2.pt

  [v2] circle/bayesian/k=4/dim=2D  model=FourierPINN(dim=2, arch=bayesian, fourier=64×2=128, layers=5×151, act=relu, params=111,439)
    [1/5] [0.0→6.0s]  MAE=3.29°C  L2=0.0203  (12s)  λ=[0.99,4.99,10.00]
    [2/5] [6.0→12.0s]  MAE=2.12°C  L2=0.0126  (13s)  λ=[0.99,4.98,9.99]
    [3/5] [12.0→18.0s]  MAE=1.62°C  L2=0.0064  (12s)  λ=[0.99,4.97,9.99]
    [4/5] [18.0→24.0s]  MAE=1.41°C  L2=0.0081  (12s)  λ=[0.98,4.96,9.98]
    [5/5] [24.0→30.0s]  MAE=1.13°C  L2=0.0045  (13s)  λ=[0.98,4.94,9.98]
  → Mean MAE=1.91°C  Mean L2=0.0104  saved: circle_bayesian_k4_dim2_v2.pt

  [v2] circle/bayesian/k=5/dim=2D  model=FourierPINN(dim=2, arch=bayesian, fourier=64×2=128, layers=5×151, act=relu, params=111,439)
    [1/4] [0.0→7.5s]  MAE=3.64°C  L2=0.0296  (12s)  λ=[0.99,4.99,10.00]
    [2/4] [7.5→15.0s]  MAE=2.42°C  L2=0.0117  (13s)  λ=[0.99,4.98,9.99]
    [3/4] [15.0→22.5s]  MAE=2.12°C  L2=0.0097  (13s)  λ=[0.99,4.97,9.99]
    [4/4] [22.5→30.0s]  MAE=2.06°C  L2=0.0151  (13s)  λ=[0.98,4.95,9.98]
  → Mean MAE=2.56°C  Mean L2=0.0165  saved: circle_bayesian_k5_dim2_v2.pt

  K-SWEEP RESULT  domain=circle  arch=bayesian
     k    mean MAE    mean L2
     1        0.95°C     0.0089 ← best
     2        1.38°C     0.0112
     3        1.68°C     0.0114
     4        1.91°C     0.0104
     5        2.56°C     0.0165
  Registry updated: registry_v2.json

=================================================================
  [v2] K-SWEEP  domain=circle  arch=nsga2  dim=2D
  k values: [1, 2, 3, 4, 5]
=================================================================

  [v2] circle/nsga2/k=1/dim=2D  model=FourierPINN(dim=2, arch=nsga2, fourier=64×2=128, layers=3×153, act=tanh, params=67,015)
    [1/20] [0.0→1.5s]  MAE=7.81°C  L2=0.0500  (12s)  λ=[1.00,4.99,9.99]
    [2/20] [1.5→3.0s]  MAE=7.92°C  L2=0.0431  (13s)  λ=[0.99,4.97,9.97]
    [3/20] [3.0→4.5s]  MAE=3.31°C  L2=0.0168  (12s)  λ=[0.99,4.94,9.96]
    [4/20] [4.5→6.0s]  MAE=8.35°C  L2=0.0399  (13s)  λ=[0.99,4.92,9.95]
    [5/20] [6.0→7.5s]  MAE=2.88°C  L2=0.0115  (12s)  λ=[0.98,4.89,9.95]
    [6/20] [7.5→9.0s]  MAE=2.11°C  L2=0.0091  (13s)  λ=[0.98,4.87,9.94]
    [7/20] [9.0→10.5s]  MAE=1.64°C  L2=0.0081  (13s)  λ=[0.97,4.85,9.94]
    [8/20] [10.5→12.0s]  MAE=1.87°C  L2=0.0105  (12s)  λ=[0.97,4.84,9.93]
    [9/20] [12.0→13.5s]  MAE=1.47°C  L2=0.0094  (12s)  λ=[0.97,4.83,9.93]
    [10/20] [13.5→15.0s]  MAE=1.09°C  L2=0.0049  (12s)  λ=[0.96,4.83,9.93]
    [11/20] [15.0→16.5s]  MAE=1.02°C  L2=0.0055  (12s)  λ=[0.96,4.82,9.93]
    [12/20] [16.5→18.0s]  MAE=1.00°C  L2=0.0051  (13s)  λ=[0.96,4.81,9.92]
    [13/20] [18.0→19.5s]  MAE=0.88°C  L2=0.0050  (12s)  λ=[0.96,4.81,9.92]
    [14/20] [19.5→21.0s]  MAE=0.86°C  L2=0.0040  (11s)  λ=[0.95,4.80,9.92]
    [15/20] [21.0→22.5s]  MAE=0.84°C  L2=0.0029  (13s)  λ=[0.95,4.79,9.92]
    [16/20] [22.5→24.0s]  MAE=0.77°C  L2=0.0033  (12s)  λ=[0.95,4.79,9.91]
    [17/20] [24.0→25.5s]  MAE=0.75°C  L2=0.0028  (12s)  λ=[0.95,4.79,9.91]
    [18/20] [25.5→27.0s]  MAE=0.73°C  L2=0.0026  (13s)  λ=[0.94,4.78,9.91]
    [19/20] [27.0→28.5s]  MAE=0.58°C  L2=0.0024  (13s)  λ=[0.94,4.78,9.91]
    [20/20] [28.5→30.0s]  MAE=0.55°C  L2=0.0022  (13s)  λ=[0.94,4.77,9.91]
  → Mean MAE=2.32°C  Mean L2=0.0120  saved: circle_nsga2_k1_dim2_v2.pt

  [v2] circle/nsga2/k=2/dim=2D  model=FourierPINN(dim=2, arch=nsga2, fourier=64×2=128, layers=3×153, act=tanh, params=67,015)
    [1/10] [0.0→3.0s]  MAE=5.75°C  L2=0.0363  (12s)  λ=[1.00,4.99,9.99]
    [2/10] [3.0→6.0s]  MAE=3.36°C  L2=0.0131  (11s)  λ=[0.99,4.97,9.98]
    [3/10] [6.0→9.0s]  MAE=3.95°C  L2=0.0173  (12s)  λ=[0.99,4.93,9.97]
    [4/10] [9.0→12.0s]  MAE=2.97°C  L2=0.0179  (11s)  λ=[0.99,4.90,9.97]
    [5/10] [12.0→15.0s]  MAE=2.38°C  L2=0.0107  (13s)  λ=[0.98,4.87,9.96]
    [6/10] [15.0→18.0s]  MAE=2.59°C  L2=0.0106  (11s)  λ=[0.98,4.84,9.96]
    [7/10] [18.0→21.0s]  MAE=2.25°C  L2=0.0131  (11s)  λ=[0.98,4.80,9.96]
    [8/10] [21.0→24.0s]  MAE=2.27°C  L2=0.0088  (12s)  λ=[0.97,4.77,9.95]
    [9/10] [24.0→27.0s]  MAE=1.51°C  L2=0.0053  (12s)  λ=[0.97,4.75,9.95]
    [10/10] [27.0→30.0s]  MAE=1.38°C  L2=0.0056  (13s)  λ=[0.97,4.73,9.95]
  → Mean MAE=2.84°C  Mean L2=0.0139  saved: circle_nsga2_k2_dim2_v2.pt

  [v2] circle/nsga2/k=3/dim=2D  model=FourierPINN(dim=2, arch=nsga2, fourier=64×2=128, layers=3×153, act=tanh, params=67,015)
    [1/7] [0.0→4.5s]  MAE=6.83°C  L2=0.0446  (13s)  λ=[1.00,4.99,9.99]
    [2/7] [4.5→9.0s]  MAE=4.39°C  L2=0.0189  (12s)  λ=[0.99,4.97,9.98]
    [3/7] [9.0→13.5s]  MAE=2.96°C  L2=0.0110  (13s)  λ=[0.99,4.94,9.97]
    [4/7] [13.5→18.0s]  MAE=4.32°C  L2=0.0179  (12s)  λ=[0.99,4.92,9.97]
    [5/7] [18.0→22.5s]  MAE=2.19°C  L2=0.0083  (12s)  λ=[0.98,4.89,9.97]
    [6/7] [22.5→27.0s]  MAE=2.60°C  L2=0.0091  (11s)  λ=[0.98,4.86,9.96]
    [7/7] [27.0→30.0s]  MAE=1.98°C  L2=0.0088  (13s)  λ=[0.98,4.84,9.96]
  → Mean MAE=3.61°C  Mean L2=0.0169  saved: circle_nsga2_k3_dim2_v2.pt

  [v2] circle/nsga2/k=4/dim=2D  model=FourierPINN(dim=2, arch=nsga2, fourier=64×2=128, layers=3×153, act=tanh, params=67,015)
    [1/5] [0.0→6.0s]  MAE=4.83°C  L2=0.0241  (12s)  λ=[1.00,4.99,9.99]
    [2/5] [6.0→12.0s]  MAE=3.77°C  L2=0.0136  (12s)  λ=[0.99,4.97,9.99]
    [3/5] [12.0→18.0s]  MAE=3.29°C  L2=0.0135  (13s)  λ=[0.99,4.93,9.98]
    [4/5] [18.0→24.0s]  MAE=3.15°C  L2=0.0149  (13s)  λ=[0.99,4.92,9.98]
    [5/5] [24.0→30.0s]  MAE=2.39°C  L2=0.0084  (12s)  λ=[0.98,4.89,9.97]
  → Mean MAE=3.49°C  Mean L2=0.0149  saved: circle_nsga2_k4_dim2_v2.pt

  [v2] circle/nsga2/k=5/dim=2D  model=FourierPINN(dim=2, arch=nsga2, fourier=64×2=128, layers=3×153, act=tanh, params=67,015)
    [1/4] [0.0→7.5s]  MAE=4.83°C  L2=0.0193  (12s)  λ=[1.00,4.99,9.99]
    [2/4] [7.5→15.0s]  MAE=3.10°C  L2=0.0129  (11s)  λ=[0.99,4.97,9.99]
    [3/4] [15.0→22.5s]  MAE=2.33°C  L2=0.0085  (11s)  λ=[0.99,4.93,9.99]
    [4/4] [22.5→30.0s]  MAE=2.51°C  L2=0.0128  (12s)  λ=[0.99,4.90,9.98]
  → Mean MAE=3.19°C  Mean L2=0.0134  saved: circle_nsga2_k5_dim2_v2.pt

  K-SWEEP RESULT  domain=circle  arch=nsga2
     k    mean MAE    mean L2
     1        2.32°C     0.0120 ← best
     2        2.84°C     0.0139
     3        3.61°C     0.0169
     4        3.49°C     0.0149
     5        3.19°C     0.0134
  Registry updated: registry_v2.json

=================================================================
  [v2] K-SWEEP  domain=circle  arch=nsga3  dim=2D
  k values: [1, 2, 3, 4, 5]
=================================================================

  [v2] circle/nsga3/k=1/dim=2D  model=FourierPINN(dim=2, arch=nsga3, fourier=64×2=128, layers=3×75, act=tanh, params=21,151)
    [1/20] [0.0→1.5s]  MAE=6.80°C  L2=0.0420  (12s)  λ=[1.00,4.98,9.99]
    [2/20] [1.5→3.0s]  MAE=7.12°C  L2=0.0428  (12s)  λ=[0.99,4.96,9.97]
    [3/20] [3.0→4.5s]  MAE=2.84°C  L2=0.0124  (12s)  λ=[0.99,4.93,9.96]
    [4/20] [4.5→6.0s]  MAE=2.68°C  L2=0.0151  (12s)  λ=[0.99,4.91,9.96]
    [5/20] [6.0→7.5s]  MAE=3.08°C  L2=0.0125  (13s)  λ=[0.98,4.88,9.95]
    [6/20] [7.5→9.0s]  MAE=3.07°C  L2=0.0134  (11s)  λ=[0.98,4.85,9.95]
    [7/20] [9.0→10.5s]  MAE=2.20°C  L2=0.0107  (12s)  λ=[0.98,4.82,9.94]
    [8/20] [10.5→12.0s]  MAE=2.11°C  L2=0.0138  (11s)  λ=[0.97,4.79,9.94]
    [9/20] [12.0→13.5s]  MAE=2.20°C  L2=0.0138  (11s)  λ=[0.97,4.77,9.93]
    [10/20] [13.5→15.0s]  MAE=1.99°C  L2=0.0119  (12s)  λ=[0.97,4.75,9.93]
    [11/20] [15.0→16.5s]  MAE=1.74°C  L2=0.0074  (12s)  λ=[0.96,4.72,9.92]
    [12/20] [16.5→18.0s]  MAE=1.51°C  L2=0.0082  (11s)  λ=[0.96,4.71,9.92]
    [13/20] [18.0→19.5s]  MAE=1.16°C  L2=0.0054  (11s)  λ=[0.96,4.70,9.91]
    [14/20] [19.5→21.0s]  MAE=1.22°C  L2=0.0053  (12s)  λ=[0.95,4.67,9.91]
    [15/20] [21.0→22.5s]  MAE=1.14°C  L2=0.0064  (13s)  λ=[0.95,4.65,9.91]
    [16/20] [22.5→24.0s]  MAE=1.28°C  L2=0.0079  (12s)  λ=[0.95,4.63,9.90]
    [17/20] [24.0→25.5s]  MAE=0.85°C  L2=0.0043  (11s)  λ=[0.94,4.63,9.90]
    [18/20] [25.5→27.0s]  MAE=0.74°C  L2=0.0026  (11s)  λ=[0.94,4.60,9.90]
    [19/20] [27.0→28.5s]  MAE=0.63°C  L2=0.0029  (11s)  λ=[0.94,4.60,9.90]
    [20/20] [28.5→30.0s]  MAE=0.78°C  L2=0.0044  (12s)  λ=[0.93,4.59,9.89]
  → Mean MAE=2.26°C  Mean L2=0.0122  saved: circle_nsga3_k1_dim2_v2.pt

  [v2] circle/nsga3/k=2/dim=2D  model=FourierPINN(dim=2, arch=nsga3, fourier=64×2=128, layers=3×75, act=tanh, params=21,151)
    [1/10] [0.0→3.0s]  MAE=8.27°C  L2=0.0488  (12s)  λ=[1.00,4.99,9.99]
    [2/10] [3.0→6.0s]  MAE=3.91°C  L2=0.0192  (12s)  λ=[0.99,4.97,9.97]
    [3/10] [6.0→9.0s]  MAE=3.54°C  L2=0.0289  (11s)  λ=[0.99,4.93,9.96]
    [4/10] [9.0→12.0s]  MAE=3.14°C  L2=0.0323  (13s)  λ=[0.99,4.90,9.96]
    [5/10] [12.0→15.0s]  MAE=2.47°C  L2=0.0223  (13s)  λ=[0.98,4.88,9.95]
    [6/10] [15.0→18.0s]  MAE=1.45°C  L2=0.0051  (12s)  λ=[0.98,4.86,9.95]
    [7/10] [18.0→21.0s]  MAE=1.33°C  L2=0.0066  (12s)  λ=[0.97,4.84,9.94]
    [8/10] [21.0→24.0s]  MAE=1.35°C  L2=0.0066  (12s)  λ=[0.97,4.82,9.94]
    [9/10] [24.0→27.0s]  MAE=0.88°C  L2=0.0033  (12s)  λ=[0.96,4.81,9.94]
    [10/10] [27.0→30.0s]  MAE=0.91°C  L2=0.0040  (12s)  λ=[0.96,4.80,9.94]
  → Mean MAE=2.73°C  Mean L2=0.0177  saved: circle_nsga3_k2_dim2_v2.pt

  [v2] circle/nsga3/k=3/dim=2D  model=FourierPINN(dim=2, arch=nsga3, fourier=64×2=128, layers=3×75, act=tanh, params=21,151)
    [1/7] [0.0→4.5s]  MAE=4.55°C  L2=0.0238  (12s)  λ=[1.00,4.99,9.99]
    [2/7] [4.5→9.0s]  MAE=3.91°C  L2=0.0153  (13s)  λ=[0.99,4.96,9.98]
    [3/7] [9.0→13.5s]  MAE=2.93°C  L2=0.0152  (12s)  λ=[0.99,4.93,9.98]
    [4/7] [13.5→18.0s]  MAE=2.84°C  L2=0.0179  (12s)  λ=[0.99,4.91,9.97]
    [5/7] [18.0→22.5s]  MAE=2.61°C  L2=0.0109  (12s)  λ=[0.98,4.88,9.97]
    [6/7] [22.5→27.0s]  MAE=2.64°C  L2=0.0102  (11s)  λ=[0.98,4.85,9.96]
    [7/7] [27.0→30.0s]  MAE=2.04°C  L2=0.0099  (12s)  λ=[0.98,4.82,9.96]
  → Mean MAE=3.07°C  Mean L2=0.0147  saved: circle_nsga3_k3_dim2_v2.pt

  [v2] circle/nsga3/k=4/dim=2D  model=FourierPINN(dim=2, arch=nsga3, fourier=64×2=128, layers=3×75, act=tanh, params=21,151)
    [1/5] [0.0→6.0s]  MAE=4.67°C  L2=0.0211  (12s)  λ=[0.99,4.99,9.99]
    [2/5] [6.0→12.0s]  MAE=3.70°C  L2=0.0141  (11s)  λ=[0.99,4.97,9.99]
    [3/5] [12.0→18.0s]  MAE=2.85°C  L2=0.0098  (13s)  λ=[0.99,4.93,9.98]
    [4/5] [18.0→24.0s]  MAE=2.89°C  L2=0.0170  (14s)  λ=[0.98,4.90,9.98]
    [5/5] [24.0→30.0s]  MAE=2.59°C  L2=0.0097  (12s)  λ=[0.98,4.87,9.97]
  → Mean MAE=3.34°C  Mean L2=0.0143  saved: circle_nsga3_k4_dim2_v2.pt

  [v2] circle/nsga3/k=5/dim=2D  model=FourierPINN(dim=2, arch=nsga3, fourier=64×2=128, layers=3×75, act=tanh, params=21,151)
    [1/4] [0.0→7.5s]  MAE=4.84°C  L2=0.0182  (11s)  λ=[1.00,4.98,9.99]
    [2/4] [7.5→15.0s]  MAE=4.25°C  L2=0.0158  (12s)  λ=[0.99,4.96,9.99]
    [3/4] [15.0→22.5s]  MAE=2.95°C  L2=0.0102  (12s)  λ=[0.99,4.93,9.98]
    [4/4] [22.5→30.0s]  MAE=3.41°C  L2=0.0183  (13s)  λ=[0.98,4.90,9.97]
  → Mean MAE=3.86°C  Mean L2=0.0156  saved: circle_nsga3_k5_dim2_v2.pt

  K-SWEEP RESULT  domain=circle  arch=nsga3
     k    mean MAE    mean L2
     1        2.26°C     0.0122 ← best
     2        2.73°C     0.0177
     3        3.07°C     0.0147
     4        3.34°C     0.0143
     5        3.86°C     0.0156
  Registry updated: registry_v2.json

=================================================================
  [v2] K-SWEEP  domain=annulus  arch=bayesian  dim=2D
  k values: [1, 2, 3, 4, 5]
=================================================================

  [v2] annulus/bayesian/k=1/dim=2D  model=FourierPINN(dim=2, arch=bayesian, fourier=64×2=128, layers=5×151, act=relu, params=111,439)
    [1/20] [0.0→1.5s]  MAE=6.18°C  L2=0.0415  (13s)  λ=[0.99,4.99,10.00]
    [2/20] [1.5→3.0s]  MAE=4.87°C  L2=0.0364  (12s)  λ=[0.98,4.97,9.99]
    [3/20] [3.0→4.5s]  MAE=6.09°C  L2=0.0542  (13s)  λ=[0.98,4.95,9.98]
    [4/20] [4.5→6.0s]  MAE=4.94°C  L2=0.0381  (13s)  λ=[0.97,4.93,9.98]
    [5/20] [6.0→7.5s]  MAE=3.72°C  L2=0.0333  (13s)  λ=[0.97,4.92,9.97]
    [6/20] [7.5→9.0s]  MAE=3.07°C  L2=0.0210  (12s)  λ=[0.96,4.90,9.97]
    [7/20] [9.0→10.5s]  MAE=5.74°C  L2=0.0598  (13s)  λ=[0.95,4.88,9.96]
    [8/20] [10.5→12.0s]  MAE=3.06°C  L2=0.0215  (13s)  λ=[0.95,4.86,9.95]
    [9/20] [12.0→13.5s]  MAE=2.23°C  L2=0.0131  (12s)  λ=[0.95,4.84,9.95]
    [10/20] [13.5→15.0s]  MAE=3.12°C  L2=0.0289  (13s)  λ=[0.94,4.82,9.94]
    [11/20] [15.0→16.5s]  MAE=3.29°C  L2=0.0325  (13s)  λ=[0.94,4.80,9.93]
    [12/20] [16.5→18.0s]  MAE=2.77°C  L2=0.0247  (12s)  λ=[0.93,4.79,9.92]
    [13/20] [18.0→19.5s]  MAE=2.01°C  L2=0.0254  (12s)  λ=[0.93,4.77,9.92]
    [14/20] [19.5→21.0s]  MAE=2.25°C  L2=0.0192  (12s)  λ=[0.93,4.75,9.91]
    [15/20] [21.0→22.5s]  MAE=2.38°C  L2=0.0214  (13s)  λ=[0.92,4.73,9.91]
    [16/20] [22.5→24.0s]  MAE=2.72°C  L2=0.0180  (12s)  λ=[0.92,4.71,9.90]
    [17/20] [24.0→25.5s]  MAE=1.66°C  L2=0.0104  (13s)  λ=[0.91,4.70,9.90]
    [18/20] [25.5→27.0s]  MAE=2.32°C  L2=0.0210  (13s)  λ=[0.91,4.68,9.89]
    [19/20] [27.0→28.5s]  MAE=2.00°C  L2=0.0146  (12s)  λ=[0.91,4.67,9.88]
    [20/20] [28.5→30.0s]  MAE=2.08°C  L2=0.0220  (12s)  λ=[0.90,4.66,9.88]
  → Mean MAE=3.33°C  Mean L2=0.0279  saved: annulus_bayesian_k1_dim2_v2.pt

  [v2] annulus/bayesian/k=2/dim=2D  model=FourierPINN(dim=2, arch=bayesian, fourier=64×2=128, layers=5×151, act=relu, params=111,439)
    [1/10] [0.0→3.0s]  MAE=6.34°C  L2=0.0409  (12s)  λ=[0.99,4.99,10.00]
    [2/10] [3.0→6.0s]  MAE=9.00°C  L2=0.0827  (13s)  λ=[0.98,4.97,9.97]
    [3/10] [6.0→9.0s]  MAE=7.08°C  L2=0.0709  (13s)  λ=[0.98,4.95,9.97]
    [4/10] [9.0→12.0s]  MAE=5.83°C  L2=0.0456  (13s)  λ=[0.97,4.93,9.96]
    [5/10] [12.0→15.0s]  MAE=3.73°C  L2=0.0314  (13s)  λ=[0.96,4.92,9.95]
    [6/10] [15.0→18.0s]  MAE=3.74°C  L2=0.0270  (13s)  λ=[0.96,4.89,9.95]
    [7/10] [18.0→21.0s]  MAE=4.66°C  L2=0.0438  (13s)  λ=[0.96,4.87,9.93]
    [8/10] [21.0→24.0s]  MAE=2.96°C  L2=0.0175  (12s)  λ=[0.95,4.85,9.93]
    [9/10] [24.0→27.0s]  MAE=2.63°C  L2=0.0141  (13s)  λ=[0.95,4.83,9.93]
    [10/10] [27.0→30.0s]  MAE=3.31°C  L2=0.0262  (13s)  λ=[0.94,4.82,9.92]
  → Mean MAE=4.93°C  Mean L2=0.0400  saved: annulus_bayesian_k2_dim2_v2.pt

  [v2] annulus/bayesian/k=3/dim=2D  model=FourierPINN(dim=2, arch=bayesian, fourier=64×2=128, layers=5×151, act=relu, params=111,439)
    [1/7] [0.0→4.5s]  MAE=6.30°C  L2=0.0317  (13s)  λ=[0.99,4.99,9.99]
    [2/7] [4.5→9.0s]  MAE=8.36°C  L2=0.0671  (14s)  λ=[0.98,4.96,9.98]
    [3/7] [9.0→13.5s]  MAE=4.67°C  L2=0.0291  (13s)  λ=[0.98,4.95,9.98]
    [4/7] [13.5→18.0s]  MAE=3.91°C  L2=0.0207  (12s)  λ=[0.97,4.93,9.97]
    [5/7] [18.0→22.5s]  MAE=3.46°C  L2=0.0275  (13s)  λ=[0.96,4.91,9.96]
    [6/7] [22.5→27.0s]  MAE=3.45°C  L2=0.0234  (15s)  λ=[0.96,4.89,9.96]
    [7/7] [27.0→30.0s]  MAE=5.37°C  L2=0.0405  (12s)  λ=[0.95,4.87,9.95]
  → Mean MAE=5.07°C  Mean L2=0.0343  saved: annulus_bayesian_k3_dim2_v2.pt

  [v2] annulus/bayesian/k=4/dim=2D  model=FourierPINN(dim=2, arch=bayesian, fourier=64×2=128, layers=5×151, act=relu, params=111,439)
    [1/5] [0.0→6.0s]  MAE=7.49°C  L2=0.0407  (13s)  λ=[0.99,4.99,9.99]
    [2/5] [6.0→12.0s]  MAE=9.22°C  L2=0.0763  (12s)  λ=[0.98,4.97,9.98]
    [3/5] [12.0→18.0s]  MAE=8.22°C  L2=0.0645  (12s)  λ=[0.98,4.95,9.97]
    [4/5] [18.0→24.0s]  MAE=5.68°C  L2=0.0353  (13s)  λ=[0.97,4.93,9.96]
    [5/5] [24.0→30.0s]  MAE=3.95°C  L2=0.0271  (13s)  λ=[0.97,4.92,9.96]
  → Mean MAE=6.91°C  Mean L2=0.0488  saved: annulus_bayesian_k4_dim2_v2.pt

  [v2] annulus/bayesian/k=5/dim=2D  model=FourierPINN(dim=2, arch=bayesian, fourier=64×2=128, layers=5×151, act=relu, params=111,439)
    [1/4] [0.0→7.5s]  MAE=8.20°C  L2=0.0478  (12s)  λ=[0.99,4.99,9.99]
    [2/4] [7.5→15.0s]  MAE=9.51°C  L2=0.0740  (13s)  λ=[0.98,4.97,9.98]
    [3/4] [15.0→22.5s]  MAE=5.72°C  L2=0.0367  (12s)  λ=[0.98,4.94,9.97]
    [4/4] [22.5→30.0s]  MAE=4.85°C  L2=0.0315  (13s)  λ=[0.97,4.93,9.96]
  → Mean MAE=7.07°C  Mean L2=0.0475  saved: annulus_bayesian_k5_dim2_v2.pt

  K-SWEEP RESULT  domain=annulus  arch=bayesian
     k    mean MAE    mean L2
     1        3.33°C     0.0279 ← best
     2        4.93°C     0.0400
     3        5.07°C     0.0343
     4        6.91°C     0.0488
     5        7.07°C     0.0475
  Registry updated: registry_v2.json

=================================================================
  [v2] K-SWEEP  domain=annulus  arch=nsga2  dim=2D
  k values: [1, 2, 3, 4, 5]
=================================================================

  [v2] annulus/nsga2/k=1/dim=2D  model=FourierPINN(dim=2, arch=nsga2, fourier=64×2=128, layers=3×153, act=tanh, params=67,015)
    [1/20] [0.0→1.5s]  MAE=9.59°C  L2=0.0583  (11s)  λ=[0.99,4.98,9.99]
    [2/20] [1.5→3.0s]  MAE=18.57°C  L2=0.1102  (12s)  λ=[0.99,4.95,9.96]
    [3/20] [3.0→4.5s]  MAE=23.62°C  L2=0.1221  (12s)  λ=[0.99,4.92,9.92]
    [4/20] [4.5→6.0s]  MAE=24.94°C  L2=0.1188  (12s)  λ=[0.99,4.90,9.89]
    [5/20] [6.0→7.5s]  MAE=20.39°C  L2=0.1071  (12s)  λ=[0.98,4.86,9.86]
    [6/20] [7.5→9.0s]  MAE=23.43°C  L2=0.1130  (11s)  λ=[0.98,4.83,9.84]
    [7/20] [9.0→10.5s]  MAE=20.68°C  L2=0.0941  (12s)  λ=[0.98,4.80,9.82]
    [8/20] [10.5→12.0s]  MAE=18.52°C  L2=0.0857  (12s)  λ=[0.98,4.76,9.80]
    [9/20] [12.0→13.5s]  MAE=17.17°C  L2=0.0723  (12s)  λ=[0.98,4.72,9.78]
    [10/20] [13.5→15.0s]  MAE=14.54°C  L2=0.0589  (12s)  λ=[0.97,4.69,9.77]
    [11/20] [15.0→16.5s]  MAE=15.16°C  L2=0.0805  (12s)  λ=[0.97,4.65,9.76]
    [12/20] [16.5→18.0s]  MAE=14.36°C  L2=0.0580  (12s)  λ=[0.97,4.63,9.74]
    [13/20] [18.0→19.5s]  MAE=15.44°C  L2=0.0724  (11s)  λ=[0.97,4.60,9.73]
    [14/20] [19.5→21.0s]  MAE=14.64°C  L2=0.0612  (12s)  λ=[0.97,4.57,9.71]
    [15/20] [21.0→22.5s]  MAE=13.04°C  L2=0.0550  (11s)  λ=[0.96,4.53,9.70]
    [16/20] [22.5→24.0s]  MAE=12.30°C  L2=0.0541  (12s)  λ=[0.96,4.49,9.68]
    [17/20] [24.0→25.5s]  MAE=12.65°C  L2=0.0575  (11s)  λ=[0.96,4.46,9.67]
    [18/20] [25.5→27.0s]  MAE=12.64°C  L2=0.0569  (12s)  λ=[0.96,4.43,9.65]
    [19/20] [27.0→28.5s]  MAE=11.83°C  L2=0.0528  (12s)  λ=[0.96,4.41,9.64]
    [20/20] [28.5→30.0s]  MAE=12.13°C  L2=0.0574  (13s)  λ=[0.95,4.38,9.63]
  → Mean MAE=16.28°C  Mean L2=0.0773  saved: annulus_nsga2_k1_dim2_v2.pt

  [v2] annulus/nsga2/k=2/dim=2D  model=FourierPINN(dim=2, arch=nsga2, fourier=64×2=128, layers=3×153, act=tanh, params=67,015)
    [1/10] [0.0→3.0s]  MAE=13.17°C  L2=0.0728  (11s)  λ=[0.99,4.98,9.99]
    [2/10] [3.0→6.0s]  MAE=25.52°C  L2=0.1211  (11s)  λ=[0.99,4.96,9.96]
    [3/10] [6.0→9.0s]  MAE=26.89°C  L2=0.1218  (12s)  λ=[0.99,4.92,9.94]
    [4/10] [9.0→12.0s]  MAE=20.69°C  L2=0.0861  (12s)  λ=[0.99,4.89,9.92]
    [5/10] [12.0→15.0s]  MAE=17.36°C  L2=0.0761  (13s)  λ=[0.98,4.86,9.91]
    [6/10] [15.0→18.0s]  MAE=16.75°C  L2=0.0690  (11s)  λ=[0.98,4.83,9.90]
    [7/10] [18.0→21.0s]  MAE=16.71°C  L2=0.0680  (11s)  λ=[0.98,4.79,9.89]
    [8/10] [21.0→24.0s]  MAE=14.00°C  L2=0.0607  (12s)  λ=[0.98,4.75,9.87]
    [9/10] [24.0→27.0s]  MAE=16.06°C  L2=0.0666  (12s)  λ=[0.98,4.72,9.86]
    [10/10] [27.0→30.0s]  MAE=14.38°C  L2=0.0579  (11s)  λ=[0.97,4.70,9.84]
  → Mean MAE=18.15°C  Mean L2=0.0800  saved: annulus_nsga2_k2_dim2_v2.pt

  [v2] annulus/nsga2/k=3/dim=2D  model=FourierPINN(dim=2, arch=nsga2, fourier=64×2=128, layers=3×153, act=tanh, params=67,015)
    [1/7] [0.0→4.5s]  MAE=15.36°C  L2=0.0863  (12s)  λ=[0.99,4.98,9.99]
    [2/7] [4.5→9.0s]  MAE=28.81°C  L2=0.1273  (12s)  λ=[0.99,4.95,9.96]
    [3/7] [9.0→13.5s]  MAE=28.90°C  L2=0.1275  (12s)  λ=[0.99,4.92,9.93]
    [4/7] [13.5→18.0s]  MAE=20.26°C  L2=0.0912  (12s)  λ=[0.99,4.89,9.92]
    [5/7] [18.0→22.5s]  MAE=20.35°C  L2=0.0893  (12s)  λ=[0.98,4.87,9.90]
    [6/7] [22.5→27.0s]  MAE=22.57°C  L2=0.1071  (12s)  λ=[0.98,4.83,9.88]
    [7/7] [27.0→30.0s]  MAE=18.57°C  L2=0.0894  (12s)  λ=[0.98,4.80,9.87]
  → Mean MAE=22.12°C  Mean L2=0.1026  saved: annulus_nsga2_k3_dim2_v2.pt

  [v2] annulus/nsga2/k=4/dim=2D  model=FourierPINN(dim=2, arch=nsga2, fourier=64×2=128, layers=3×153, act=tanh, params=67,015)
    [1/5] [0.0→6.0s]  MAE=14.44°C  L2=0.0835  (12s)  λ=[0.99,4.98,9.99]
    [2/5] [6.0→12.0s]  MAE=31.35°C  L2=0.1399  (12s)  λ=[0.99,4.96,9.97]
    [3/5] [12.0→18.0s]  MAE=24.52°C  L2=0.1026  (13s)  λ=[0.99,4.92,9.95]
    [4/5] [18.0→24.0s]  MAE=21.36°C  L2=0.0878  (13s)  λ=[0.99,4.89,9.93]
    [5/5] [24.0→30.0s]  MAE=15.70°C  L2=0.0621  (14s)  λ=[0.98,4.86,9.92]
  → Mean MAE=21.48°C  Mean L2=0.0952  saved: annulus_nsga2_k4_dim2_v2.pt

  [v2] annulus/nsga2/k=5/dim=2D  model=FourierPINN(dim=2, arch=nsga2, fourier=64×2=128, layers=3×153, act=tanh, params=67,015)
    [1/4] [0.0→7.5s]  MAE=13.70°C  L2=0.0659  (12s)  λ=[0.99,4.98,9.99]
    [2/4] [7.5→15.0s]  MAE=29.41°C  L2=0.1340  (12s)  λ=[0.99,4.95,9.97]
    [3/4] [15.0→22.5s]  MAE=21.13°C  L2=0.0971  (13s)  λ=[0.99,4.92,9.95]
    [4/4] [22.5→30.0s]  MAE=17.22°C  L2=0.0768  (11s)  λ=[0.99,4.89,9.93]
  → Mean MAE=20.37°C  Mean L2=0.0935  saved: annulus_nsga2_k5_dim2_v2.pt

  K-SWEEP RESULT  domain=annulus  arch=nsga2
     k    mean MAE    mean L2
     1       16.28°C     0.0773 ← best
     2       18.15°C     0.0800
     3       22.12°C     0.1026
     4       21.48°C     0.0952
     5       20.37°C     0.0935
  Registry updated: registry_v2.json

=================================================================
  [v2] K-SWEEP  domain=annulus  arch=nsga3  dim=2D
  k values: [1, 2, 3, 4, 5]
=================================================================

  [v2] annulus/nsga3/k=1/dim=2D  model=FourierPINN(dim=2, arch=nsga3, fourier=64×2=128, layers=3×75, act=tanh, params=21,151)
    [1/20] [0.0→1.5s]  MAE=10.34°C  L2=0.0668  (11s)  λ=[1.00,4.98,9.99]
    [2/20] [1.5→3.0s]  MAE=19.27°C  L2=0.1094  (12s)  λ=[0.99,4.96,9.96]
    [3/20] [3.0→4.5s]  MAE=22.80°C  L2=0.1101  (11s)  λ=[0.99,4.92,9.93]
    [4/20] [4.5→6.0s]  MAE=19.28°C  L2=0.0925  (12s)  λ=[0.99,4.89,9.91]
    [5/20] [6.0→7.5s]  MAE=20.91°C  L2=0.1003  (11s)  λ=[0.98,4.86,9.88]
    [6/20] [7.5→9.0s]  MAE=22.89°C  L2=0.1089  (12s)  λ=[0.98,4.83,9.85]
    [7/20] [9.0→10.5s]  MAE=19.29°C  L2=0.0924  (12s)  λ=[0.98,4.79,9.82]
    [8/20] [10.5→12.0s]  MAE=17.50°C  L2=0.0786  (12s)  λ=[0.98,4.76,9.80]
    [9/20] [12.0→13.5s]  MAE=19.05°C  L2=0.0882  (12s)  λ=[0.97,4.73,9.79]
    [10/20] [13.5→15.0s]  MAE=16.96°C  L2=0.0786  (11s)  λ=[0.97,4.71,9.76]
    [11/20] [15.0→16.5s]  MAE=14.83°C  L2=0.0699  (12s)  λ=[0.97,4.67,9.75]
    [12/20] [16.5→18.0s]  MAE=15.08°C  L2=0.0705  (12s)  λ=[0.97,4.65,9.73]
    [13/20] [18.0→19.5s]  MAE=12.85°C  L2=0.0534  (12s)  λ=[0.96,4.62,9.70]
    [14/20] [19.5→21.0s]  MAE=12.74°C  L2=0.0543  (12s)  λ=[0.96,4.59,9.68]
    [15/20] [21.0→22.5s]  MAE=12.15°C  L2=0.0572  (12s)  λ=[0.96,4.56,9.66]
    [16/20] [22.5→24.0s]  MAE=12.51°C  L2=0.0623  (12s)  λ=[0.96,4.52,9.64]
    [17/20] [24.0→25.5s]  MAE=13.09°C  L2=0.0722  (11s)  λ=[0.95,4.49,9.62]
    [18/20] [25.5→27.0s]  MAE=12.74°C  L2=0.0684  (12s)  λ=[0.95,4.46,9.60]
    [19/20] [27.0→28.5s]  MAE=10.72°C  L2=0.0641  (13s)  λ=[0.95,4.43,9.59]
    [20/20] [28.5→30.0s]  MAE=9.14°C  L2=0.0462  (13s)  λ=[0.95,4.40,9.57]
  → Mean MAE=15.71°C  Mean L2=0.0772  saved: annulus_nsga3_k1_dim2_v2.pt

  [v2] annulus/nsga3/k=2/dim=2D  model=FourierPINN(dim=2, arch=nsga3, fourier=64×2=128, layers=3×75, act=tanh, params=21,151)
    [1/10] [0.0→3.0s]  MAE=12.69°C  L2=0.0759  (12s)  λ=[0.99,4.98,9.99]
    [2/10] [3.0→6.0s]  MAE=26.25°C  L2=0.1332  (12s)  λ=[0.99,4.95,9.96]
    [3/10] [6.0→9.0s]  MAE=27.98°C  L2=0.1226  (12s)  λ=[0.99,4.92,9.93]
    [4/10] [9.0→12.0s]  MAE=23.62°C  L2=0.1074  (12s)  λ=[0.99,4.89,9.91]
    [5/10] [12.0→15.0s]  MAE=22.16°C  L2=0.1020  (12s)  λ=[0.98,4.85,9.88]
    [6/10] [15.0→18.0s]  MAE=20.78°C  L2=0.0932  (12s)  λ=[0.98,4.82,9.86]
    [7/10] [18.0→21.0s]  MAE=18.54°C  L2=0.0783  (12s)  λ=[0.98,4.79,9.83]
    [8/10] [21.0→24.0s]  MAE=16.17°C  L2=0.0721  (12s)  λ=[0.98,4.75,9.81]
    [9/10] [24.0→27.0s]  MAE=16.75°C  L2=0.0720  (12s)  λ=[0.97,4.72,9.78]
    [10/10] [27.0→30.0s]  MAE=13.94°C  L2=0.0609  (12s)  λ=[0.97,4.69,9.76]
  → Mean MAE=19.89°C  Mean L2=0.0918  saved: annulus_nsga3_k2_dim2_v2.pt

  [v2] annulus/nsga3/k=3/dim=2D  model=FourierPINN(dim=2, arch=nsga3, fourier=64×2=128, layers=3×75, act=tanh, params=21,151)
    [1/7] [0.0→4.5s]  MAE=12.45°C  L2=0.0609  (11s)  λ=[1.00,4.98,9.99]
    [2/7] [4.5→9.0s]  MAE=29.54°C  L2=0.1464  (12s)  λ=[0.99,4.95,9.96]
    [3/7] [9.0→13.5s]  MAE=28.20°C  L2=0.1304  (11s)  λ=[0.99,4.92,9.93]
    [4/7] [13.5→18.0s]  MAE=27.03°C  L2=0.1226  (12s)  λ=[0.99,4.88,9.90]
    [5/7] [18.0→22.5s]  MAE=22.03°C  L2=0.1000  (12s)  λ=[0.98,4.85,9.88]
    [6/7] [22.5→27.0s]  MAE=21.24°C  L2=0.0952  (12s)  λ=[0.98,4.82,9.85]
    [7/7] [27.0→30.0s]  MAE=18.71°C  L2=0.0875  (13s)  λ=[0.98,4.78,9.83]
  → Mean MAE=22.74°C  Mean L2=0.1062  saved: annulus_nsga3_k3_dim2_v2.pt

  [v2] annulus/nsga3/k=4/dim=2D  model=FourierPINN(dim=2, arch=nsga3, fourier=64×2=128, layers=3×75, act=tanh, params=21,151)
    [1/5] [0.0→6.0s]  MAE=12.97°C  L2=0.0671  (12s)  λ=[0.99,4.98,9.99]
    [2/5] [6.0→12.0s]  MAE=26.71°C  L2=0.1252  (13s)  λ=[0.99,4.95,9.97]
    [3/5] [12.0→18.0s]  MAE=26.18°C  L2=0.1174  (11s)  λ=[0.99,4.92,9.95]
    [4/5] [18.0→24.0s]  MAE=23.58°C  L2=0.1004  (12s)  λ=[0.98,4.89,9.92]
    [5/5] [24.0→30.0s]  MAE=22.88°C  L2=0.1005  (12s)  λ=[0.98,4.85,9.90]
  → Mean MAE=22.46°C  Mean L2=0.1021  saved: annulus_nsga3_k4_dim2_v2.pt

  [v2] annulus/nsga3/k=5/dim=2D  model=FourierPINN(dim=2, arch=nsga3, fourier=64×2=128, layers=3×75, act=tanh, params=21,151)
    [1/4] [0.0→7.5s]  MAE=18.24°C  L2=0.0878  (12s)  λ=[0.99,4.98,9.99]
    [2/4] [7.5→15.0s]  MAE=28.37°C  L2=0.1177  (11s)  λ=[0.99,4.95,9.97]
    [3/4] [15.0→22.5s]  MAE=24.75°C  L2=0.0991  (12s)  λ=[0.99,4.92,9.94]
    [4/4] [22.5→30.0s]  MAE=22.31°C  L2=0.0880  (12s)  λ=[0.98,4.89,9.92]
  → Mean MAE=23.42°C  Mean L2=0.0981  saved: annulus_nsga3_k5_dim2_v2.pt

  K-SWEEP RESULT  domain=annulus  arch=nsga3
     k    mean MAE    mean L2
     1       15.71°C     0.0772 ← best
     2       19.89°C     0.0918
     3       22.74°C     0.1062
     4       22.46°C     0.1021
     5       23.42°C     0.0981
  Registry updated: registry_v2.json

=================================================================
  [v2] K-SWEEP  domain=lshape  arch=bayesian  dim=2D
  k values: [1, 2, 3, 4, 5]
=================================================================
  LShape2D: solving FD reference on 40×40 grid…

  [v2] lshape/bayesian/k=1/dim=2D  model=FourierPINN(dim=2, arch=bayesian, fourier=64×2=128, layers=5×151, act=relu, params=111,439)
    [1/20] [0.0→1.5s]  MAE=3.46°C  L2=0.0268  (14s)  λ=[0.99,4.99,9.99]
    [2/20] [1.5→3.0s]  MAE=1.47°C  L2=0.0091  (13s)  λ=[0.99,4.98,9.99]
    [3/20] [3.0→4.5s]  MAE=1.05°C  L2=0.0076  (13s)  λ=[0.99,4.96,9.99]
    [4/20] [4.5→6.0s]  MAE=0.75°C  L2=0.0062  (13s)  λ=[0.98,4.96,9.99]
    [5/20] [6.0→7.5s]  MAE=0.56°C  L2=0.0024  (13s)  λ=[0.98,4.95,9.98]
    [6/20] [7.5→9.0s]  MAE=0.47°C  L2=0.0023  (12s)  λ=[0.98,4.92,9.98]
    [7/20] [9.0→10.5s]  MAE=0.74°C  L2=0.0059  (12s)  λ=[0.98,4.90,9.97]
    [8/20] [10.5→12.0s]  MAE=1.30°C  L2=0.0211  (13s)  λ=[0.97,4.87,9.97]
    [9/20] [12.0→13.5s]  MAE=0.66°C  L2=0.0057  (12s)  λ=[0.97,4.86,9.96]
    [10/20] [13.5→15.0s]  MAE=0.42°C  L2=0.0021  (12s)  λ=[0.96,4.85,9.96]
    [11/20] [15.0→16.5s]  MAE=1.11°C  L2=0.0216  (13s)  λ=[0.95,4.84,9.95]
    [12/20] [16.5→18.0s]  MAE=0.40°C  L2=0.0029  (12s)  λ=[0.95,4.83,9.94]
    [13/20] [18.0→19.5s]  MAE=0.34°C  L2=0.0012  (13s)  λ=[0.94,4.81,9.94]
    [14/20] [19.5→21.0s]  MAE=0.38°C  L2=0.0015  (13s)  λ=[0.94,4.78,9.93]
    [15/20] [21.0→22.5s]  MAE=1.00°C  L2=0.0171  (13s)  λ=[0.94,4.76,9.92]
    [16/20] [22.5→24.0s]  MAE=0.35°C  L2=0.0012  (13s)  λ=[0.93,4.76,9.91]
    [17/20] [24.0→25.5s]  MAE=0.35°C  L2=0.0013  (12s)  λ=[0.93,4.74,9.90]
    [18/20] [25.5→27.0s]  MAE=0.50°C  L2=0.0083  (12s)  λ=[0.93,4.74,9.89]
    [19/20] [27.0→28.5s]  MAE=0.26°C  L2=0.0009  (12s)  λ=[0.92,4.73,9.89]
    [20/20] [28.5→30.0s]  MAE=0.30°C  L2=0.0011  (12s)  λ=[0.92,4.73,9.88]
  → Mean MAE=0.79°C  Mean L2=0.0073  saved: lshape_bayesian_k1_dim2_v2.pt
  LShape2D: solving FD reference on 40×40 grid…

  [v2] lshape/bayesian/k=2/dim=2D  model=FourierPINN(dim=2, arch=bayesian, fourier=64×2=128, layers=5×151, act=relu, params=111,439)
    [1/10] [0.0→3.0s]  MAE=3.88°C  L2=0.0284  (13s)  λ=[0.99,4.99,9.99]
    [2/10] [3.0→6.0s]  MAE=1.82°C  L2=0.0106  (13s)  λ=[0.99,4.98,9.99]
    [3/10] [6.0→9.0s]  MAE=1.66°C  L2=0.0179  (13s)  λ=[0.99,4.96,9.98]
    [4/10] [9.0→12.0s]  MAE=0.79°C  L2=0.0039  (13s)  λ=[0.98,4.96,9.98]
    [5/10] [12.0→15.0s]  MAE=0.60°C  L2=0.0028  (12s)  λ=[0.98,4.94,9.98]
    [6/10] [15.0→18.0s]  MAE=0.58°C  L2=0.0026  (14s)  λ=[0.97,4.92,9.97]
    [7/10] [18.0→21.0s]  MAE=0.79°C  L2=0.0034  (13s)  λ=[0.97,4.91,9.97]
    [8/10] [21.0→24.0s]  MAE=0.94°C  L2=0.0114  (12s)  λ=[0.96,4.87,9.96]
    [9/10] [24.0→27.0s]  MAE=0.62°C  L2=0.0024  (12s)  λ=[0.96,4.86,9.95]
    [10/10] [27.0→30.0s]  MAE=0.54°C  L2=0.0046  (12s)  λ=[0.95,4.86,9.95]
  → Mean MAE=1.22°C  Mean L2=0.0088  saved: lshape_bayesian_k2_dim2_v2.pt
  LShape2D: solving FD reference on 40×40 grid…

  [v2] lshape/bayesian/k=3/dim=2D  model=FourierPINN(dim=2, arch=bayesian, fourier=64×2=128, layers=5×151, act=relu, params=111,439)
    [1/7] [0.0→4.5s]  MAE=4.63°C  L2=0.0292  (12s)  λ=[0.99,4.99,9.99]
    [2/7] [4.5→9.0s]  MAE=1.87°C  L2=0.0096  (12s)  λ=[0.99,4.98,9.99]
    [3/7] [9.0→13.5s]  MAE=1.92°C  L2=0.0176  (13s)  λ=[0.98,4.97,9.99]
    [4/7] [13.5→18.0s]  MAE=1.01°C  L2=0.0077  (13s)  λ=[0.98,4.97,9.99]
    [5/7] [18.0→22.5s]  MAE=1.05°C  L2=0.0121  (13s)  λ=[0.97,4.95,9.98]
    [6/7] [22.5→27.0s]  MAE=0.67°C  L2=0.0033  (14s)  λ=[0.97,4.94,9.98]
    [7/7] [27.0→30.0s]  MAE=0.53°C  L2=0.0024  (13s)  λ=[0.96,4.92,9.98]
  → Mean MAE=1.67°C  Mean L2=0.0117  saved: lshape_bayesian_k3_dim2_v2.pt
  LShape2D: solving FD reference on 40×40 grid…

  [v2] lshape/bayesian/k=4/dim=2D  model=FourierPINN(dim=2, arch=bayesian, fourier=64×2=128, layers=5×151, act=relu, params=111,439)
    [1/5] [0.0→6.0s]  MAE=4.19°C  L2=0.0271  (13s)  λ=[0.99,4.99,10.00]
    [2/5] [6.0→12.0s]  MAE=2.34°C  L2=0.0141  (13s)  λ=[0.99,4.98,9.99]
    [3/5] [12.0→18.0s]  MAE=1.39°C  L2=0.0075  (13s)  λ=[0.98,4.97,9.99]
    [4/5] [18.0→24.0s]  MAE=0.97°C  L2=0.0050  (13s)  λ=[0.98,4.97,9.99]
    [5/5] [24.0→30.0s]  MAE=0.87°C  L2=0.0065  (12s)  λ=[0.97,4.96,9.99]
  → Mean MAE=1.95°C  Mean L2=0.0121  saved: lshape_bayesian_k4_dim2_v2.pt
  LShape2D: solving FD reference on 40×40 grid…

  [v2] lshape/bayesian/k=5/dim=2D  model=FourierPINN(dim=2, arch=bayesian, fourier=64×2=128, layers=5×151, act=relu, params=111,439)
    [1/4] [0.0→7.5s]  MAE=4.25°C  L2=0.0249  (13s)  λ=[0.99,4.99,9.99]
    [2/4] [7.5→15.0s]  MAE=2.09°C  L2=0.0092  (12s)  λ=[0.99,4.98,9.99]
    [3/4] [15.0→22.5s]  MAE=1.64°C  L2=0.0093  (14s)  λ=[0.98,4.98,9.99]
    [4/4] [22.5→30.0s]  MAE=0.94°C  L2=0.0044  (13s)  λ=[0.97,4.97,9.99]
  → Mean MAE=2.23°C  Mean L2=0.0120  saved: lshape_bayesian_k5_dim2_v2.pt

  K-SWEEP RESULT  domain=lshape  arch=bayesian
     k    mean MAE    mean L2
     1        0.79°C     0.0073 ← best
     2        1.22°C     0.0088
     3        1.67°C     0.0117
     4        1.95°C     0.0121
     5        2.23°C     0.0120
  Registry updated: registry_v2.json

=================================================================
  [v2] K-SWEEP  domain=lshape  arch=nsga2  dim=2D
  k values: [1, 2, 3, 4, 5]
=================================================================
  LShape2D: solving FD reference on 40×40 grid…

  [v2] lshape/nsga2/k=1/dim=2D  model=FourierPINN(dim=2, arch=nsga2, fourier=64×2=128, layers=3×153, act=tanh, params=67,015)
    [1/20] [0.0→1.5s]  MAE=5.87°C  L2=0.0376  (12s)  λ=[1.00,4.99,9.99]
    [2/20] [1.5→3.0s]  MAE=2.59°C  L2=0.0171  (11s)  λ=[1.00,4.96,9.99]
    [3/20] [3.0→4.5s]  MAE=2.40°C  L2=0.0172  (12s)  λ=[0.99,4.93,9.98]
    [4/20] [4.5→6.0s]  MAE=1.71°C  L2=0.0097  (12s)  λ=[0.99,4.90,9.98]
    [5/20] [6.0→7.5s]  MAE=1.43°C  L2=0.0119  (12s)  λ=[0.99,4.86,9.97]
    [6/20] [7.5→9.0s]  MAE=1.35°C  L2=0.0080  (11s)  λ=[0.99,4.83,9.97]
    [7/20] [9.0→10.5s]  MAE=1.44°C  L2=0.0080  (11s)  λ=[0.99,4.80,9.97]
    [8/20] [10.5→12.0s]  MAE=1.40°C  L2=0.0144  (12s)  λ=[0.98,4.76,9.96]
    [9/20] [12.0→13.5s]  MAE=1.19°C  L2=0.0058  (12s)  λ=[0.98,4.73,9.96]
    [10/20] [13.5→15.0s]  MAE=0.80°C  L2=0.0042  (12s)  λ=[0.98,4.73,9.96]
    [11/20] [15.0→16.5s]  MAE=0.87°C  L2=0.0048  (12s)  λ=[0.98,4.70,9.96]
    [12/20] [16.5→18.0s]  MAE=0.64°C  L2=0.0037  (12s)  λ=[0.98,4.70,9.95]
    [13/20] [18.0→19.5s]  MAE=0.62°C  L2=0.0032  (12s)  λ=[0.98,4.66,9.95]
    [14/20] [19.5→21.0s]  MAE=0.62°C  L2=0.0034  (12s)  λ=[0.97,4.62,9.95]
    [15/20] [21.0→22.5s]  MAE=0.99°C  L2=0.0131  (11s)  λ=[0.97,4.59,9.95]
    [16/20] [22.5→24.0s]  MAE=0.62°C  L2=0.0037  (11s)  λ=[0.97,4.57,9.94]
    [17/20] [24.0→25.5s]  MAE=0.60°C  L2=0.0029  (11s)  λ=[0.97,4.55,9.94]
    [18/20] [25.5→27.0s]  MAE=0.67°C  L2=0.0074  (12s)  λ=[0.97,4.51,9.94]
    [19/20] [27.0→28.5s]  MAE=0.68°C  L2=0.0032  (11s)  λ=[0.97,4.49,9.94]
    [20/20] [28.5→30.0s]  MAE=0.49°C  L2=0.0022  (11s)  λ=[0.96,4.46,9.94]
  → Mean MAE=1.35°C  Mean L2=0.0091  saved: lshape_nsga2_k1_dim2_v2.pt
  LShape2D: solving FD reference on 40×40 grid…

  [v2] lshape/nsga2/k=2/dim=2D  model=FourierPINN(dim=2, arch=nsga2, fourier=64×2=128, layers=3×153, act=tanh, params=67,015)
    [1/10] [0.0→3.0s]  MAE=6.35°C  L2=0.0435  (12s)  λ=[1.00,4.99,9.99]
    [2/10] [3.0→6.0s]  MAE=2.48°C  L2=0.0159  (11s)  λ=[1.00,4.96,9.99]
    [3/10] [6.0→9.0s]  MAE=2.10°C  L2=0.0160  (12s)  λ=[0.99,4.93,9.98]
    [4/10] [9.0→12.0s]  MAE=1.45°C  L2=0.0076  (12s)  λ=[0.99,4.91,9.98]
    [5/10] [12.0→15.0s]  MAE=1.24°C  L2=0.0062  (11s)  λ=[0.99,4.88,9.98]
    [6/10] [15.0→18.0s]  MAE=1.20°C  L2=0.0066  (12s)  λ=[0.99,4.85,9.97]
    [7/10] [18.0→21.0s]  MAE=1.05°C  L2=0.0054  (12s)  λ=[0.99,4.81,9.97]
    [8/10] [21.0→24.0s]  MAE=1.19°C  L2=0.0103  (11s)  λ=[0.98,4.77,9.97]
    [9/10] [24.0→27.0s]  MAE=0.96°C  L2=0.0065  (12s)  λ=[0.98,4.75,9.97]
    [10/10] [27.0→30.0s]  MAE=0.59°C  L2=0.0028  (11s)  λ=[0.98,4.75,9.96]
  → Mean MAE=1.86°C  Mean L2=0.0121  saved: lshape_nsga2_k2_dim2_v2.pt
  LShape2D: solving FD reference on 40×40 grid…

  [v2] lshape/nsga2/k=3/dim=2D  model=FourierPINN(dim=2, arch=nsga2, fourier=64×2=128, layers=3×153, act=tanh, params=67,015)
    [1/7] [0.0→4.5s]  MAE=6.28°C  L2=0.0320  (11s)  λ=[1.00,4.99,10.00]
    [2/7] [4.5→9.0s]  MAE=2.49°C  L2=0.0144  (11s)  λ=[1.00,4.96,9.99]
    [3/7] [9.0→13.5s]  MAE=2.21°C  L2=0.0145  (12s)  λ=[0.99,4.92,9.99]
    [4/7] [13.5→18.0s]  MAE=1.41°C  L2=0.0074  (12s)  λ=[0.99,4.90,9.98]
    [5/7] [18.0→22.5s]  MAE=1.24°C  L2=0.0054  (11s)  λ=[0.99,4.87,9.98]
    [6/7] [22.5→27.0s]  MAE=1.08°C  L2=0.0058  (11s)  λ=[0.99,4.83,9.98]
    [7/7] [27.0→30.0s]  MAE=1.02°C  L2=0.0052  (11s)  λ=[0.99,4.80,9.98]
  → Mean MAE=2.25°C  Mean L2=0.0121  saved: lshape_nsga2_k3_dim2_v2.pt
  LShape2D: solving FD reference on 40×40 grid…

  [v2] lshape/nsga2/k=4/dim=2D  model=FourierPINN(dim=2, arch=nsga2, fourier=64×2=128, layers=3×153, act=tanh, params=67,015)
    [1/5] [0.0→6.0s]  MAE=7.15°C  L2=0.0414  (11s)  λ=[1.00,4.99,9.99]
    [2/5] [6.0→12.0s]  MAE=2.52°C  L2=0.0129  (11s)  λ=[1.00,4.96,9.99]
    [3/5] [12.0→18.0s]  MAE=1.66°C  L2=0.0095  (12s)  λ=[0.99,4.92,9.99]
    [4/5] [18.0→24.0s]  MAE=1.22°C  L2=0.0067  (13s)  λ=[0.99,4.90,9.99]
    [5/5] [24.0→30.0s]  MAE=0.95°C  L2=0.0046  (11s)  λ=[0.99,4.87,9.98]
  → Mean MAE=2.70°C  Mean L2=0.0150  saved: lshape_nsga2_k4_dim2_v2.pt
  LShape2D: solving FD reference on 40×40 grid…

  [v2] lshape/nsga2/k=5/dim=2D  model=FourierPINN(dim=2, arch=nsga2, fourier=64×2=128, layers=3×153, act=tanh, params=67,015)
    [1/4] [0.0→7.5s]  MAE=6.58°C  L2=0.0322  (11s)  λ=[1.00,4.99,10.00]
    [2/4] [7.5→15.0s]  MAE=2.80°C  L2=0.0133  (12s)  λ=[1.00,4.96,9.99]
    [3/4] [15.0→22.5s]  MAE=1.74°C  L2=0.0097  (13s)  λ=[0.99,4.93,9.99]
    [4/4] [22.5→30.0s]  MAE=1.17°C  L2=0.0049  (12s)  λ=[0.99,4.91,9.99]
  → Mean MAE=3.07°C  Mean L2=0.0150  saved: lshape_nsga2_k5_dim2_v2.pt

  K-SWEEP RESULT  domain=lshape  arch=nsga2
     k    mean MAE    mean L2
     1        1.35°C     0.0091 ← best
     2        1.86°C     0.0121
     3        2.25°C     0.0121
     4        2.70°C     0.0150
     5        3.07°C     0.0150
  Registry updated: registry_v2.json

=================================================================
  [v2] K-SWEEP  domain=lshape  arch=nsga3  dim=2D
  k values: [1, 2, 3, 4, 5]
=================================================================
  LShape2D: solving FD reference on 40×40 grid…

  [v2] lshape/nsga3/k=1/dim=2D  model=FourierPINN(dim=2, arch=nsga3, fourier=64×2=128, layers=3×75, act=tanh, params=21,151)
    [1/20] [0.0→1.5s]  MAE=7.19°C  L2=0.0477  (12s)  λ=[1.00,4.99,9.99]
    [2/20] [1.5→3.0s]  MAE=3.34°C  L2=0.0199  (11s)  λ=[1.00,4.96,9.99]
    [3/20] [3.0→4.5s]  MAE=3.08°C  L2=0.0187  (12s)  λ=[0.99,4.93,9.98]
    [4/20] [4.5→6.0s]  MAE=2.37°C  L2=0.0172  (11s)  λ=[0.99,4.90,9.98]
    [5/20] [6.0→7.5s]  MAE=1.73°C  L2=0.0106  (12s)  λ=[0.99,4.86,9.97]
    [6/20] [7.5→9.0s]  MAE=1.37°C  L2=0.0072  (12s)  λ=[0.99,4.83,9.97]
    [7/20] [9.0→10.5s]  MAE=1.47°C  L2=0.0076  (12s)  λ=[0.99,4.79,9.96]
    [8/20] [10.5→12.0s]  MAE=1.59°C  L2=0.0112  (12s)  λ=[0.98,4.76,9.96]
    [9/20] [12.0→13.5s]  MAE=1.42°C  L2=0.0084  (11s)  λ=[0.98,4.72,9.95]
    [10/20] [13.5→15.0s]  MAE=1.03°C  L2=0.0050  (11s)  λ=[0.98,4.72,9.95]
    [11/20] [15.0→16.5s]  MAE=0.96°C  L2=0.0052  (12s)  λ=[0.98,4.69,9.95]
    [12/20] [16.5→18.0s]  MAE=0.87°C  L2=0.0039  (12s)  λ=[0.97,4.69,9.95]
    [13/20] [18.0→19.5s]  MAE=0.74°C  L2=0.0034  (11s)  λ=[0.97,4.65,9.94]
    [14/20] [19.5→21.0s]  MAE=0.72°C  L2=0.0037  (12s)  λ=[0.97,4.61,9.94]
    [15/20] [21.0→22.5s]  MAE=1.01°C  L2=0.0110  (11s)  λ=[0.97,4.58,9.94]
    [16/20] [22.5→24.0s]  MAE=0.54°C  L2=0.0029  (12s)  λ=[0.97,4.55,9.93]
    [17/20] [24.0→25.5s]  MAE=0.57°C  L2=0.0028  (12s)  λ=[0.96,4.52,9.93]
    [18/20] [25.5→27.0s]  MAE=0.85°C  L2=0.0090  (12s)  λ=[0.96,4.49,9.93]
    [19/20] [27.0→28.5s]  MAE=0.76°C  L2=0.0037  (14s)  λ=[0.96,4.46,9.93]
    [20/20] [28.5→30.0s]  MAE=0.64°C  L2=0.0033  (12s)  λ=[0.96,4.43,9.92]
  → Mean MAE=1.61°C  Mean L2=0.0101  saved: lshape_nsga3_k1_dim2_v2.pt
  LShape2D: solving FD reference on 40×40 grid…

  [v2] lshape/nsga3/k=2/dim=2D  model=FourierPINN(dim=2, arch=nsga3, fourier=64×2=128, layers=3×75, act=tanh, params=21,151)
    [1/10] [0.0→3.0s]  MAE=6.36°C  L2=0.0326  (12s)  λ=[1.00,4.99,9.99]
    [2/10] [3.0→6.0s]  MAE=3.67°C  L2=0.0208  (12s)  λ=[1.00,4.96,9.99]
    [3/10] [6.0→9.0s]  MAE=2.63°C  L2=0.0151  (12s)  λ=[0.99,4.92,9.98]
    [4/10] [9.0→12.0s]  MAE=1.90°C  L2=0.0110  (11s)  λ=[0.99,4.90,9.97]
    [5/10] [12.0→15.0s]  MAE=1.58°C  L2=0.0089  (11s)  λ=[0.99,4.86,9.96]
    [6/10] [15.0→18.0s]  MAE=1.39°C  L2=0.0077  (11s)  λ=[0.99,4.82,9.96]
    [7/10] [18.0→21.0s]  MAE=1.24°C  L2=0.0062  (12s)  λ=[0.98,4.79,9.96]
    [8/10] [21.0→24.0s]  MAE=1.32°C  L2=0.0112  (11s)  λ=[0.98,4.75,9.95]
    [9/10] [24.0→27.0s]  MAE=1.02°C  L2=0.0050  (11s)  λ=[0.98,4.72,9.95]
    [10/10] [27.0→30.0s]  MAE=0.73°C  L2=0.0030  (11s)  λ=[0.98,4.71,9.95]
  → Mean MAE=2.18°C  Mean L2=0.0121  saved: lshape_nsga3_k2_dim2_v2.pt
  LShape2D: solving FD reference on 40×40 grid…

  [v2] lshape/nsga3/k=3/dim=2D  model=FourierPINN(dim=2, arch=nsga3, fourier=64×2=128, layers=3×75, act=tanh, params=21,151)
    [1/7] [0.0→4.5s]  MAE=6.50°C  L2=0.0356  (12s)  λ=[1.00,4.99,9.99]
    [2/7] [4.5→9.0s]  MAE=3.13°C  L2=0.0151  (11s)  λ=[1.00,4.96,9.99]
    [3/7] [9.0→13.5s]  MAE=1.99°C  L2=0.0118  (11s)  λ=[0.99,4.92,9.98]
    [4/7] [13.5→18.0s]  MAE=1.46°C  L2=0.0080  (11s)  λ=[0.99,4.90,9.98]
    [5/7] [18.0→22.5s]  MAE=1.34°C  L2=0.0067  (11s)  λ=[0.99,4.86,9.97]
    [6/7] [22.5→27.0s]  MAE=1.17°C  L2=0.0055  (12s)  λ=[0.99,4.82,9.97]
    [7/7] [27.0→30.0s]  MAE=1.24°C  L2=0.0054  (11s)  λ=[0.98,4.79,9.97]
  → Mean MAE=2.41°C  Mean L2=0.0126  saved: lshape_nsga3_k3_dim2_v2.pt
  LShape2D: solving FD reference on 40×40 grid…

  [v2] lshape/nsga3/k=4/dim=2D  model=FourierPINN(dim=2, arch=nsga3, fourier=64×2=128, layers=3×75, act=tanh, params=21,151)
    [1/5] [0.0→6.0s]  MAE=7.50°C  L2=0.0352  (12s)  λ=[1.00,4.98,9.99]
    [2/5] [6.0→12.0s]  MAE=3.19°C  L2=0.0182  (11s)  λ=[1.00,4.96,9.99]
    [3/5] [12.0→18.0s]  MAE=2.04°C  L2=0.0165  (11s)  λ=[0.99,4.93,9.98]
    [4/5] [18.0→24.0s]  MAE=1.40°C  L2=0.0073  (11s)  λ=[0.99,4.90,9.97]
    [5/5] [24.0→30.0s]  MAE=1.18°C  L2=0.0054  (13s)  λ=[0.99,4.87,9.97]
  → Mean MAE=3.06°C  Mean L2=0.0165  saved: lshape_nsga3_k4_dim2_v2.pt
  LShape2D: solving FD reference on 40×40 grid…

  [v2] lshape/nsga3/k=5/dim=2D  model=FourierPINN(dim=2, arch=nsga3, fourier=64×2=128, layers=3×75, act=tanh, params=21,151)
    [1/4] [0.0→7.5s]  MAE=7.49°C  L2=0.0328  (12s)  λ=[1.00,4.98,9.99]
    [2/4] [7.5→15.0s]  MAE=3.60°C  L2=0.0232  (11s)  λ=[0.99,4.95,9.99]
    [3/4] [15.0→22.5s]  MAE=2.12°C  L2=0.0126  (11s)  λ=[0.99,4.92,9.98]
    [4/4] [22.5→30.0s]  MAE=1.44°C  L2=0.0076  (11s)  λ=[0.99,4.89,9.98]
  → Mean MAE=3.66°C  Mean L2=0.0190  saved: lshape_nsga3_k5_dim2_v2.pt

  K-SWEEP RESULT  domain=lshape  arch=nsga3
     k    mean MAE    mean L2
     1        1.61°C     0.0101 ← best
     2        2.18°C     0.0121
     3        2.41°C     0.0126
     4        3.06°C     0.0165
     5        3.66°C     0.0190
  Registry updated: registry_v2.json
