NAS_PINNs_burgers2d_nsga3.py --profile paper_baseline --seed 42 --save-dir results/pipeline_runs/20260303_222758_advection_burgers2d/artifacts/burgers2d/nsga3/run_01
NAS_PINNs_burgers2d_nsga3.py --profile paper_baseline --seed 43 --save-dir results/pipeline_runs/20260303_222758_advection_burgers2d/artifacts/burgers2d/nsga3/run_02
NAS_PINNs_burgers2d_nsga3.py --profile paper_baseline --seed 44 --save-dir results/pipeline_runs/20260303_222758_advection_burgers2d/artifacts/burgers2d/nsga3/run_03
NAS_PINNs_burgers2d_nsga3.py --profile paper_baseline --seed 45 --save-dir results/pipeline_runs/20260303_222758_advection_burgers2d/artifacts/burgers2d/nsga3/run_04
NAS_PINNs_burgers2d_nsga3.py --profile paper_baseline --seed 46 --save-dir results/pipeline_runs/20260303_222758_advection_burgers2d/artifacts/burgers2d/nsga3/run_05
Starting NSGA-III architecture search (2D Burgers)
Adam [    0] loss: 8.2359e+01
Adam [  199] loss: 3.7266e-02
Adam [    0] loss: 1.9010e+01
Adam [  199] loss: 1.3999e-02
Adam [    0] loss: 9.5326e+01
Adam [  199] loss: 3.9492e-01
Adam [    0] loss: 7.4956e+01
Adam [  199] loss: 1.1429e-02
Adam [    0] loss: 1.9751e+01
Adam [  199] loss: 1.4379e-02
Adam [    0] loss: 1.3730e+02
Adam [  199] loss: 3.9627e-01
Adam [    0] loss: 4.3388e+01
Adam [  199] loss: 1.3806e-01
Adam [    0] loss: 2.0901e+02
Adam [  199] loss: 1.5102e-01
Adam [    0] loss: 1.3912e+02
Adam [  199] loss: 1.9416e-01
Adam [    0] loss: 2.9902e+01
Adam [  199] loss: 2.7711e-01
Adam [    0] loss: 4.1766e+01
Adam [  199] loss: 4.3317e-01
Adam [    0] loss: 4.9329e+01
Adam [  199] loss: 1.3460e-02
Adam [    0] loss: 9.4421e+01
Adam [  199] loss: 8.5502e-02
Adam [    0] loss: 1.0785e+02
Adam [  199] loss: 4.9831e-01
Adam [    0] loss: 2.4964e+01
Adam [  199] loss: 7.9553e-03
Adam [    0] loss: 1.0429e+02
Adam [  199] loss: 2.0717e-02
Adam [    0] loss: 1.0158e+02
Adam [  199] loss: 2.3000e+00
Adam [    0] loss: 3.8234e+01
Adam [  199] loss: 4.7985e-02
Adam [    0] loss: 6.1794e+01
Adam [  199] loss: 2.6650e-02
Adam [    0] loss: 7.0610e+01
Adam [  199] loss: 1.4175e-01
Adam [    0] loss: 7.4191e+01
Adam [  199] loss: 3.4886e-01
Adam [    0] loss: 1.1467e+02
Adam [  199] loss: 2.9606e-02
Adam [    0] loss: 5.8689e+01
Adam [  199] loss: 6.9748e-02
Adam [    0] loss: 4.8333e+01
Adam [  199] loss: 3.5859e-01
Adam [    0] loss: 1.4311e+02
Adam [  199] loss: 2.2623e-01
Adam [    0] loss: 1.8344e+02
Adam [  199] loss: 5.0388e-01
Adam [    0] loss: 3.3510e+01
Adam [  199] loss: 2.5437e-02
Adam [    0] loss: 3.7939e+01
Adam [  199] loss: 8.4544e-03
Adam [    0] loss: 2.3909e+01
Adam [  199] loss: 3.6191e-02
Adam [    0] loss: 1.9362e+02
Adam [  199] loss: 1.8846e-01
==========================================================
n_gen  |  n_eval  | n_nds  |      eps      |   indicator  
==========================================================
     1 |       30 |      4 |             - |             -
Adam [    0] loss: 2.4094e+01
Adam [  199] loss: 5.5353e-02
Adam [    0] loss: 1.8569e+02
Adam [  199] loss: 6.5822e-02
Adam [    0] loss: 5.4878e+01
Adam [  199] loss: 4.1343e-02
Adam [    0] loss: 1.4086e+02
Adam [  199] loss: 2.4661e-02
Adam [    0] loss: 1.9748e+01
Adam [  199] loss: 2.3297e-01
Adam [    0] loss: 8.0734e+01
Adam [  199] loss: 4.1409e-01
Adam [    0] loss: 6.7646e+01
Adam [  199] loss: 1.5919e-01
Adam [    0] loss: 1.4823e+02
Adam [  199] loss: 2.8535e-01
Adam [    0] loss: 1.0096e+02
Adam [  199] loss: 7.5456e-03
Adam [    0] loss: 1.8862e+02
Adam [  199] loss: 6.4777e-02
Adam [    0] loss: 4.1182e+01
Adam [  199] loss: 1.4347e-01
Adam [    0] loss: 4.1915e+01
Adam [  199] loss: 5.6730e-03
Adam [    0] loss: 2.0042e+02
Adam [  199] loss: 3.0289e+00
Adam [    0] loss: 6.9628e+01
Adam [  199] loss: 1.0992e-02
Adam [    0] loss: 5.9662e+01
Adam [  199] loss: 1.2150e-02
Adam [    0] loss: 9.6593e+01
Adam [  199] loss: 1.2605e-01
Adam [    0] loss: 7.7998e+01
Adam [  199] loss: 2.8661e+00
Adam [    0] loss: 5.3454e+01
Adam [  199] loss: 1.2952e-02
Adam [    0] loss: 1.1447e+02
Adam [  199] loss: 2.7008e-01
Adam [    0] loss: 2.9987e+01
Adam [  199] loss: 9.5817e-03
Adam [    0] loss: 1.0167e+02
Adam [  199] loss: 2.7757e-02
Adam [    0] loss: 1.9922e+01
Adam [  199] loss: 1.2063e-01
Adam [    0] loss: 8.1703e+01
Adam [  199] loss: 1.1468e-01
Adam [    0] loss: 3.0327e+02
Adam [  199] loss: 8.1312e-02
Adam [    0] loss: 5.9628e+01
Adam [  199] loss: 5.0595e-02
Adam [    0] loss: 6.7448e+01
Adam [  199] loss: 2.1983e-01
Adam [    0] loss: 2.2247e+01
Adam [  199] loss: 1.3443e-02
Adam [    0] loss: 2.2123e+02
Adam [  199] loss: 3.0417e+00
Adam [    0] loss: 3.7662e+01
Adam [  199] loss: 1.6468e-02
Adam [    0] loss: 5.0197e+01
Adam [  199] loss: 6.9114e-02
     2 |       60 |      3 |  0.0045811398 |         ideal
Adam [    0] loss: 1.8974e+01
Adam [  199] loss: 1.5920e-02
Adam [    0] loss: 4.3033e+01
Adam [  199] loss: 1.9472e-01
Adam [    0] loss: 1.5476e+01
Adam [  199] loss: 3.0262e-02
Adam [    0] loss: 2.7317e+01
Adam [  199] loss: 1.4956e-02
Adam [    0] loss: 1.1008e+02
Adam [  199] loss: 1.6769e+00
Adam [    0] loss: 9.0890e+00
Adam [  199] loss: 1.0396e-02
Adam [    0] loss: 4.1695e+01
Adam [  199] loss: 3.3274e-01
Adam [    0] loss: 2.5334e+02
Adam [  199] loss: 6.3251e-02
Adam [    0] loss: 1.4996e+02
Adam [  199] loss: 7.0986e-01
Adam [    0] loss: 2.2285e+02
Adam [  199] loss: 3.3450e-01
Adam [    0] loss: 7.0216e+01
Adam [  199] loss: 1.7727e-02
Adam [    0] loss: 3.1584e+01
Adam [  199] loss: 1.3831e-02
Adam [    0] loss: 1.2297e+02
Adam [  199] loss: 2.5400e-01
Adam [    0] loss: 7.3240e+01
Adam [  199] loss: 3.4923e-02
Adam [    0] loss: 1.0593e+02
Adam [  199] loss: 6.3634e-02
Adam [    0] loss: 2.5141e+01
Adam [  199] loss: 8.0770e-02
Adam [    0] loss: 1.2000e+02
Adam [  199] loss: 1.4952e-01
Adam [    0] loss: 6.9372e+01
Adam [  199] loss: 2.2334e-01
Adam [    0] loss: 3.6875e+01
Adam [  199] loss: 1.7136e+00
Adam [    0] loss: 5.3664e+01
Adam [  199] loss: 1.0343e-01
Adam [    0] loss: 5.2533e+01
Adam [  199] loss: 1.3698e-01
Adam [    0] loss: 5.0372e+01
Adam [  199] loss: 2.9630e-02
Adam [    0] loss: 5.2490e+01
Adam [  199] loss: 1.0849e-02
Adam [    0] loss: 8.3283e+01
Adam [  199] loss: 3.8429e-02
Adam [    0] loss: 9.1401e+01
Adam [  199] loss: 2.3528e-02
Adam [    0] loss: 2.6875e+01
Adam [  199] loss: 2.4542e-01
Adam [    0] loss: 1.2040e+02
Adam [  199] loss: 4.2249e-01
Adam [    0] loss: 1.5516e+02
Adam [  199] loss: 2.5564e-02
Adam [    0] loss: 2.0109e+02
Adam [  199] loss: 1.3627e-01
Adam [    0] loss: 1.1000e+02
Adam [  199] loss: 3.8573e-02
     3 |       90 |      5 |  0.0718647705 |             f
Adam [    0] loss: 1.1086e+02
Adam [  199] loss: 1.0827e-01
Adam [    0] loss: 2.9082e+02
Adam [  199] loss: 1.3896e-01
Adam [    0] loss: 1.6541e+02
Adam [  199] loss: 6.9842e-01
Adam [    0] loss: 2.1857e+02
Adam [  199] loss: 4.8867e-01
Adam [    0] loss: 6.9825e+01
Adam [  199] loss: 5.7422e-01
Adam [    0] loss: 6.2387e+02
Adam [  199] loss: 1.4940e+00
Adam [    0] loss: 4.4186e+01
Adam [  199] loss: 2.6747e-02
Adam [    0] loss: 1.7155e+01
Adam [  199] loss: 1.0581e-01
Adam [    0] loss: 1.2410e+02
Adam [  199] loss: 7.0972e-01
Adam [    0] loss: 2.0428e+02
Adam [  199] loss: 2.0472e-01
Adam [    0] loss: 4.8714e+02
Adam [  199] loss: 3.5955e-01
Adam [    0] loss: 2.5976e+02
Adam [  199] loss: 5.0554e-01
Adam [    0] loss: 7.9916e+01
Adam [  199] loss: 5.0224e-02
Adam [    0] loss: 9.6211e+01
Adam [  199] loss: 7.8873e-02
Adam [    0] loss: 6.9559e+01
Adam [  199] loss: 1.5264e-02
Adam [    0] loss: 2.0232e+02
Adam [  199] loss: 4.0409e-02
Adam [    0] loss: 4.1306e+02
Adam [  199] loss: 1.1645e+00
Adam [    0] loss: 5.7617e+01
Adam [  199] loss: 1.4524e-02
Adam [    0] loss: 3.9271e+01
Adam [  199] loss: 9.0262e-03
Adam [    0] loss: 7.1604e+01
Adam [  199] loss: 3.1740e-02
Adam [    0] loss: 6.7056e+01
Adam [  199] loss: 3.4063e-02
Adam [    0] loss: 1.0767e+02
Adam [  199] loss: 2.5365e-02
Adam [    0] loss: 9.9789e+01
Adam [  199] loss: 2.9414e-01
Adam [    0] loss: 2.5529e+02
Adam [  199] loss: 3.3094e-01
Adam [    0] loss: 4.1757e+01
Adam [  199] loss: 1.8327e-02
Adam [    0] loss: 2.3406e+01
Adam [  199] loss: 1.8582e-02
Adam [    0] loss: 9.1517e+01
Adam [  199] loss: 1.0923e-02
Adam [    0] loss: 1.4645e+02
Adam [  199] loss: 1.7874e-01
Adam [    0] loss: 6.7678e+01
Adam [  199] loss: 1.4611e-01
Adam [    0] loss: 5.2238e+01
Adam [  199] loss: 1.5718e-02
     4 |      120 |      4 |  0.0041325536 |         ideal
Adam [    0] loss: 5.2344e+01
Adam [  199] loss: 1.2877e-01
Adam [    0] loss: 1.1121e+02
Adam [  199] loss: 3.1467e-01
Adam [    0] loss: 5.9470e+01
Adam [  199] loss: 1.8485e-02
Adam [    0] loss: 1.1201e+01
Adam [  199] loss: 2.0440e-02
Adam [    0] loss: 4.1588e+01
Adam [  199] loss: 1.1364e-01
Adam [    0] loss: 5.7468e+01
Adam [  199] loss: 1.3242e-02
Adam [    0] loss: 2.5110e+02
Adam [  199] loss: 1.4105e-01
Adam [    0] loss: 1.7673e+02
Adam [  199] loss: 2.5726e-01
Adam [    0] loss: 4.6378e+02
Adam [  199] loss: 7.0601e-02
Adam [    0] loss: 1.5510e+02
Adam [  199] loss: 6.7348e-02
Adam [    0] loss: 9.8523e+01
Adam [  199] loss: 4.7626e-01
Adam [    0] loss: 5.9958e+02
Adam [  199] loss: 5.9575e-01
Adam [    0] loss: 5.0859e+01
Adam [  199] loss: 1.0737e-01
Adam [    0] loss: 3.4958e+01
Adam [  199] loss: 3.2956e-02
Adam [    0] loss: 1.0258e+02
Adam [  199] loss: 6.9146e-02
Adam [    0] loss: 5.0370e+02
Adam [  199] loss: 1.7159e-01
Adam [    0] loss: 4.8468e+01
Adam [  199] loss: 1.3458e-02
Adam [    0] loss: 1.5190e+01
Adam [  199] loss: 1.3067e-02
Adam [    0] loss: 4.0968e+01
Adam [  199] loss: 3.9308e-02
Adam [    0] loss: 7.4610e+01
Adam [  199] loss: 2.0982e-02
Adam [    0] loss: 5.9208e+01
Adam [  199] loss: 3.7456e-01
Adam [    0] loss: 1.6084e+01
Adam [  199] loss: 3.2489e-02
Adam [    0] loss: 2.2125e+02
Adam [  199] loss: 2.7466e-01
Adam [    0] loss: 6.1884e+01
Adam [  199] loss: 5.2713e-01
Adam [    0] loss: 9.0148e+01
Adam [  199] loss: 7.3683e-02
Adam [    0] loss: 4.7380e+01
Adam [  199] loss: 1.4781e-01
Adam [    0] loss: 2.3925e+02
Adam [  199] loss: 3.8768e-01
Adam [    0] loss: 1.6180e+02
Adam [  199] loss: 8.5457e-02
Adam [    0] loss: 1.5925e+02
Adam [  199] loss: 5.5611e-01
Adam [    0] loss: 1.3832e+02
Adam [  199] loss: 6.8716e-01
     5 |      150 |      5 |  3.6296470774 |         nadir
Adam [    0] loss: 7.4029e+01
Adam [  199] loss: 3.0026e-01
Adam [    0] loss: 5.3715e+01
Adam [  199] loss: 1.5819e+00
Adam [    0] loss: 8.8686e+01
Adam [  199] loss: 9.5991e-03
Adam [    0] loss: 4.0643e+01
Adam [  199] loss: 3.9154e-02
Adam [    0] loss: 1.8021e+02
