NAS_PINNs_burgers2d_nsga2.py --profile paper_baseline --seed 42 --save-dir results/pipeline_runs/20260303_222758_advection_burgers2d/artifacts/burgers2d/nsga2/run_01
NAS_PINNs_burgers2d_nsga2.py --profile paper_baseline --seed 43 --save-dir results/pipeline_runs/20260303_222758_advection_burgers2d/artifacts/burgers2d/nsga2/run_02
NAS_PINNs_burgers2d_nsga2.py --profile paper_baseline --seed 44 --save-dir results/pipeline_runs/20260303_222758_advection_burgers2d/artifacts/burgers2d/nsga2/run_03
NAS_PINNs_burgers2d_nsga2.py --profile paper_baseline --seed 45 --save-dir results/pipeline_runs/20260303_222758_advection_burgers2d/artifacts/burgers2d/nsga2/run_04
NAS_PINNs_burgers2d_nsga2.py --profile paper_baseline --seed 46 --save-dir results/pipeline_runs/20260303_222758_advection_burgers2d/artifacts/burgers2d/nsga2/run_05
Starting NSGA-II architecture search (2D Burgers)
Adam [    0] loss: 8.2359e+01
Adam [  199] loss: 3.7266e-02
Adam [    0] loss: 1.9010e+01
Adam [  199] loss: 1.3999e-02
Adam [    0] loss: 9.5326e+01
Adam [  199] loss: 3.9492e-01
Adam [    0] loss: 7.4956e+01
Adam [  199] loss: 1.1429e-02
Adam [    0] loss: 1.9751e+01
Adam [  199] loss: 1.4379e-02
Adam [    0] loss: 1.3730e+02
Adam [  199] loss: 3.9627e-01
Adam [    0] loss: 4.3388e+01
Adam [  199] loss: 1.3806e-01
Adam [    0] loss: 2.0901e+02
Adam [  199] loss: 1.5102e-01
Adam [    0] loss: 1.3912e+02
Adam [  199] loss: 1.9416e-01
Adam [    0] loss: 2.9902e+01
Adam [  199] loss: 2.7711e-01
Adam [    0] loss: 4.1766e+01
Adam [  199] loss: 4.3317e-01
Adam [    0] loss: 4.9329e+01
Adam [  199] loss: 1.3460e-02
Adam [    0] loss: 9.4421e+01
Adam [  199] loss: 8.5502e-02
Adam [    0] loss: 1.0785e+02
Adam [  199] loss: 4.9831e-01
Adam [    0] loss: 2.4964e+01
Adam [  199] loss: 7.9553e-03
Adam [    0] loss: 1.0429e+02
Adam [  199] loss: 2.0717e-02
Adam [    0] loss: 1.0158e+02
Adam [  199] loss: 2.3000e+00
Adam [    0] loss: 3.8234e+01
Adam [  199] loss: 4.7985e-02
Adam [    0] loss: 6.1794e+01
Adam [  199] loss: 2.6650e-02
Adam [    0] loss: 7.0610e+01
Adam [  199] loss: 1.4175e-01
Adam [    0] loss: 7.4191e+01
Adam [  199] loss: 3.4886e-01
Adam [    0] loss: 1.1467e+02
Adam [  199] loss: 2.9606e-02
Adam [    0] loss: 5.8689e+01
Adam [  199] loss: 6.9748e-02
Adam [    0] loss: 4.8333e+01
Adam [  199] loss: 3.5859e-01
Adam [    0] loss: 1.4311e+02
Adam [  199] loss: 2.2623e-01
Adam [    0] loss: 1.8344e+02
Adam [  199] loss: 5.0388e-01
Adam [    0] loss: 3.3510e+01
Adam [  199] loss: 2.5437e-02
Adam [    0] loss: 3.7939e+01
Adam [  199] loss: 8.4544e-03
Adam [    0] loss: 2.3909e+01
Adam [  199] loss: 3.6191e-02
Adam [    0] loss: 1.9362e+02
Adam [  199] loss: 1.8846e-01
==========================================================
n_gen  |  n_eval  | n_nds  |      eps      |   indicator  
==========================================================
     1 |       30 |      6 |             - |             -
Adam [    0] loss: 5.2049e+01
Adam [  199] loss: 1.2331e-02
Adam [    0] loss: 2.7533e+02
Adam [  199] loss: 1.0453e-01
Adam [    0] loss: 1.8224e+02
Adam [  199] loss: 2.5512e+00
Adam [    0] loss: 2.9292e+01
Adam [  199] loss: 2.1832e-01
Adam [    0] loss: 9.6693e+01
Adam [  199] loss: 2.6803e-02
Adam [    0] loss: 4.8142e+01
Adam [  199] loss: 1.2364e-01
Adam [    0] loss: 5.2642e+01
Adam [  199] loss: 1.5866e-01
Adam [    0] loss: 9.7204e+01
Adam [  199] loss: 5.1020e-01
Adam [    0] loss: 1.8373e+02
Adam [  199] loss: 1.9181e-01
Adam [    0] loss: 1.0082e+02
Adam [  199] loss: 1.7925e-02
Adam [    0] loss: 4.5431e+01
Adam [  199] loss: 1.1328e-02
Adam [    0] loss: 5.3311e+01
Adam [  199] loss: 2.0479e-02
Adam [    0] loss: 5.0091e+01
Adam [  199] loss: 1.1769e-02
Adam [    0] loss: 1.0982e+02
Adam [  199] loss: 2.7404e-02
Adam [    0] loss: 2.3615e+02
Adam [  199] loss: 5.2392e-02
Adam [    0] loss: 4.4690e+01
Adam [  199] loss: 2.0654e-02
Adam [    0] loss: 2.8096e+01
Adam [  199] loss: 1.1254e-02
Adam [    0] loss: 8.2592e+00
/usr/local/lib/python3.12/dist-packages/torch/cuda/__init__.py:129: UserWarning: CUDA initialization: Unexpected error from cudaGetDeviceCount(). Did you run some cuda functions before calling NumCudaDevices() that might have already set an error? Error 304: OS call failed or operation not supported on this OS (Triggered internally at /opt/pytorch/pytorch/c10/cuda/CUDAFunctions.cpp:108.)
  return torch._C._cuda_getDeviceCount() > 0
Starting NSGA-II architecture search (2D Burgers)
Adam [    0] loss: 8.2359e+01
Starting NSGA-II architecture search (2D Burgers)
Adam [    0] loss: 8.2359e+01
Adam [  199] loss: 3.7266e-02
Adam [    0] loss: 1.9010e+01
Adam [  199] loss: 1.3999e-02
Adam [    0] loss: 9.5326e+01
Adam [  199] loss: 3.9492e-01
Adam [    0] loss: 7.4956e+01
Adam [  199] loss: 1.1429e-02
Adam [    0] loss: 1.9751e+01
Adam [  199] loss: 1.4379e-02
Adam [    0] loss: 1.3730e+02
Adam [  199] loss: 3.9627e-01
Adam [    0] loss: 4.3388e+01
Starting NSGA-II architecture search (2D Burgers)
Adam [    0] loss: 8.2359e+01
Adam [  199] loss: 3.7266e-02
Adam [    0] loss: 1.9010e+01
Adam [  199] loss: 1.3999e-02
Adam [    0] loss: 9.5326e+01
Adam [  199] loss: 3.9492e-01
Adam [    0] loss: 7.4956e+01
Adam [  199] loss: 1.1429e-02
Adam [    0] loss: 1.9751e+01
Adam [  199] loss: 1.4379e-02
Adam [    0] loss: 1.3730e+02
Adam [  199] loss: 3.9627e-01
Adam [    0] loss: 4.3388e+01
Adam [  199] loss: 1.3806e-01
Adam [    0] loss: 2.0901e+02
Adam [  199] loss: 1.5102e-01
Adam [    0] loss: 1.3912e+02
Adam [  199] loss: 1.9416e-01
Adam [    0] loss: 2.9902e+01
Adam [  199] loss: 2.7711e-01
Adam [    0] loss: 4.1766e+01
Adam [  199] loss: 4.3317e-01
Adam [    0] loss: 4.9329e+01
Adam [  199] loss: 1.3460e-02
Adam [    0] loss: 9.4421e+01
Adam [  199] loss: 8.5502e-02
Adam [    0] loss: 1.0785e+02
Adam [  199] loss: 4.9831e-01
Adam [    0] loss: 2.4964e+01
Adam [  199] loss: 7.9553e-03
Adam [    0] loss: 1.0429e+02
Adam [  199] loss: 2.0717e-02
Adam [    0] loss: 1.0158e+02
Adam [  199] loss: 2.3000e+00
Adam [    0] loss: 3.8234e+01
Adam [  199] loss: 4.7985e-02
Adam [    0] loss: 6.1794e+01
Adam [  199] loss: 2.6650e-02
Adam [    0] loss: 7.0610e+01
Adam [  199] loss: 1.4175e-01
Adam [    0] loss: 7.4191e+01
Adam [  199] loss: 3.4886e-01
Adam [    0] loss: 1.1467e+02
Adam [  199] loss: 2.9606e-02
Adam [    0] loss: 5.8689e+01
Adam [  199] loss: 6.9748e-02
Adam [    0] loss: 4.8333e+01
Adam [  199] loss: 3.5859e-01
Adam [    0] loss: 1.4311e+02
Adam [  199] loss: 2.2623e-01
Adam [    0] loss: 1.8344e+02
Adam [  199] loss: 5.0388e-01
Adam [    0] loss: 3.3510e+01
Adam [  199] loss: 2.5437e-02
Adam [    0] loss: 3.7939e+01
Adam [  199] loss: 8.4544e-03
Adam [    0] loss: 2.3909e+01
Adam [  199] loss: 3.6191e-02
Adam [    0] loss: 1.9362e+02
Adam [  199] loss: 1.8846e-01
==========================================================
n_gen  |  n_eval  | n_nds  |      eps      |   indicator  
==========================================================
     1 |       30 |      6 |             - |             -
Adam [    0] loss: 5.2049e+01
Adam [  199] loss: 1.2331e-02
Adam [    0] loss: 2.7533e+02
Adam [  199] loss: 1.0453e-01
Adam [    0] loss: 1.8224e+02
Adam [  199] loss: 2.5512e+00
Adam [    0] loss: 2.9292e+01
Adam [  199] loss: 2.1832e-01
Adam [    0] loss: 9.6693e+01
Adam [  199] loss: 2.6803e-02
Adam [    0] loss: 4.8142e+01
Adam [  199] loss: 1.2364e-01
Adam [    0] loss: 5.2642e+01
Adam [  199] loss: 1.5866e-01
Adam [    0] loss: 9.7204e+01
Adam [  199] loss: 5.1020e-01
Adam [    0] loss: 1.8373e+02
Adam [  199] loss: 1.9181e-01
Adam [    0] loss: 1.0082e+02
Adam [  199] loss: 1.7925e-02
Adam [    0] loss: 4.5431e+01
Adam [  199] loss: 1.1328e-02
Adam [    0] loss: 5.3311e+01
Adam [  199] loss: 2.0479e-02
Adam [    0] loss: 5.0091e+01
Adam [  199] loss: 1.1769e-02
Adam [    0] loss: 1.0982e+02
Adam [  199] loss: 2.7404e-02
Adam [    0] loss: 2.3615e+02
Adam [  199] loss: 5.2392e-02
Adam [    0] loss: 4.4690e+01
Adam [  199] loss: 2.0654e-02
Adam [    0] loss: 2.8096e+01
Adam [  199] loss: 1.1254e-02
Adam [    0] loss: 8.2592e+00
Adam [  199] loss: 1.2766e-02
Adam [    0] loss: 2.9882e+01
Adam [  199] loss: 1.6842e-02
Adam [    0] loss: 3.0302e+01
Adam [  199] loss: 1.2207e-02
Adam [    0] loss: 2.8132e+01
Adam [  199] loss: 3.8614e-02
Adam [    0] loss: 3.5116e+01
Adam [  199] loss: 2.6534e-02
Adam [    0] loss: 2.5225e+02
Adam [  199] loss: 4.6389e-01
Adam [    0] loss: 4.5561e+01
Adam [  199] loss: 4.8481e-02
Adam [    0] loss: 3.9420e+01
Adam [  199] loss: 1.6253e+00
Adam [    0] loss: 4.0978e+01
Adam [  199] loss: 2.4396e-02
Adam [    0] loss: 1.5591e+01
Adam [  199] loss: 6.8635e-02
Adam [    0] loss: 1.3202e+02
Adam [  199] loss: 1.5604e-01
Adam [    0] loss: 7.8079e+01
Adam [  199] loss: 4.3547e-01
Adam [    0] loss: 5.7410e+01
Adam [  199] loss: 9.9674e-03
     2 |       60 |     10 |  0.0493325332 |             f
Adam [    0] loss: 4.8466e+01
Adam [  199] loss: 8.4087e-03
Adam [    0] loss: 9.4976e+01
Adam [  199] loss: 1.2559e-02
Adam [    0] loss: 7.1772e+01
Adam [  199] loss: 1.1927e-01
Adam [    0] loss: 6.1738e+01
Adam [  199] loss: 2.7043e-02
Adam [    0] loss: 3.1813e+01
Adam [  199] loss: 2.6355e-02
Adam [    0] loss: 3.4237e+02
Adam [  199] loss: 5.6611e-01
Adam [    0] loss: 7.5020e+01
Adam [  199] loss: 3.1456e-02
Adam [    0] loss: 3.8096e+01
Adam [  199] loss: 2.7288e-02
Adam [    0] loss: 1.1760e+02
Adam [  199] loss: 3.6902e-01
Adam [    0] loss: 4.9730e+01
Adam [  199] loss: 3.2433e-01
Adam [    0] loss: 4.0422e+01
Adam [  199] loss: 9.5540e-02
Adam [    0] loss: 4.0354e+01
Adam [  199] loss: 1.3943e-02
Adam [    0] loss: 6.7105e+01
Adam [  199] loss: 1.2994e-01
Adam [    0] loss: 2.3513e+01
Adam [  199] loss: 1.5984e-01
Adam [    0] loss: 6.3213e+01
Adam [  199] loss: 1.3134e-01
Adam [    0] loss: 5.5803e+01
Adam [  199] loss: 2.3815e-01
Adam [    0] loss: 2.1475e+01
Adam [  199] loss: 1.7563e-02
Adam [    0] loss: 1.1359e+02
Adam [  199] loss: 3.6682e-01
Adam [    0] loss: 8.7037e+01
Adam [  199] loss: 4.0125e-01
Adam [    0] loss: 3.1720e+01
Adam [  199] loss: 1.4726e-02
Adam [    0] loss: 1.8856e+02
Adam [  199] loss: 3.7612e-02
Adam [    0] loss: 4.7892e+01
Adam [  199] loss: 4.4968e-02
Adam [    0] loss: 1.9900e+02
Adam [  199] loss: 3.7153e-01
Adam [    0] loss: 5.9532e+01
Adam [  199] loss: 2.5075e-01
Adam [    0] loss: 4.5586e+01
Adam [  199] loss: 4.3370e-02
Adam [    0] loss: 1.5892e+02
Adam [  199] loss: 1.0026e-01
Adam [    0] loss: 1.1064e+02
Adam [  199] loss: 2.6194e-02
Adam [    0] loss: 7.3704e+01
Adam [  199] loss: 2.2038e-01
Adam [    0] loss: 4.3491e+01
Adam [  199] loss: 2.1159e-02
Adam [    0] loss: 4.6708e+01
Adam [  199] loss: 1.6023e-01
     3 |       90 |      9 |  3.0655047364 |         nadir
Adam [    0] loss: 8.9459e+01
Adam [  199] loss: 3.5915e-01
Adam [    0] loss: 8.1145e+01
Adam [  199] loss: 5.9332e-01
Adam [    0] loss: 8.5737e+01
Adam [  199] loss: 2.1127e-02
Adam [    0] loss: 3.1866e+01
Adam [  199] loss: 2.9100e-02
Adam [    0] loss: 1.6066e+02
Adam [  199] loss: 9.9537e-01
Adam [    0] loss: 2.1599e+02
Adam [  199] loss: 1.0728e+00
Adam [    0] loss: 1.5067e+01
Adam [  199] loss: 7.8360e-03
Adam [    0] loss: 6.2848e+01
Adam [  199] loss: 2.9941e-01
Adam [    0] loss: 3.5323e+01
Adam [  199] loss: 8.6943e-03
Adam [    0] loss: 1.3785e+01
Adam [  199] loss: 3.1500e-02
Adam [    0] loss: 2.2896e+02
Adam [  199] loss: 7.6617e-02
Adam [    0] loss: 2.5976e+02
Adam [  199] loss: 5.0554e-01
Adam [    0] loss: 4.9835e+01
Adam [  199] loss: 3.3197e-01
Adam [    0] loss: 9.8145e+01
Adam [  199] loss: 2.5173e-01
Adam [    0] loss: 3.2754e+02
Adam [  199] loss: 1.8327e-01
Adam [    0] loss: 3.9961e+01
Adam [  199] loss: 9.7898e-02
Adam [    0] loss: 3.2488e+01
Adam [  199] loss: 1.1013e-01
Adam [    0] loss: 4.9045e+01
Adam [  199] loss: 1.1623e-02
Adam [    0] loss: 7.2209e+01
Adam [  199] loss: 3.5012e-02
Adam [    0] loss: 1.2269e+02
Adam [  199] loss: 3.0191e-01
Adam [    0] loss: 1.0400e+02
Adam [  199] loss: 1.2515e-01
Adam [    0] loss: 1.1982e+02
Adam [  199] loss: 7.0006e-02
Adam [    0] loss: 3.3015e+01
Adam [  199] loss: 1.0513e-02
Adam [    0] loss: 6.3080e+01
Adam [  199] loss: 1.0035e-01
Adam [    0] loss: 2.1309e+02
Adam [  199] loss: 2.0375e-01
Adam [    0] loss: 6.7219e+01
Adam [  199] loss: 1.8076e-02
Adam [    0] loss: 8.6069e+01
Adam [  199] loss: 1.2712e-01
Adam [    0] loss: 3.4699e+01
Adam [  199] loss: 1.2635e-02
Adam [    0] loss: 4.6701e+01
Adam [  199] loss: 2.4124e-02
Adam [    0] loss: 2.3690e+01
Adam [  199] loss: 7.8600e-03
     4 |      120 |      7 |  0.0042842823 |         ideal
Adam [    0] loss: 5.5798e+01
Adam [  199] loss: 1.5630e-02
Adam [    0] loss: 3.7079e+01
Adam [  199] loss: 5.8276e-02
Adam [    0] loss: 7.1326e+01
Adam [  199] loss: 3.1564e-01
Adam [    0] loss: 1.1413e+02
Adam [  199] loss: 2.4636e-02
Adam [    0] loss: 9.3303e+01
Adam [  199] loss: 9.6503e-02
Adam [    0] loss: 6.8243e+01
Adam [  199] loss: 7.7771e-02
Adam [    0] loss: 4.4320e+01
Adam [  199] loss: 7.9333e-01
Adam [    0] loss: 2.8339e+01
Adam [  199] loss: 3.4302e-01
Adam [    0] loss: 3.5196e+02
Adam [  199] loss: 6.1756e-01
Adam [    0] loss: 7.3830e+01
Adam [  199] loss: 9.2324e-02
Adam [    0] loss: 8.3330e+01
Adam [  199] loss: 6.2575e-01
Adam [    0] loss: 2.7238e+01
Adam [  199] loss: 1.0174e-01
Adam [    0] loss: 6.3292e+01
Adam [  199] loss: 2.6416e-01
Adam [    0] loss: 1.4565e+02
Adam [  199] loss: 7.9274e-02
Adam [    0] loss: 2.8254e+01
Adam [  199] loss: 6.6244e-02
Adam [    0] loss: 4.4850e+01
Adam [  199] loss: 8.0838e-03
Adam [    0] loss: 4.7304e+01
Adam [  199] loss: 3.1386e-01
Adam [    0] loss: 3.7967e+01
Adam [  199] loss: 1.6631e-02
Adam [    0] loss: 4.0201e+01
Adam [  199] loss: 1.6214e-01
Adam [    0] loss: 5.2383e+01
Adam [  199] loss: 6.9057e-01
Adam [    0] loss: 3.8446e+01
Adam [  199] loss: 5.9177e-03
Adam [    0] loss: 5.3263e+01
Adam [  199] loss: 1.5566e-01
Adam [    0] loss: 3.5666e+01
Adam [  199] loss: 1.1771e-01
Adam [    0] loss: 3.6922e+01
Adam [  199] loss: 2.3675e-01
Adam [    0] loss: 8.1602e+01
Adam [  199] loss: 1.1075e-01
Adam [    0] loss: 4.2026e+01
Adam [  199] loss: 1.2353e-01
Adam [    0] loss: 1.0055e+02
Adam [  199] loss: 6.9215e-01
Adam [    0] loss: 1.0157e+02
Adam [  199] loss: 7.2937e-02
Adam [    0] loss: 7.9202e+01
Adam [  199] loss: 3.9295e-01
Adam [    0] loss: 2.3421e+02
Adam [  199] loss: 3.8109e-02
     5 |      150 |      7 |  0.0318886779 |         ideal
Adam [    0] loss: 5.5184e+01
Adam [  199] loss: 3.9683e-01
Adam [    0] loss: 1.7769e+01
Adam [  199] loss: 2.0916e-01
Adam [    0] loss: 3.8865e+01
Adam [  199] loss: 1.1223e+00
Adam [    0] loss: 9.3381e+01
Adam [  199] loss: 1.0042e+00
Adam [    0] loss: 4.1485e+01
Adam [  199] loss: 7.9750e-02
Adam [    0] loss: 4.0738e+01
Adam [  199] loss: 1.8651e-01
Adam [    0] loss: 3.7991e+01
Adam [  199] loss: 1.2937e-02
Adam [    0] loss: 7.6563e+01
Adam [  199] loss: 5.6313e-01
Adam [    0] loss: 2.4169e+01
Adam [  199] loss: 2.0572e-02
Adam [    0] loss: 2.8532e+02
Adam [  199] loss: 4.0553e-01
Adam [    0] loss: 3.8333e+01
Adam [  199] loss: 1.1496e-02
Adam [    0] loss: 6.5094e+01
Adam [  199] loss: 1.7695e-02
Adam [    0] loss: 1.2942e+02
Adam [  199] loss: 4.1193e-01
Adam [    0] loss: 8.3257e+01
Adam [  199] loss: 5.4358e-02
Adam [    0] loss: 7.2951e+01
Adam [  199] loss: 1.4602e-01
Adam [    0] loss: 1.1936e+02
Adam [  199] loss: 1.9019e-01
Adam [    0] loss: 8.9244e+01
Adam [  199] loss: 7.1877e-01
Adam [    0] loss: 1.1725e+02
Adam [  199] loss: 2.4515e-01
Adam [    0] loss: 1.7890e+02
Adam [  199] loss: 5.0570e-02
Adam [    0] loss: 1.1824e+02
Adam [  199] loss: 1.6421e-01
Adam [    0] loss: 1.0146e+02
Adam [  199] loss: 1.2358e-01
Adam [    0] loss: 1.6049e+02
Adam [  199] loss: 4.6094e-01
Adam [    0] loss: 2.9615e+01
Adam [  199] loss: 1.1376e-02
Adam [    0] loss: 6.2351e+01
Adam [  199] loss: 1.5596e-02
Adam [    0] loss: 8.0019e+01
Adam [  199] loss: 6.9446e-02
Adam [    0] loss: 3.9301e+01
Adam [  199] loss: 3.9769e-02
Adam [    0] loss: 2.6522e+01
Adam [  199] loss: 1.7651e-01
Adam [    0] loss: 8.6274e+01
Adam [  199] loss: 4.1301e-02
Adam [    0] loss: 2.6854e+01
Adam [  199] loss: 9.9122e-02
Adam [    0] loss: 5.8077e+01
Adam [  199] loss: 1.1831e-01
     6 |      180 |      7 |  0.0150042311 |             f
Adam [    0] loss: 6.6222e+01
Adam [  199] loss: 1.2623e-02
Adam [    0] loss: 1.8941e+01
Adam [  199] loss: 6.8233e-02
Adam [    0] loss: 1.0808e+02
Adam [  199] loss: 7.4429e-02
Adam [    0] loss: 5.8454e+01
Adam [  199] loss: 2.7575e-02
Adam [    0] loss: 1.8494e+02
Adam [  199] loss: 2.3599e-01
Adam [    0] loss: 7.6023e+01
Adam [  199] loss: 2.7592e-01
Adam [    0] loss: 1.7637e+01
Adam [  199] loss: 1.8049e-02
Adam [    0] loss: 3.6353e+01
Adam [  199] loss: 2.5773e-02
Adam [    0] loss: 3.6013e+01
Adam [  199] loss: 2.2465e-02
Adam [    0] loss: 3.5140e+01
Adam [  199] loss: 6.4072e-02
Adam [    0] loss: 4.4340e+02
Adam [  199] loss: 5.2856e-01
Adam [    0] loss: 1.5106e+01
Adam [  199] loss: 1.8572e-02
Adam [    0] loss: 4.2765e+01
Adam [  199] loss: 1.4757e-02
Adam [    0] loss: 3.5517e+02
Adam [  199] loss: 4.3279e-01
Adam [    0] loss: 1.6793e+01
Adam [  199] loss: 7.4704e-03
Adam [    0] loss: 1.4430e+02
Adam [  199] loss: 4.5179e-01
Adam [    0] loss: 5.0025e+01
Adam [  199] loss: 7.9211e-02
Adam [    0] loss: 1.2492e+02
Adam [  199] loss: 2.5815e-01
Adam [    0] loss: 3.3430e+01
Adam [  199] loss: 1.0980e-02
Adam [    0] loss: 1.6988e+02
Adam [  199] loss: 1.6888e+00
Adam [    0] loss: 1.2589e+02
Adam [  199] loss: 2.1644e-02
Adam [    0] loss: 6.1641e+01
Adam [  199] loss: 9.0405e-03
Adam [    0] loss: 4.1304e+01
Adam [  199] loss: 9.7757e-03
Adam [    0] loss: 4.6398e+01
Adam [  199] loss: 1.1983e-01
Adam [    0] loss: 1.2283e+02
Adam [  199] loss: 1.8911e-01
Adam [    0] loss: 8.0433e+01
Adam [  199] loss: 1.5420e-01
Adam [    0] loss: 5.0160e+01
Adam [  199] loss: 7.7897e-02
Adam [    0] loss: 1.0926e+02
Adam [  199] loss: 6.5936e-02
Adam [    0] loss: 7.2600e+01
Adam [  199] loss: 4.5231e-02
Adam [    0] loss: 1.0901e+02
Adam [  199] loss: 1.6604e-01
     7 |      210 |      8 |  0.0299891194 |             f
Adam [    0] loss: 7.6423e+01
Adam [  199] loss: 1.0995e-01
Adam [    0] loss: 6.2027e+01
Adam [  199] loss: 1.6569e-01
Adam [    0] loss: 2.2822e+01
Adam [  199] loss: 6.8855e-02
Adam [    0] loss: 2.0950e+01
Adam [  199] loss: 8.1952e-02
Adam [    0] loss: 4.6139e+01
Adam [  199] loss: 4.0916e-01
Adam [    0] loss: 9.6060e+01
Adam [  199] loss: 4.5484e-01
Adam [    0] loss: 4.6605e+01
Adam [  199] loss: 1.9641e-02
Adam [    0] loss: 3.8299e+01
Adam [  199] loss: 7.5298e-03
Adam [    0] loss: 9.7040e+01
Adam [  199] loss: 2.3943e-02
Adam [    0] loss: 1.2477e+01
Adam [  199] loss: 2.5763e-02
Adam [    0] loss: 9.8436e+01
Adam [  199] loss: 4.2991e-01
Adam [    0] loss: 1.8217e+01
Adam [  199] loss: 7.8867e-03
Adam [    0] loss: 1.0313e+02
Adam [  199] loss: 1.3317e-01
Adam [    0] loss: 3.6508e+01
Adam [  199] loss: 3.8167e-02
Adam [    0] loss: 7.5739e+01
Adam [  199] loss: 1.4821e+00
Adam [    0] loss: 9.5620e+00
Adam [  199] loss: 7.7488e-01
Adam [    0] loss: 3.5658e+01
Adam [  199] loss: 4.2680e-01
Adam [    0] loss: 2.1001e+02
Adam [  199] loss: 6.2571e-01
Adam [    0] loss: 2.2191e+01
Adam [  199] loss: 1.4605e-02
Adam [    0] loss: 3.0797e+01
Adam [  199] loss: 1.4328e-02
Adam [    0] loss: 5.6344e+01
Adam [  199] loss: 1.5099e-01
Adam [    0] loss: 1.2656e+02
Adam [  199] loss: 8.5743e-02
Adam [    0] loss: 4.8704e+01
Adam [  199] loss: 1.2583e-01
Adam [    0] loss: 8.0655e+01
Adam [  199] loss: 1.0230e+00
Adam [    0] loss: 7.4809e+01
Adam [  199] loss: 8.5876e-02
Adam [    0] loss: 4.0028e+01
Adam [  199] loss: 2.4605e-01
Adam [    0] loss: 1.6483e+02
Adam [  199] loss: 1.2025e-01
Adam [    0] loss: 1.8278e+02
Adam [  199] loss: 1.7695e-01
Adam [    0] loss: 9.6830e+01
Adam [  199] loss: 1.5047e-01
Adam [    0] loss: 4.6385e+01
Adam [  199] loss: 1.5357e-02
     8 |      240 |     12 |  0.0190522157 |         ideal
Adam [    0] loss: 9.8690e+01
Adam [  199] loss: 4.7071e-02
Adam [    0] loss: 2.2445e+01
Adam [  199] loss: 6.2708e-02
Adam [    0] loss: 1.9731e+02
Adam [  199] loss: 4.6251e-01
Adam [    0] loss: 6.9076e+01
Adam [  199] loss: 2.8685e-02
Adam [    0] loss: 8.2283e+01
Adam [  199] loss: 1.1756e-02
Adam [    0] loss: 1.4199e+01
Adam [  199] loss: 9.8225e-03
Adam [    0] loss: 6.0405e+01
Adam [  199] loss: 7.8048e-03
Adam [    0] loss: 7.8369e+01
Adam [  199] loss: 3.0337e-02
Adam [    0] loss: 2.5416e+01
Adam [  199] loss: 9.2691e-03
Adam [    0] loss: 4.4300e+02
Adam [  199] loss: 3.4158e-01
Adam [    0] loss: 5.9844e+01
Adam [  199] loss: 2.5749e-02
Adam [    0] loss: 2.1542e+01
Adam [  199] loss: 2.0121e-02
Adam [    0] loss: 4.3286e+01
Adam [  199] loss: 3.2756e-02
Adam [    0] loss: 5.1070e+01
Adam [  199] loss: 1.9600e-01
Adam [    0] loss: 2.4680e+01
Adam [  199] loss: 3.9541e-02
Adam [    0] loss: 4.9412e+01
Adam [  199] loss: 1.0237e-02
Adam [    0] loss: 2.2801e+02
Adam [  199] loss: 1.2928e-01
Adam [    0] loss: 1.6338e+01
Adam [  199] loss: 1.6239e-01
Adam [    0] loss: 8.1128e+01
Adam [  199] loss: 1.4816e-01
Adam [    0] loss: 4.3116e+01
Adam [  199] loss: 2.1258e-02
Adam [    0] loss: 1.0445e+02
Adam [  199] loss: 7.5495e-02
Adam [    0] loss: 1.2438e+01
Adam [  199] loss: 9.8396e-02
Adam [    0] loss: 3.3142e+01
Adam [  199] loss: 2.4096e-02
Adam [    0] loss: 9.5471e+01
Adam [  199] loss: 1.2017e-02
Adam [    0] loss: 3.2346e+01
Adam [  199] loss: 4.8471e-02
Adam [    0] loss: 4.1924e+01
Adam [  199] loss: 4.8676e-02
Adam [    0] loss: 9.4092e+01
Adam [  199] loss: 4.7952e-01
Adam [    0] loss: 7.1894e+01
Adam [  199] loss: 1.2858e-01
Adam [    0] loss: 1.7632e+01
Adam [  199] loss: 2.9206e-02
Adam [    0] loss: 2.5395e+01
Adam [  199] loss: 5.4196e-02
     9 |      270 |      9 |  2.186638E+01 |         nadir
Adam [    0] loss: 8.5142e+01
Adam [  199] loss: 2.6288e-02
Adam [    0] loss: 1.4609e+02
Adam [  199] loss: 1.2223e-01
Adam [    0] loss: 1.0134e+02
Adam [  199] loss: 1.3597e-02
Adam [    0] loss: 4.4440e+01
Adam [  199] loss: 5.2929e-01
Adam [    0] loss: 1.9634e+02
Adam [  199] loss: 1.1889e-01
Adam [    0] loss: 8.3862e+01
Adam [  199] loss: 4.6778e-01
Adam [    0] loss: 5.7982e+01
Adam [  199] loss: 5.4612e-01
Adam [    0] loss: 4.6798e+01
Adam [  199] loss: 4.2533e-02
Adam [    0] loss: 1.1427e+01
Adam [  199] loss: 4.0457e-01
Adam [    0] loss: 1.8738e+02
Adam [  199] loss: 1.8959e-01
Adam [    0] loss: 2.4130e+01
Adam [  199] loss: 6.4724e-03
Adam [    0] loss: 6.0348e+01
Adam [  199] loss: 1.9532e-02
Adam [    0] loss: 4.4859e+01
Adam [  199] loss: 1.6705e-02
Adam [    0] loss: 3.6937e+02
Adam [  199] loss: 1.3444e+00
Adam [    0] loss: 4.8939e+01
Adam [  199] loss: 2.6341e-02
Adam [    0] loss: 9.4387e+01
Adam [  199] loss: 3.7461e-01
Adam [    0] loss: 6.6874e+01
Adam [  199] loss: 1.9717e-02
Adam [    0] loss: 3.8535e+01
Adam [  199] loss: 6.6733e-02
Adam [    0] loss: 6.3167e+01
Adam [  199] loss: 7.3671e-02
Adam [    0] loss: 7.3215e+01
Adam [  199] loss: 5.5736e-01
Adam [    0] loss: 1.0268e+02
Adam [  199] loss: 8.5159e-01
Adam [    0] loss: 6.1811e+01
Adam [  199] loss: 1.1809e-02
Adam [    0] loss: 2.3647e+01
Adam [  199] loss: 9.1120e-02
Adam [    0] loss: 1.5356e+02
Adam [  199] loss: 1.8348e-01
Adam [    0] loss: 4.5538e+01
Adam [  199] loss: 2.9173e-01
Adam [    0] loss: 1.9448e+02
Adam [  199] loss: 9.4411e-02
Adam [    0] loss: 4.6324e+01
Adam [  199] loss: 8.6057e-03
Adam [    0] loss: 7.4255e+01
Adam [  199] loss: 2.4688e-02
Adam [    0] loss: 5.2867e+01
Adam [  199] loss: 1.0794e-02
Adam [    0] loss: 4.5606e+01
Adam [  199] loss: 5.8419e-02
    10 |      300 |      9 |  0.000000E+00 |             f
Adam [    0] loss: 9.3148e+01
Adam [  199] loss: 1.1697e-01
Adam [    0] loss: 4.7819e+01
Adam [  199] loss: 2.0817e-01
Adam [    0] loss: 4.7964e+01
Adam [  199] loss: 7.6383e-03
Adam [    0] loss: 7.1894e+01
Adam [  199] loss: 4.3271e-01
Adam [    0] loss: 4.8200e+01
Adam [  199] loss: 6.0746e-02
Adam [    0] loss: 1.2678e+02
Adam [  199] loss: 5.9130e-01
Adam [    0] loss: 6.4491e+01
Adam [  199] loss: 1.5666e-02
Adam [    0] loss: 4.9215e+01
Adam [  199] loss: 4.0873e-02
Adam [    0] loss: 5.2883e+01
Adam [  199] loss: 2.9573e-02
Adam [    0] loss: 6.2917e+01
Adam [  199] loss: 3.9994e-01
Adam [    0] loss: 5.9365e+01
Adam [  199] loss: 1.5227e-02
Adam [    0] loss: 9.6312e+01
Adam [  199] loss: 9.1384e-01
Adam [    0] loss: 1.5538e+02
Adam [  199] loss: 1.1480e-01
Adam [    0] loss: 5.8016e+01
Adam [  199] loss: 1.1773e-01
Adam [    0] loss: 1.2398e+02
Adam [  199] loss: 8.8873e-02
Adam [    0] loss: 7.5888e+01
Adam [  199] loss: 1.8336e-01
Adam [    0] loss: 5.3170e+01
Adam [  199] loss: 2.9746e-01
Adam [    0] loss: 4.6026e+01
Adam [  199] loss: 9.0991e-03
Adam [    0] loss: 3.5782e+02
Adam [  199] loss: 2.2682e+00
Adam [    0] loss: 2.5758e+01
Adam [  199] loss: 1.9959e-01
Adam [    0] loss: 1.0055e+02
Adam [  199] loss: 2.0807e-02
Adam [    0] loss: 1.6528e+02
Adam [  199] loss: 1.5818e-01
Adam [    0] loss: 6.6358e+01
Adam [  199] loss: 1.4105e-01
Adam [    0] loss: 2.5204e+01
Adam [  199] loss: 2.7349e-02
Adam [    0] loss: 2.5862e+02
Adam [  199] loss: 1.8621e+00
Adam [    0] loss: 1.7360e+01
Adam [  199] loss: 1.7157e-01
Adam [    0] loss: 1.7041e+02
Adam [  199] loss: 6.2836e-02
Adam [    0] loss: 9.9019e+01
Adam [  199] loss: 1.3483e-02
Adam [    0] loss: 3.4349e+01
Adam [  199] loss: 4.6829e-01
Adam [    0] loss: 2.5854e+01
Adam [  199] loss: 4.3327e-01
    11 |      330 |      9 |  0.000000E+00 |             f
Adam [    0] loss: 1.3464e+02
Adam [  199] loss: 2.8144e-01
Adam [    0] loss: 6.0424e+01
Adam [  199] loss: 3.3297e-01
Adam [    0] loss: 1.6637e+02
Adam [  199] loss: 1.4560e+00
Adam [    0] loss: 1.8725e+02
Adam [  199] loss: 4.9425e-01
Adam [    0] loss: 4.9321e+01
Adam [  199] loss: 5.1040e-01
Adam [    0] loss: 3.5042e+01
Adam [  199] loss: 2.3311e-02
Adam [    0] loss: 7.1586e+01
Adam [  199] loss: 9.6345e-02
Adam [    0] loss: 4.5392e+01
Adam [  199] loss: 1.9125e-02
Adam [    0] loss: 1.1057e+02
Adam [  199] loss: 1.4173e-01
Adam [    0] loss: 2.8782e+01
Adam [  199] loss: 1.1509e-02
Adam [    0] loss: 1.5120e+01
Adam [  199] loss: 1.4490e-01
Adam [    0] loss: 6.8127e+01
Adam [  199] loss: 7.6526e-02
Adam [    0] loss: 6.9595e+01
Adam [  199] loss: 1.2349e-01
Adam [    0] loss: 6.5860e+01
Adam [  199] loss: 2.0584e+00
Adam [    0] loss: 5.5253e+01
Adam [  199] loss: 4.0955e-02
Adam [    0] loss: 4.3576e+01
Adam [  199] loss: 1.4814e+00
Adam [    0] loss: 4.5381e+01
Adam [  199] loss: 8.4264e-03
Adam [    0] loss: 4.1560e+01
Adam [  199] loss: 8.0516e-03
Adam [    0] loss: 6.0843e+01
Adam [  199] loss: 1.2438e-01
Adam [    0] loss: 5.6145e+01
Adam [  199] loss: 1.9826e-01
Adam [    0] loss: 1.2389e+02
Adam [  199] loss: 9.9005e-02
Adam [    0] loss: 6.3826e+01
Adam [  199] loss: 3.4576e-02
Adam [    0] loss: 5.0931e+01
Adam [  199] loss: 1.0094e-01
Adam [    0] loss: 6.9470e+01
Adam [  199] loss: 4.3236e-01
Adam [    0] loss: 2.3129e+01
Adam [  199] loss: 1.3369e-01
Adam [    0] loss: 1.3857e+01
Adam [  199] loss: 2.3536e-02
Adam [    0] loss: 3.3572e+01
Adam [  199] loss: 2.4291e-01
Adam [    0] loss: 3.6114e+01
Adam [  199] loss: 1.5352e-02
Adam [    0] loss: 4.6953e+01
Adam [  199] loss: 8.8254e-02
Adam [    0] loss: 4.6539e+01
Adam [  199] loss: 7.2066e-02
    12 |      360 |      9 |  0.000000E+00 |             f
Adam [    0] loss: 1.3246e+02
Adam [  199] loss: 2.6677e+00
Adam [    0] loss: 1.9578e+01
Adam [  199] loss: 6.4036e-02
Adam [    0] loss: 5.8356e+01
Adam [  199] loss: 2.4858e-02
Adam [    0] loss: 7.8824e+01
Adam [  199] loss: 3.2761e-01
Adam [    0] loss: 1.7317e+02
Adam [  199] loss: 7.0178e-01
Adam [    0] loss: 7.0284e+01
Adam [  199] loss: 3.3993e-02
Adam [    0] loss: 3.0452e+01
Adam [  199] loss: 1.0683e-02
Adam [    0] loss: 6.0154e+01
Adam [  199] loss: 1.2265e-01
Adam [    0] loss: 2.0211e+01
Adam [  199] loss: 3.3820e-02
Adam [    0] loss: 5.9798e+01
Adam [  199] loss: 2.2159e-02
Adam [    0] loss: 7.4405e+01
Adam [  199] loss: 9.0515e-03
Adam [    0] loss: 6.2946e+01
Adam [  199] loss: 2.9633e-02
Adam [    0] loss: 1.7080e+02
Adam [  199] loss: 1.5689e+00
Adam [    0] loss: 4.6783e+01
Adam [  199] loss: 1.6189e-02
Adam [    0] loss: 1.1552e+02
Adam [  199] loss: 2.0252e-01
Adam [    0] loss: 4.5774e+01
Adam [  199] loss: 4.8380e-02
Adam [    0] loss: 7.7546e+01
Adam [  199] loss: 3.0749e-01
Adam [    0] loss: 4.1653e+01
Adam [  199] loss: 3.5698e-01
Adam [    0] loss: 9.6489e+01
Adam [  199] loss: 4.5174e-01
Adam [    0] loss: 7.8344e+01
Adam [  199] loss: 3.0370e-01
Adam [    0] loss: 7.2455e+01
Adam [  199] loss: 3.9473e-01
Adam [    0] loss: 1.5249e+01
Adam [  199] loss: 1.2354e-02
Adam [    0] loss: 7.7821e+01
Adam [  199] loss: 3.3100e-01
Adam [    0] loss: 2.7818e+02
Adam [  199] loss: 6.4365e-01
Adam [    0] loss: 7.5140e+01
Adam [  199] loss: 1.6686e-02
Adam [    0] loss: 1.6690e+02
Adam [  199] loss: 2.7639e-01
Adam [    0] loss: 1.0302e+02
Adam [  199] loss: 2.9707e-01
Adam [    0] loss: 2.2507e+02
Adam [  199] loss: 5.0939e-01
Adam [    0] loss: 3.8866e+01
Adam [  199] loss: 1.9093e-02
Adam [    0] loss: 1.9561e+01
Adam [  199] loss: 1.8374e-02
    13 |      390 |     10 |  0.2049919843 |         nadir
Adam [    0] loss: 4.4902e+01
Adam [  199] loss: 4.7238e-01
Adam [    0] loss: 1.4523e+02
Adam [  199] loss: 7.5748e-02
Adam [    0] loss: 4.2351e+01
Adam [  199] loss: 2.9658e-01
Adam [    0] loss: 3.0506e+02
Adam [  199] loss: 3.2054e+00
Adam [    0] loss: 5.9656e+01
Adam [  199] loss: 1.2665e-01
Adam [    0] loss: 2.2269e+01
Adam [  199] loss: 1.5196e-01
Adam [    0] loss: 4.4727e+01
Adam [  199] loss: 1.1351e-02
Adam [    0] loss: 5.8918e+01
Adam [  199] loss: 2.1243e-01
Adam [    0] loss: 2.3794e+01
Adam [  199] loss: 1.0647e-02
Adam [    0] loss: 2.6698e+01
Adam [  199] loss: 7.9960e-03
Adam [    0] loss: 3.6308e+01
Adam [  199] loss: 5.3460e-03
Adam [    0] loss: 7.1868e+01
Adam [  199] loss: 1.7071e-01
Adam [    0] loss: 4.5186e+01
Adam [  199] loss: 1.6100e-01
Adam [    0] loss: 1.5034e+02
Adam [  199] loss: 1.1513e-01
Adam [    0] loss: 1.1948e+02
Adam [  199] loss: 6.4453e-02
Adam [    0] loss: 1.4796e+02
Adam [  199] loss: 6.0887e-01
Adam [    0] loss: 8.9886e+01
Adam [  199] loss: 2.0367e+00
Adam [    0] loss: 2.1524e+01
Adam [  199] loss: 7.0502e-03
Adam [    0] loss: 2.3110e+01
Adam [  199] loss: 2.3269e-02
Adam [    0] loss: 8.7096e+01
Adam [  199] loss: 4.5531e-02
Adam [    0] loss: 2.6696e+01
Adam [  199] loss: 8.0002e-03
Adam [    0] loss: 4.4921e+01
Adam [  199] loss: 2.9343e-02
Adam [    0] loss: 8.2857e+01
Adam [  199] loss: 1.0129e-01
Adam [    0] loss: 4.0367e+01
Adam [  199] loss: 1.5479e-01
Adam [    0] loss: 1.2269e+02
Adam [  199] loss: 5.1178e-02
Adam [    0] loss: 2.0109e+01
Adam [  199] loss: 5.9683e-03
Adam [    0] loss: 4.0867e+01
Adam [  199] loss: 9.5363e-03
Adam [    0] loss: 3.5798e+01
Adam [  199] loss: 3.1536e-01
Adam [    0] loss: 4.3330e+01
Adam [  199] loss: 4.6151e-01
Adam [    0] loss: 1.8404e+02
Adam [  199] loss: 3.9351e-02
    14 |      420 |     10 |  0.0198818184 |         ideal
Adam [    0] loss: 6.2335e+01
Adam [  199] loss: 4.6320e-02
Adam [    0] loss: 2.0736e+01
Adam [  199] loss: 7.3244e-01
Adam [    0] loss: 1.0293e+02
Adam [  199] loss: 1.4707e-02
Adam [    0] loss: 1.1528e+02
Adam [  199] loss: 1.6183e-01
Adam [    0] loss: 3.4054e+02
Adam [  199] loss: 2.2514e-01
Adam [    0] loss: 3.5992e+01
Adam [  199] loss: 4.1969e-01
Adam [    0] loss: 8.6503e+01
Adam [  199] loss: 1.7319e-02
Adam [    0] loss: 9.8288e+01
Adam [  199] loss: 1.6458e-02
Adam [    0] loss: 3.2005e+01
Adam [  199] loss: 1.6050e-01
Adam [    0] loss: 3.2305e+02
Adam [  199] loss: 2.1667e+00
Adam [    0] loss: 6.0859e+01
Adam [  199] loss: 4.7664e-01
Adam [    0] loss: 2.8893e+01
Adam [  199] loss: 1.3444e-01
Adam [    0] loss: 1.2254e+02
Adam [  199] loss: 9.0065e-01
Adam [    0] loss: 1.2419e+02
Adam [  199] loss: 3.6374e-02
Adam [    0] loss: 2.1912e+02
Adam [  199] loss: 3.6028e-01
Adam [    0] loss: 1.6932e+01
Adam [  199] loss: 5.3426e-02
Adam [    0] loss: 1.0617e+02
Adam [  199] loss: 1.8548e-01
Adam [    0] loss: 1.1246e+02
Adam [  199] loss: 2.6666e-02
Adam [    0] loss: 4.6159e+01
Adam [  199] loss: 4.5677e-02
Adam [    0] loss: 9.9090e+01
Adam [  199] loss: 1.3880e-01
Adam [    0] loss: 1.5684e+01
Adam [  199] loss: 2.4940e-01
Adam [    0] loss: 1.5253e+02
Adam [  199] loss: 5.6786e-01
Adam [    0] loss: 8.6981e+00
Adam [  199] loss: 5.9164e-02
Adam [    0] loss: 5.3509e+01
Adam [  199] loss: 1.0381e-02
Adam [    0] loss: 4.9596e+01
Adam [  199] loss: 1.4409e-02
Adam [    0] loss: 2.2986e+01
Adam [  199] loss: 5.2608e-01
Adam [    0] loss: 9.4472e+01
Adam [  199] loss: 4.3270e-02
Adam [    0] loss: 5.7466e+01
Adam [  199] loss: 2.8703e-02
Adam [    0] loss: 5.9217e+01
Adam [  199] loss: 4.7195e-02
Adam [    0] loss: 1.2323e+02
Adam [  199] loss: 3.1127e-01
    15 |      450 |     10 |  0.000000E+00 |             f
Adam [    0] loss: 8.1690e+01
Adam [  199] loss: 2.2866e-02
Adam [    0] loss: 6.7999e+01
Adam [  199] loss: 1.4626e-01
Adam [    0] loss: 2.6284e+01
Adam [  199] loss: 2.7607e-01
Adam [    0] loss: 7.9865e+01
Adam [  199] loss: 3.4414e-01
Adam [    0] loss: 5.5915e+01
Adam [  199] loss: 9.5321e-01
Adam [    0] loss: 4.1619e+01
Adam [  199] loss: 1.5115e-02
Adam [    0] loss: 1.3748e+02
Adam [  199] loss: 1.8835e-02
Adam [    0] loss: 5.8234e+01
Adam [  199] loss: 9.0678e-03
Adam [    0] loss: 4.7101e+01
Adam [  199] loss: 1.2787e-02
Adam [    0] loss: 4.5418e+01
Adam [  199] loss: 3.6085e-02
Adam [    0] loss: 8.9912e+01
Adam [  199] loss: 1.1051e-01
Adam [    0] loss: 1.0774e+02
Adam [  199] loss: 5.4204e-01
Adam [    0] loss: 8.9575e+01
